Archive member included to satisfy reference by file (symbol)

libmbed.a(startup_RZ1AH.o)    (Reset_Handler)
libmbed.a(RZ_A1_Init.o)       libmbed.a(startup_RZ1AH.o) (RZ_A1_SetSramWriteEnable)
libmbed.a(mmu_Renesas_RZ_A1.o)
                              libmbed.a(startup_RZ1AH.o) (create_translation_table)
libmbed.a(system_MBRZA1H.o)   libmbed.a(startup_RZ1AH.o) (InitMemorySubsystem)
libmbed.a(gpio.o)             blinky.o (gpio_init_out)
libmbed.a(common.o)           blinky.o (__dso_handle)
libmbed.a(Timeout.o)          blinky.o (vtable for mbed::Timeout)
libmbed.a(TimerEvent.o)       blinky.o (mbed::TimerEvent::TimerEvent())
libmbed.a(retarget.o)         libmbed.a(TimerEvent.o) (__cxa_pure_virtual)
libmbed.a(Ticker.o)           blinky.o (mbed::Ticker::detach())
libmbed.a(SoftPWM.o)          blinky.o (SoftPWM::SoftPWM(PinName, bool))
libmbed.a(cache.o)            libmbed.a(system_MBRZA1H.o) (__v7_all_cache)
libmbed.a(gic.o)              libmbed.a(system_MBRZA1H.o) (GIC_Enable)
libmbed.a(pl310.o)            libmbed.a(system_MBRZA1H.o) (PL310_GetID)
libmbed.a(gpio_api.o)         libmbed.a(gpio.o) (gpio_init)
libmbed.a(pinmap.o)           libmbed.a(gpio_api.o) (pin_function)
libmbed.a(serial_api.o)       libmbed.a(retarget.o) (stdio_uart_inited)
libmbed.a(assert.o)           libmbed.a(serial_api.o) (mbed_assert_internal)
libmbed.a(board.o)            libmbed.a(retarget.o) (mbed_die)
libmbed.a(error.o)            libmbed.a(retarget.o) (error)
libmbed.a(pinmap_common.o)    libmbed.a(serial_api.o) (pinmap_pinout)
libmbed.a(us_ticker_api.o)    libmbed.a(TimerEvent.o) (get_us_ticker_data)
libmbed.a(wait_api.o)         libmbed.a(SoftPWM.o) (wait)
libmbed.a(ticker_api.o)       libmbed.a(TimerEvent.o) (ticker_set_handler)
libmbed.a(FilePath.o)         libmbed.a(retarget.o) (mbed::FilePath::FilePath(char const*))
libmbed.a(FileSystemLike.o)   libmbed.a(retarget.o) (mbed::FileSystemLike::opendir())
libmbed.a(us_ticker.o)        libmbed.a(us_ticker_api.o) (us_ticker_init)
libmbed.a(FileBase.o)         libmbed.a(FileSystemLike.o) (mbed::FileBase::FileBase(char const*, mbed::PathType))
./libkernel.a(target_support.o)
                              start.o (hardware_init_hook)
./libkernel.a(core_support.o)
                              libmbed.a(startup_RZ1AH.o) (_kernel_irq_handler)
./libkernel.a(target_kernel_impl.o)
                              libmbed.a(system_MBRZA1H.o) (gr_peach_set_led)
./libkernel.a(pl310.o)        ./libkernel.a(target_kernel_impl.o) (_kernel_pl310_initialize)
./libkernel.a(chip_kernel_impl.o)
                              ./libkernel.a(target_kernel_impl.o) (_kernel_chip_initialize)
./libkernel.a(gic_kernel_impl.o)
                              ./libkernel.a(chip_kernel_impl.o) (_kernel_gicc_initialize)
./libkernel.a(chip_timer.o)   kernel_cfg.o (_kernel_target_hrt_initialize)
./libkernel.a(core_kernel_impl.o)
                              ./libkernel.a(core_support.o) (_kernel_excpt_nest_count)
./libkernel.a(arm.o)          ./libkernel.a(chip_kernel_impl.o) (arm_enable_dcache)
./libkernel.a(startup.o)      start.o (sta_ker)
./libkernel.a(task.o)         ./libkernel.a(core_support.o) (_kernel_p_runtsk)
./libkernel.a(taskhook.o)     ./libkernel.a(task.o) (_kernel_mtxhook_release_all)
./libkernel.a(time_event.o)   ./libkernel.a(startup.o) (_kernel_current_hrtcnt)
./libkernel.a(task_sync.o)    tLogTaskMain.o (dly_tsk)
./libkernel.a(task_term.o)    ./libkernel.a(core_support.o) (ext_tsk)
./libkernel.a(semaphore.o)    kernel_cfg.o (_kernel_initialize_semaphore)
./libkernel.a(sys_manage.o)   tSerialPortMain.o (loc_cpu)
./libkernel.a(interrupt.o)    tSerialPortMain.o (dis_int)
./libkernel.a(gic_support.o)  ./libkernel.a(core_support.o) (_kernel_irc_begin_int)
./libkernel.a(wait.o)         ./libkernel.a(task_sync.o) (_kernel_make_wait_tmout)
/opt/Atollic_TrueSTUDIO_for_ARM_x86_64_8.0.0/ARMTools/bin/../lib/gcc/arm-atollic-eabi/6.3.1/armv7-ar/thumb/fpu/libgcc.a(_udivsi3.o)
                              log_output.o (__aeabi_uidiv)
/opt/Atollic_TrueSTUDIO_for_ARM_x86_64_8.0.0/ARMTools/bin/../lib/gcc/arm-atollic-eabi/6.3.1/armv7-ar/thumb/fpu/libgcc.a(_divsi3.o)
                              libmbed.a(serial_api.o) (__aeabi_idiv)
/opt/Atollic_TrueSTUDIO_for_ARM_x86_64_8.0.0/ARMTools/bin/../lib/gcc/arm-atollic-eabi/6.3.1/armv7-ar/thumb/fpu/libgcc.a(_dvmd_tls.o)
                              /opt/Atollic_TrueSTUDIO_for_ARM_x86_64_8.0.0/ARMTools/bin/../lib/gcc/arm-atollic-eabi/6.3.1/armv7-ar/thumb/fpu/libgcc.a(_udivsi3.o) (__aeabi_idiv0)
/opt/Atollic_TrueSTUDIO_for_ARM_x86_64_8.0.0/ARMTools/bin/../lib/gcc/arm-atollic-eabi/6.3.1/armv7-ar/thumb/fpu/libgcc.a(_arm_addsubdf3.o)
                              libmbed.a(us_ticker.o) (__aeabi_ul2d)
/opt/Atollic_TrueSTUDIO_for_ARM_x86_64_8.0.0/ARMTools/bin/../lib/gcc/arm-atollic-eabi/6.3.1/armv7-ar/thumb/fpu/libgcc.a(_fixunsdfdi.o)
                              libmbed.a(us_ticker.o) (__aeabi_d2ulz)
[...]
Memory Configuration

Name             Origin             Length             Attributes
ROM              0x0000000000000000 0x0000000002000000 xr
BOOT_LOADER      0x0000000018000000 0x0000000000004000 xr
SFLASH           0x0000000018004000 0x0000000007ffc000 xr
L_TTB            0x0000000020000000 0x0000000000004000 rw
RAM              0x0000000020020000 0x0000000000700000 xrw
RAM_NC           0x0000000020900000 0x0000000000100000 xrw
*default*        0x0000000000000000 0xffffffffffffffff

Linker script and memory map

LOAD start.o
LOAD log_output.o
LOAD vasyslog.o
LOAD t_perror.o
LOAD strerror.o
LOAD blinky.o
LOAD sf_boot.o
LOAD tTask_tecsgen.o
LOAD tSemaphore_tecsgen.o
LOAD tInterruptRequest_tecsgen.o
LOAD tISR_tecsgen.o
LOAD tInitializeRoutine_tecsgen.o
LOAD tTerminateRoutine_tecsgen.o
LOAD tSerialPortMain_tecsgen.o
LOAD tSerialAdapter_tecsgen.o
LOAD tSysLog_tecsgen.o
LOAD tSysLogAdapter_tecsgen.o
LOAD tLogTaskMain_tecsgen.o
LOAD tBannerMain_tecsgen.o
LOAD tPutLogGRPeach_tecsgen.o
LOAD tSCIF_tecsgen.o
LOAD tSIOPortGRPeachMain_tecsgen.o
LOAD tTask.o
LOAD tISR.o
LOAD tInitializeRoutine.o
LOAD tTerminateRoutine.o
LOAD tSerialPortMain.o
LOAD tSerialAdapter.o
LOAD tSysLog.o
LOAD tSysLogAdapter.o
LOAD tLogTaskMain.o
LOAD tBannerMain.o
LOAD tPutLogGRPeach.o
LOAD tSCIF.o
LOAD init_tecs.o
LOAD kernel_cfg.o
LOAD libmbed.a
LOAD ./libkernel.a
LOAD /opt/Atollic_TrueSTUDIO_for_ARM_x86_64_8.0.0/ARMTools/bin/../lib/gcc/arm-atollic-eabi/6.3.1/armv7-ar/thumb/fpu/libgcc.a
LOAD /opt/Atollic_TrueSTUDIO_for_ARM_x86_64_8.0.0/ARMTools/bin/../lib/gcc/arm-atollic-eabi/6.3.1/../../../../arm-atollic-eabi/lib/armv7-ar/thumb/fpu/libstdc++_nano.a
LOAD /opt/Atollic_TrueSTUDIO_for_ARM_x86_64_8.0.0/ARMTools/bin/../lib/gcc/arm-atollic-eabi/6.3.1/../../../../arm-atollic-eabi/lib/armv7-ar/thumb/fpu/libsupc++_nano.a
LOAD /opt/Atollic_TrueSTUDIO_for_ARM_x86_64_8.0.0/ARMTools/bin/../lib/gcc/arm-atollic-eabi/6.3.1/../../../../arm-atollic-eabi/lib/armv7-ar/thumb/fpu/libm.a
LOAD /opt/Atollic_TrueSTUDIO_for_ARM_x86_64_8.0.0/ARMTools/bin/../lib/gcc/arm-atollic-eabi/6.3.1/../../../../arm-atollic-eabi/lib/armv7-ar/thumb/fpu/libc_nano.a
LOAD /opt/Atollic_TrueSTUDIO_for_ARM_x86_64_8.0.0/ARMTools/bin/../lib/gcc/arm-atollic-eabi/6.3.1/../../../../arm-atollic-eabi/lib/armv7-ar/thumb/fpu/libc_nano.a
LOAD /opt/Atollic_TrueSTUDIO_for_ARM_x86_64_8.0.0/ARMTools/bin/../lib/gcc/arm-atollic-eabi/6.3.1/armv7-ar/thumb/fpu/libgcc.a
LOAD /opt/Atollic_TrueSTUDIO_for_ARM_x86_64_8.0.0/ARMTools/bin/../lib/gcc/arm-atollic-eabi/6.3.1/../../../../arm-atollic-eabi/lib/armv7-ar/thumb/fpu/libnosys.a
                0x0000000000000000                PROVIDE (software_init_hook, 0x0)
                [!provide]                        PROVIDE (hardware_init_hook, 0x0)
                0x0000000000000000                PROVIDE (software_term_hook, 0x0)
                0x0000000018018c58                PROVIDE (IRQTable, _kernel_inh_table)
                0x0000000020028700                PROVIDE (IRQNestLevel, _kernel_excpt_nest_count)

.boot           0x0000000018000000     0x3100
 *(.boot_loader)
 .boot_loader   0x0000000018000000     0x3100 sf_boot.o
                0x0000000018000000                boot_loader

.vector         0x0000000018003100       0x3c
 .vector        0x0000000018003100       0x3c ./libkernel.a(core_support.o)
                0x0000000018003100                vector_table
                0x0000000018003120                vector_ref_table

.text           0x0000000018004000    0x16436
                0x0000000018004000                Image$$VECTORS$$Base = .
 *(RESET)
                0x0000000018004000                Image$$VECTORS$$Limit = .
                0x0000000018004400                . = (. + 0x400)
 *fill*         0x0000000018004000      0x400 
 *(.isr_vector)
 .isr_vector    0x0000000018004400       0x40 libmbed.a(startup_RZ1AH.o)
                0x0000000018004400                __isr_vector
 *(SVC_TABLE)
 *(.text*)
 .text          0x0000000018004440       0x44 start.o
                0x0000000018004440                start
 .text          0x0000000018004484      0x608 log_output.o
                0x000000001800460c                syslog_printf
                0x00000000180049c0                syslog_print
                0x0000000018004a40                syslog_lostmsg
 .text.gpio_write
                0x0000000018004a8c       0x50 blinky.o
 .text.gpio_read
                0x0000000018004adc       0x40 blinky.o
 .text._ZN4mbed10DigitalOutC2E7PinName
                0x0000000018004b1c       0x5c blinky.o
                0x0000000018004b1c                mbed::DigitalOut::DigitalOut(PinName)
                0x0000000018004b1c                mbed::DigitalOut::DigitalOut(PinName)
 .text._ZN4mbed10DigitalOut5writeEi
                0x0000000018004b78       0x2c blinky.o
                0x0000000018004b78                mbed::DigitalOut::write(int)
 .text._ZN4mbed10DigitalOut4readEv
                0x0000000018004ba4       0x28 blinky.o
                0x0000000018004ba4                mbed::DigitalOut::read()
 .text._ZN4mbed10DigitalOutaSEi
                0x0000000018004bcc       0x2c blinky.o
                0x0000000018004bcc                mbed::DigitalOut::operator=(int)
 .text._ZN4mbed10DigitalOutcviEv
                0x0000000018004bf8       0x24 blinky.o
                0x0000000018004bf8                mbed::DigitalOut::operator int()
 .text._ZN4mbed6TickerC2Ev
                0x0000000018004c1c       0x4c blinky.o
                0x0000000018004c1c                mbed::Ticker::Ticker()
                0x0000000018004c1c                mbed::Ticker::Ticker()
 .text._ZN4mbed6Ticker9attach_usEPFvvEm
                0x0000000018004c68       0x40 blinky.o
                0x0000000018004c68                mbed::Ticker::attach_us(void (*)(), unsigned long)
 .text._ZN4mbed6TickerD2Ev
                0x0000000018004ca8       0x40 blinky.o
                0x0000000018004ca8                mbed::Ticker::~Ticker()
                0x0000000018004ca8                mbed::Ticker::~Ticker()
 .text._ZN4mbed6TickerD0Ev
                0x0000000018004ce8       0x2c blinky.o
                0x0000000018004ce8                mbed::Ticker::~Ticker()
 .text._ZN7SoftPWMaSEf
                0x0000000018004d14       0x74 blinky.o
                0x0000000018004d14                SoftPWM::operator=(float)
 .text._Z4flipv
                0x0000000018004d88      0x178 blinky.o
                0x0000000018004d88                flip()
 .text.blinky_main_task
                0x0000000018004f00      0x354 blinky.o
                0x0000000018004f00                blinky_main_task
 .text._ZN4mbed19FunctionPointerArg1IvvEC2EPFvvE
                0x0000000018005254       0x2c blinky.o
                0x0000000018005254                mbed::FunctionPointerArg1<void, void>::FunctionPointerArg1(void (*)())
                0x0000000018005254                mbed::FunctionPointerArg1<void, void>::FunctionPointerArg1(void (*)())
 .text._ZN4mbed19FunctionPointerArg1IvvE6attachEPFvvE
                0x0000000018005280       0x30 blinky.o
                0x0000000018005280                mbed::FunctionPointerArg1<void, void>::attach(void (*)())
 .text._ZN4mbed7TimeoutD2Ev
                0x00000000180052b0       0x38 blinky.o
                0x00000000180052b0                mbed::Timeout::~Timeout()
                0x00000000180052b0                mbed::Timeout::~Timeout()
 .text._ZN4mbed7TimeoutD0Ev
                0x00000000180052e8       0x2c blinky.o
                0x00000000180052e8                mbed::Timeout::~Timeout()
 .text._ZN7SoftPWMD2Ev
                0x0000000018005314       0x38 blinky.o
                0x0000000018005314                SoftPWM::~SoftPWM()
                0x0000000018005314                SoftPWM::~SoftPWM()
 .text._Z41__static_initialization_and_destruction_0ii
                0x000000001800534c      0x100 blinky.o
 .text._GLOBAL__sub_I__Z4flipv
                0x000000001800544c       0x14 blinky.o
 .text          0x0000000018005460       0x58 tTask_tecsgen.o
                0x0000000018005460                tTask_CB_initialize
 .text          0x00000000180054b8       0x58 tSemaphore_tecsgen.o
                0x00000000180054b8                tSemaphore_CB_initialize
 .text          0x0000000018005510       0x58 tInterruptRequest_tecsgen.o
                0x0000000018005510                tInterruptRequest_CB_initialize
 .text          0x0000000018005568       0x58 tISR_tecsgen.o
                0x0000000018005568                tISR_CB_initialize
 .text          0x00000000180055c0       0x40 tInitializeRoutine_tecsgen.o
                0x00000000180055c0                tInitializeRoutine_CB_initialize
 .text          0x0000000018005600       0x40 tTerminateRoutine_tecsgen.o
                0x0000000018005600                tTerminateRoutine_CB_initialize
 .text          0x0000000018005640      0x204 tSerialPortMain_tecsgen.o
                0x0000000018005640                tSerialPortMain_eSerialPort_open_skel
                0x0000000018005678                tSerialPortMain_eSerialPort_close_skel
                0x00000000180056b0                tSerialPortMain_eSerialPort_read_skel
                0x00000000180056f8                tSerialPortMain_eSerialPort_write_skel
                0x0000000018005740                tSerialPortMain_eSerialPort_control_skel
                0x0000000018005780                tSerialPortMain_eSerialPort_refer_skel
                0x00000000180057c0                tSerialPortMain_CB_initialize
 .text          0x0000000018005844       0x18 tSerialAdapter_tecsgen.o
                0x0000000018005844                tSerialAdapter_CB_initialize
 .text          0x000000001800585c       0x8c tSysLog_tecsgen.o
                0x000000001800585c                tSysLog_CB_initialize
 .text          0x00000000180058e8       0x18 tSysLogAdapter_tecsgen.o
                0x00000000180058e8                tSysLogAdapter_CB_initialize
 .text          0x0000000018005900       0x18 tLogTaskMain_tecsgen.o
                0x0000000018005900                tLogTaskMain_CB_initialize
 .text          0x0000000018005918       0x18 tBannerMain_tecsgen.o
                0x0000000018005918                tBannerMain_CB_initialize
 .text          0x0000000018005930       0x18 tPutLogGRPeach_tecsgen.o
                0x0000000018005930                tPutLogGRPeach_CB_initialize
 .text          0x0000000018005948       0xe8 tSCIF_tecsgen.o
                0x0000000018005948                tSCIF_eiRxISR_main_skel
                0x000000001800597c                tSCIF_eiTxISR_main_skel
                0x00000000180059b0                tSCIF_CB_initialize
 .text          0x0000000018005a30       0x40 tSIOPortGRPeachMain_tecsgen.o
                0x0000000018005a30                tSIOPortGRPeachMain_CB_initialize
 .text          0x0000000018005a70       0x28 tTask.o
                0x0000000018005a70                tTask_start
 .text          0x0000000018005a98       0x44 tISR.o
                0x0000000018005a98                tISR_start
 .text          0x0000000018005adc       0x28 tInitializeRoutine.o
                0x0000000018005adc                tInitializeRoutine_start
 .text          0x0000000018005b04       0x28 tTerminateRoutine.o
                0x0000000018005b04                tTerminateRoutine_start
 .text          0x0000000018005b2c     0x1350 tSerialPortMain.o
                0x0000000018005e80                tSerialPortMain_eSerialPort_open
                0x000000001800600c                tSerialPortMain_eSerialPort_close
                0x0000000018006384                tSerialPortMain_eSerialPort_write
                0x0000000018006650                tSerialPortMain_eSerialPort_read
                0x0000000018006874                tSerialPortMain_eSerialPort_control
                0x00000000180068f4                tSerialPortMain_eSerialPort_refer
                0x0000000018006988                tSerialPortMain_eiSIOCBR_readySend
                0x0000000018006ac8                tSerialPortMain_eiSIOCBR_readyReceive
                0x0000000018006db0                tSerialPortMain_enSerialPortManage_getChar
 .text          0x0000000018006e7c      0x5d0 tSysLog.o
                0x0000000018007030                tSysLog_eSysLog_write
                0x00000000180071d0                tSysLog_eSysLog_read
                0x00000000180072e4                tSysLog_eSysLog_mask
                0x0000000018007338                tSysLog_eSysLog_refer
                0x00000000180073b8                tSysLog_eSysLog_flush
 .text          0x000000001800744c       0xc8 tSysLogAdapter.o
                0x000000001800744c                syslog_wri_log
                0x000000001800747c                syslog_rea_log
                0x00000000180074a4                syslog_msk_log
                0x00000000180074d4                syslog_ref_log
                0x00000000180074fc                syslog_fls_log
 .text          0x0000000018007514      0x378 tLogTaskMain.o
                0x00000000180075bc                tLogTaskMain_eLogTask_flush
                0x00000000180076c8                tLogTaskMain_eLogTaskBody_main
                0x00000000180077a4                tLogTaskMain_eLogTaskTerminate_main
 .text          0x000000001800788c       0xd8 tBannerMain.o
                0x00000000180078fc                tBannerMain_eBannerInitialize_main
 .text          0x0000000018007964      0x144 tPutLogGRPeach.o
                0x0000000018007a28                tPutLogGRPeach_initialize
                0x0000000018007a40                tPutLogGRPeach_ePutLog_putChar
 .text          0x0000000018007aa8      0x9d0 tSCIF.o
                0x0000000018007f44                tSCIF_eSIOPort_open
                0x00000000180081b4                tSCIF_eSIOPort_close
                0x00000000180081f4                tSCIF_eSIOPort_putChar
                0x0000000018008250                tSCIF_eSIOPort_getChar
                0x00000000180082b0                tSCIF_eSIOPort_enableCBR
                0x0000000018008354                tSCIF_eSIOPort_disableCBR
                0x00000000180083f8                tSCIF_eiRxISR_main
                0x0000000018008438                tSCIF_eiTxISR_main
 .text          0x0000000018008478       0x4c init_tecs.o
                0x0000000018008478                initialize_tecs
 .text          0x00000000180084c4       0xb8 kernel_cfg.o
                0x00000000180084dc                _kernel_inthdr_231
                0x00000000180084fc                _kernel_inthdr_232
                0x000000001800851c                _kernel_initialize_object
                0x000000001800853c                _kernel_call_inirtn
                0x000000001800855c                _kernel_call_terrtn
 .text          0x000000001800857c      0x368 libmbed.a(startup_RZ1AH.o)
                0x000000001800857c                Reset_Handler
                0x00000000180086d8                Undef_Handler
                0x0000000018008750                PAbt_Handler
                0x000000001800878c                DAbt_Handler
                0x00000000180087cc                FIQ_Handler
                0x00000000180087d0                IRQ_Handler
                0x00000000180088ac                SVC_Handler
                0x00000000180088ae                __user_initial_stackheap
 .text.RZ_A1_SetSramWriteEnable
                0x00000000180088e4       0x18 libmbed.a(RZ_A1_Init.o)
                0x00000000180088e4                RZ_A1_SetSramWriteEnable
 .text.RZ_A1_InitClock
                0x00000000180088fc       0x38 libmbed.a(RZ_A1_Init.o)
                0x00000000180088fc                RZ_A1_InitClock
 .text.RZ_A1_IsClockMode0
                0x0000000018008934        0xc libmbed.a(RZ_A1_Init.o)
                0x0000000018008934                RZ_A1_IsClockMode0
 .text.RZ_A1_InitBus
                0x0000000018008940        0x8 libmbed.a(RZ_A1_Init.o)
                0x0000000018008940                RZ_A1_InitBus
 .text.__xn_section
                0x0000000018008948       0x54 libmbed.a(mmu_Renesas_RZ_A1.o)
 .text.__domain_section
                0x000000001800899c       0x54 libmbed.a(mmu_Renesas_RZ_A1.o)
 .text.__p_section
                0x00000000180089f0       0x54 libmbed.a(mmu_Renesas_RZ_A1.o)
 .text.__ap_section
                0x0000000018008a44      0x1fc libmbed.a(mmu_Renesas_RZ_A1.o)
 .text.__shared_section
                0x0000000018008c40       0x54 libmbed.a(mmu_Renesas_RZ_A1.o)
 .text.__global_section
                0x0000000018008c94       0x54 libmbed.a(mmu_Renesas_RZ_A1.o)
 .text.__secure_section
                0x0000000018008ce8       0x54 libmbed.a(mmu_Renesas_RZ_A1.o)
 .text.__xn_page
                0x0000000018008d3c       0x9c libmbed.a(mmu_Renesas_RZ_A1.o)
 .text.__domain_page
                0x0000000018008dd8       0x54 libmbed.a(mmu_Renesas_RZ_A1.o)
 .text.__p_page
                0x0000000018008e2c       0x54 libmbed.a(mmu_Renesas_RZ_A1.o)
 .text.__ap_page
                0x0000000018008e80      0x1fc libmbed.a(mmu_Renesas_RZ_A1.o)
 .text.__shared_page
                0x000000001800907c       0x54 libmbed.a(mmu_Renesas_RZ_A1.o)
 .text.__global_page
                0x00000000180090d0       0x54 libmbed.a(mmu_Renesas_RZ_A1.o)
 .text.__secure_page
                0x0000000018009124       0x54 libmbed.a(mmu_Renesas_RZ_A1.o)
 .text.__memory_section
                0x0000000018009178      0x1a0 libmbed.a(mmu_Renesas_RZ_A1.o)
 .text.__memory_page
                0x0000000018009318      0x1c4 libmbed.a(mmu_Renesas_RZ_A1.o)
 .text.__get_section_descriptor
                0x00000000180094dc       0xe0 libmbed.a(mmu_Renesas_RZ_A1.o)
 .text.__get_page_descriptor
                0x00000000180095bc      0x240 libmbed.a(mmu_Renesas_RZ_A1.o)
 .text.__TTSection
                0x00000000180097fc       0xa0 libmbed.a(mmu_Renesas_RZ_A1.o)
 .text.create_translation_table
                0x000000001800989c      0x7bc libmbed.a(mmu_Renesas_RZ_A1.o)
                0x000000001800989c                create_translation_table
 .text.InitMemorySubsystem
                0x000000001800a058       0xd0 libmbed.a(system_MBRZA1H.o)
                0x000000001800a058                InitMemorySubsystem
 .text.InterruptHandlerRegister
                0x000000001800a128       0x64 libmbed.a(system_MBRZA1H.o)
                0x000000001800a128                InterruptHandlerRegister
 .text.SystemInit
                0x000000001800a18c       0x2c libmbed.a(system_MBRZA1H.o)
                0x000000001800a18c                SystemInit
 .text.CDAbtHandler
                0x000000001800a1b8       0x58 libmbed.a(system_MBRZA1H.o)
                0x000000001800a1b8                CDAbtHandler
 .text.CPAbtHandler
                0x000000001800a210       0x58 libmbed.a(system_MBRZA1H.o)
                0x000000001800a210                CPAbtHandler
 .text.CUndefHandler
                0x000000001800a268      0x130 libmbed.a(system_MBRZA1H.o)
                0x000000001800a268                CUndefHandler
 .text.FPUEnable
                0x000000001800a398       0xbc libmbed.a(system_MBRZA1H.o)
                0x000000001800a398                FPUEnable
 .text.gpio_write
                0x000000001800a454       0x50 libmbed.a(gpio.o)
 .text._gpio_init_out
                0x000000001800a4a4       0x6c libmbed.a(gpio.o)
 .text.gpio_init_out
                0x000000001800a510       0x34 libmbed.a(gpio.o)
                0x000000001800a510                gpio_init_out
 .text.gpio_init_out_ex
                0x000000001800a544       0x38 libmbed.a(gpio.o)
                0x000000001800a544                gpio_init_out_ex
 .text.init_main_task
                0x000000001800a57c       0x90 libmbed.a(common.o)
                0x000000001800a57c                init_main_task
 .text._ZN4mbed7Timeout7handlerEv
                0x000000001800a60c       0x28 libmbed.a(Timeout.o)
                0x000000001800a60c                mbed::Timeout::handler()
 .text._ZN4mbed19FunctionPointerArg1IvvE4callEv
                0x000000001800a634       0x8c libmbed.a(Timeout.o)
                0x000000001800a634                mbed::FunctionPointerArg1<void, void>::call()
 .text._ZN4mbed10TimerEventC2Ev
                0x000000001800a6c0       0x78 libmbed.a(TimerEvent.o)
                0x000000001800a6c0                mbed::TimerEvent::TimerEvent()
                0x000000001800a6c0                mbed::TimerEvent::TimerEvent()
 .text._ZN4mbed10TimerEvent3irqEm
                0x000000001800a738       0x38 libmbed.a(TimerEvent.o)
                0x000000001800a738                mbed::TimerEvent::irq(unsigned long)
 .text._ZN4mbed10TimerEventD2Ev
                0x000000001800a770       0x34 libmbed.a(TimerEvent.o)
                0x000000001800a770                mbed::TimerEvent::~TimerEvent()
                0x000000001800a770                mbed::TimerEvent::~TimerEvent()
 .text._ZN4mbed10TimerEvent6insertEm
                0x000000001800a7a4       0x38 libmbed.a(TimerEvent.o)
                0x000000001800a7a4                mbed::TimerEvent::insert(unsigned long)
 .text._ZN4mbed10TimerEvent6removeEv
                0x000000001800a7dc       0x34 libmbed.a(TimerEvent.o)
                0x000000001800a7dc                mbed::TimerEvent::remove()
 .text.__cxa_pure_virtual
                0x000000001800a810        0xc libmbed.a(retarget.o)
                0x000000001800a810                __cxa_pure_virtual
 .text._sbrk    0x000000001800a81c       0x7c libmbed.a(retarget.o)
                0x000000001800a81c                _sbrk
 .text._exit    0x000000001800a898       0x20 libmbed.a(retarget.o)
                0x000000001800a898                _exit
 .text._ZN4mbed6Ticker6detachEv
                0x000000001800a8b8       0x38 libmbed.a(Ticker.o)
                0x000000001800a8b8                mbed::Ticker::detach()
 .text._ZN4mbed6Ticker5setupEm
                0x000000001800a8f0       0x64 libmbed.a(Ticker.o)
                0x000000001800a8f0                mbed::Ticker::setup(unsigned long)
 .text._ZN4mbed6Ticker7handlerEv
                0x000000001800a954       0x48 libmbed.a(Ticker.o)
                0x000000001800a954                mbed::Ticker::handler()
 .text._ZN4mbed7TimeoutC2Ev
                0x000000001800a99c       0x38 libmbed.a(SoftPWM.o)
                0x000000001800a99c                mbed::Timeout::Timeout()
                0x000000001800a99c                mbed::Timeout::Timeout()
 .text._ZN7SoftPWMC2E7PinNameb
                0x000000001800a9d4       0xc8 libmbed.a(SoftPWM.o)
                0x000000001800a9d4                SoftPWM::SoftPWM(PinName, bool)
                0x000000001800a9d4                SoftPWM::SoftPWM(PinName, bool)
 .text._ZN7SoftPWM5startEv
                0x000000001800aa9c       0x50 libmbed.a(SoftPWM.o)
                0x000000001800aa9c                SoftPWM::start()
 .text._ZN7SoftPWM6periodEf
                0x000000001800aaec       0x30 libmbed.a(SoftPWM.o)
                0x000000001800aaec                SoftPWM::period(float)
 .text._ZN7SoftPWM9period_msEi
                0x000000001800ab1c       0x48 libmbed.a(SoftPWM.o)
                0x000000001800ab1c                SoftPWM::period_ms(int)
 .text._ZN7SoftPWM15TickerInterraptEv
                0x000000001800ab64       0xa0 libmbed.a(SoftPWM.o)
                0x000000001800ab64                SoftPWM::TickerInterrapt()
 .text._ZN7SoftPWM3endEv
                0x000000001800ac04       0x54 libmbed.a(SoftPWM.o)
                0x000000001800ac04                SoftPWM::end()
 .text._ZN4mbed6Ticker6attachI7SoftPWMEEvPT_MS3_FvvEf
                0x000000001800ac58       0x58 libmbed.a(SoftPWM.o)
                0x000000001800ac58                void mbed::Ticker::attach<SoftPWM>(SoftPWM*, void (SoftPWM::*)(), float)
 .text._ZN4mbed6Ticker9attach_usI7SoftPWMEEvPT_MS3_FvvEm
                0x000000001800acb0       0x48 libmbed.a(SoftPWM.o)
                0x000000001800acb0                void mbed::Ticker::attach_us<SoftPWM>(SoftPWM*, void (SoftPWM::*)(), unsigned long)
 .text._ZN4mbed19FunctionPointerArg1IvvE6attachI7SoftPWMEEvPT_MS4_FvvE
                0x000000001800acf8       0x54 libmbed.a(SoftPWM.o)
                0x000000001800acf8                void mbed::FunctionPointerArg1<void, void>::attach<SoftPWM>(SoftPWM*, void (SoftPWM::*)())
 .text._ZN4mbed19FunctionPointerArg1IvvE12membercallerI7SoftPWMEEvPvPj
                0x000000001800ad4c       0x94 libmbed.a(SoftPWM.o)
                0x000000001800ad4c                void mbed::FunctionPointerArg1<void, void>::membercaller<SoftPWM>(void*, unsigned int*)
 .text          0x000000001800ade0       0xb4 libmbed.a(cache.o)
                0x000000001800ade0                __v7_all_cache
 .text.GIC_EnableDistributor
                0x000000001800ae94       0x24 libmbed.a(gic.o)
                0x000000001800ae94                GIC_EnableDistributor
 .text.GIC_DisableDistributor
                0x000000001800aeb8       0x24 libmbed.a(gic.o)
                0x000000001800aeb8                GIC_DisableDistributor
 .text.GIC_DistributorInfo
                0x000000001800aedc       0x14 libmbed.a(gic.o)
                0x000000001800aedc                GIC_DistributorInfo
 .text.GIC_SetTarget
                0x000000001800aef0       0x68 libmbed.a(gic.o)
                0x000000001800aef0                GIC_SetTarget
 .text.GIC_EnableInterface
                0x000000001800af58       0x24 libmbed.a(gic.o)
                0x000000001800af58                GIC_EnableInterface
 .text.GIC_DisableInterface
                0x000000001800af7c       0x24 libmbed.a(gic.o)
                0x000000001800af7c                GIC_DisableInterface
 .text.GIC_EnableIRQ
                0x000000001800afa0       0x4c libmbed.a(gic.o)
                0x000000001800afa0                GIC_EnableIRQ
 .text.GIC_DisableIRQ
                0x000000001800afec       0x4c libmbed.a(gic.o)
                0x000000001800afec                GIC_DisableIRQ
 .text.GIC_SetPendingIRQ
                0x000000001800b038       0x4c libmbed.a(gic.o)
                0x000000001800b038                GIC_SetPendingIRQ
 .text.GIC_ClearPendingIRQ
                0x000000001800b084       0x4c libmbed.a(gic.o)
                0x000000001800b084                GIC_ClearPendingIRQ
 .text.GIC_SetPriority
                0x000000001800b0d0       0x60 libmbed.a(gic.o)
                0x000000001800b0d0                GIC_SetPriority
 .text.GIC_GetPriority
                0x000000001800b130       0x58 libmbed.a(gic.o)
                0x000000001800b130                GIC_GetPriority
 .text.GIC_InterfacePriorityMask
                0x000000001800b188       0x28 libmbed.a(gic.o)
                0x000000001800b188                GIC_InterfacePriorityMask
 .text.GIC_SetBinaryPoint
                0x000000001800b1b0       0x28 libmbed.a(gic.o)
                0x000000001800b1b0                GIC_SetBinaryPoint
 .text.GIC_DistInit
                0x000000001800b1d8      0x34c libmbed.a(gic.o)
                0x000000001800b1d8                GIC_DistInit
 .text.GIC_CPUInterfaceInit
                0x000000001800b524       0x8c libmbed.a(gic.o)
                0x000000001800b524                GIC_CPUInterfaceInit
 .text.GIC_Enable
                0x000000001800b5b0       0x14 libmbed.a(gic.o)
                0x000000001800b5b0                GIC_Enable
 .text.PL310_Sync
                0x000000001800b5c4       0x18 libmbed.a(pl310.o)
                0x000000001800b5c4                PL310_Sync
 .text.PL310_GetID
                0x000000001800b5dc       0x14 libmbed.a(pl310.o)
                0x000000001800b5dc                PL310_GetID
 .text.PL310_InvAllByWay
                0x000000001800b5f0       0x8c libmbed.a(pl310.o)
                0x000000001800b5f0                PL310_InvAllByWay
 .text.PL310_Enable
                0x000000001800b67c       0x70 libmbed.a(pl310.o)
                0x000000001800b67c                PL310_Enable
 .text.gpio_set
                0x000000001800b6ec       0x3c libmbed.a(gpio_api.o)
                0x000000001800b6ec                gpio_set
 .text.gpio_init
                0x000000001800b728       0xf8 libmbed.a(gpio_api.o)
                0x000000001800b728                gpio_init
 .text.gpio_mode
                0x000000001800b820       0x1c libmbed.a(gpio_api.o)
                0x000000001800b820                gpio_mode
 .text.gpio_dir
                0x000000001800b83c       0xc4 libmbed.a(gpio_api.o)
                0x000000001800b83c                gpio_dir
 .text.pin_function
                0x000000001800b900      0x570 libmbed.a(pinmap.o)
                0x000000001800b900                pin_function
 .text.mbed_die
                0x000000001800be70       0x28 libmbed.a(board.o)
                0x000000001800be70                mbed_die
 .text.get_us_ticker_data
                0x000000001800be98       0x10 libmbed.a(us_ticker_api.o)
                0x000000001800be98                get_us_ticker_data
 .text.us_ticker_irq_handler
                0x000000001800bea8       0x18 libmbed.a(us_ticker_api.o)
                0x000000001800bea8                us_ticker_irq_handler
 .text.wait_ms  0x000000001800bec0       0x2c libmbed.a(wait_api.o)
                0x000000001800bec0                wait_ms
 .text.wait_us  0x000000001800beec       0x40 libmbed.a(wait_api.o)
                0x000000001800beec                wait_us
 .text.ticker_set_handler
                0x000000001800bf2c       0x3c libmbed.a(ticker_api.o)
                0x000000001800bf2c                ticker_set_handler
 .text.ticker_irq_handler
                0x000000001800bf68      0x100 libmbed.a(ticker_api.o)
                0x000000001800bf68                ticker_irq_handler
 .text.ticker_insert_event
                0x000000001800c068       0xf4 libmbed.a(ticker_api.o)
                0x000000001800c068                ticker_insert_event
 .text.ticker_remove_event
                0x000000001800c15c       0xfc libmbed.a(ticker_api.o)
                0x000000001800c15c                ticker_remove_event
 .text.ticker_read
                0x000000001800c258       0x2c libmbed.a(ticker_api.o)
                0x000000001800c258                ticker_read
 .text.us_ticker_interrupt
                0x000000001800c284       0x10 libmbed.a(us_ticker.o)
                0x000000001800c284                us_ticker_interrupt
 .text.us_ticker_init
                0x000000001800c294       0xf4 libmbed.a(us_ticker.o)
                0x000000001800c294                us_ticker_init
 .text.ticker_read_counter64
                0x000000001800c388       0xbc libmbed.a(us_ticker.o)
 .text.us_ticker_read
                0x000000001800c444       0x88 libmbed.a(us_ticker.o)
                0x000000001800c444                us_ticker_read
 .text.us_ticker_set_interrupt
                0x000000001800c4cc      0x114 libmbed.a(us_ticker.o)
                0x000000001800c4cc                us_ticker_set_interrupt
 .text.us_ticker_disable_interrupt
                0x000000001800c5e0       0x14 libmbed.a(us_ticker.o)
                0x000000001800c5e0                us_ticker_disable_interrupt
 .text.us_ticker_clear_interrupt
                0x000000001800c5f4       0x14 libmbed.a(us_ticker.o)
                0x000000001800c5f4                us_ticker_clear_interrupt
 .text          0x000000001800c608       0x8c ./libkernel.a(target_support.o)
                0x000000001800c608                hardware_init_hook
 *fill*         0x000000001800c694       0x6c 
 .text          0x000000001800c700      0x450 ./libkernel.a(core_support.o)
                0x000000001800c700                _kernel_dispatch
                0x000000001800c72c                _kernel_start_dispatch
                0x000000001800c754                _kernel_exit_and_dispatch
                0x000000001800c780                _kernel_call_exit_kernel
                0x000000001800c790                _kernel_start_r
                0x000000001800c7a8                _kernel_irq_handler
                0x000000001800c88c                _kernel_undef_handler
                0x000000001800c8a0                _kernel_svc_handler
                0x000000001800c8b4                _kernel_pabort_handler
                0x000000001800c8c8                _kernel_dabort_handler
                0x000000001800c928                _kernel_fiq_handler
                0x000000001800cb00                sil_dly_nse
 .text          0x000000001800cb50      0x680 ./libkernel.a(target_kernel_impl.o)
                0x000000001800d140                _kernel_target_initialize
                0x000000001800d188                _kernel_target_exit
                0x000000001800d19c                gr_peach_set_led
 .text          0x000000001800d1d0      0x314 ./libkernel.a(pl310.o)
                0x000000001800d318                _kernel_pl310_initialize
                0x000000001800d434                _kernel_pl310_disable
                0x000000001800d458                _kernel_pl310_invalidate_all
                0x000000001800d47c                _kernel_pl310_clean_and_invalidate_all
 .text          0x000000001800d4e4      0x870 ./libkernel.a(chip_kernel_impl.o)
                0x000000001800da9c                _kernel_chip_initialize
                0x000000001800dacc                _kernel_chip_terminate
                0x000000001800dcc8                _kernel_initialize_interrupt
 .text          0x000000001800dd54      0x2c8 ./libkernel.a(gic_kernel_impl.o)
                0x000000001800dde0                _kernel_gicc_initialize
                0x000000001800de48                _kernel_gicc_terminate
                0x000000001800de68                _kernel_gicd_initialize
                0x000000001800dffc                _kernel_gicd_terminate
 .text          0x000000001800e01c      0x320 ./libkernel.a(chip_timer.o)
                0x000000001800e1e4                _kernel_target_hrt_initialize
                0x000000001800e238                _kernel_target_hrt_terminate
                0x000000001800e26c                _kernel_target_hrt_set_event
                0x000000001800e310                _kernel_target_hrt_raise_event
                0x000000001800e328                _kernel_target_hrt_handler
 .text          0x000000001800e33c      0x784 ./libkernel.a(core_kernel_impl.o)
                0x000000001800e618                _kernel_arm_mmu_initialize
                0x000000001800e708                _kernel_core_initialize
                0x000000001800e72c                _kernel_core_terminate
                0x000000001800e744                _kernel_xlog_sys
                0x000000001800e830                _kernel_xlog_fsr
                0x000000001800e944                _kernel_default_int_handler
                0x000000001800e970                _kernel_default_exc_handler
 .text          0x000000001800eac0      0x4a8 ./libkernel.a(arm.o)
                0x000000001800eb70                arm_enable_dcache
                0x000000001800ebb8                arm_disable_dcache
                0x000000001800ec08                arm_enable_icache
                0x000000001800ec50                arm_disable_icache
                0x000000001800ec88                armv7_invalidate_dcache
                0x000000001800edf8                armv7_clean_and_invalidate_dcache
 .text          0x000000001800ef68      0x198 ./libkernel.a(startup.o)
                0x000000001800f080                sta_ker
                0x000000001800f0c8                ext_ker
                0x000000001800f0f0                _kernel_exit_kernel
 .text          0x000000001800f100      0xd14 ./libkernel.a(task.o)
                0x000000001800f56c                _kernel_initialize_task
                0x000000001800f7e8                _kernel_search_schedtsk
                0x000000001800f818                _kernel_make_runnable
                0x000000001800f8c4                _kernel_make_non_runnable
                0x000000001800fa18                _kernel_make_dormant
                0x000000001800faa4                _kernel_make_active
                0x000000001800fb08                _kernel_change_priority
                0x000000001800fcb8                _kernel_rotate_ready_queue
                0x000000001800fd58                _kernel_task_terminate
 .text          0x000000001800fe14      0xd4c ./libkernel.a(time_event.o)
                0x000000001801002c                _kernel_initialize_tmevt
                0x00000000180100c0                _kernel_tmevt_up
                0x0000000018010194                _kernel_tmevt_down
                0x0000000018010564                _kernel_update_current_evttim
                0x00000000180106cc                _kernel_set_hrt_event
                0x00000000180107ac                _kernel_tmevtb_register
                0x00000000180107d0                _kernel_tmevtb_enqueue
                0x0000000018010844                _kernel_tmevtb_dequeue
                0x00000000180108a4                _kernel_check_adjtim
                0x0000000018010990                _kernel_tmevt_lefttim
                0x0000000018010a08                _kernel_signal_time
 .text          0x0000000018010b60      0xd28 ./libkernel.a(task_sync.o)
                0x0000000018010e64                slp_tsk
                0x0000000018010f64                tslp_tsk
                0x00000000180110c0                wup_tsk
                0x0000000018011234                can_wup
                0x0000000018011344                rel_wai
                0x0000000018011458                sus_tsk
                0x0000000018011628                rsm_tsk
                0x0000000018011758                dly_tsk
 .text          0x0000000018011888      0x804 ./libkernel.a(task_term.o)
                0x0000000018011b68                ext_tsk
                0x0000000018011c20                ras_ter
                0x0000000018011de8                dis_ter
                0x0000000018011e58                ena_ter
                0x0000000018011f14                sns_ter
                0x0000000018011f78                ter_tsk
 .text          0x000000001801208c      0xa4c ./libkernel.a(semaphore.o)
                0x0000000018012378                _kernel_initialize_semaphore
                0x0000000018012424                sig_sem
                0x0000000018012568                wai_sem
                0x00000000180126a8                pol_sem
                0x0000000018012780                twai_sem
                0x0000000018012918                ini_sem
                0x0000000018012a04                ref_sem
 .text          0x0000000018012ad8      0x8bc ./libkernel.a(sys_manage.o)
                0x0000000018012c64                rot_rdq
                0x0000000018012d64                get_tid
                0x0000000018012df8                get_lod
                0x0000000018012f10                get_nth
                0x0000000018013058                loc_cpu
                0x0000000018013090                unl_cpu
                0x00000000180130c8                dis_dsp
                0x0000000018013140                ena_dsp
                0x0000000018013244                sns_ctx
                0x000000001801327c                sns_loc
                0x00000000180132b4                sns_dsp
                0x00000000180132f4                sns_dpn
                0x0000000018013354                sns_ker
 .text          0x0000000018013394      0xa10 ./libkernel.a(interrupt.o)
                0x00000000180138e0                dis_int
                0x0000000018013974                ena_int
                0x0000000018013a08                clr_int
                0x0000000018013abc                ras_int
                0x0000000018013b64                prb_int
                0x0000000018013bf4                chg_ipm
                0x0000000018013d38                get_ipm
 .text          0x0000000018013da4       0xe0 ./libkernel.a(gic_support.o)
                0x0000000018013da4                _kernel_irc_begin_int
                0x0000000018013e24                _kernel_irc_end_int
                0x0000000018013e34                _kernel_irc_get_intpri
                0x0000000018013e48                _kernel_irc_begin_exc
                0x0000000018013e58                _kernel_irc_end_exc
 .text          0x0000000018013e84      0x77c ./libkernel.a(wait.o)
                0x00000000180142fc                _kernel_make_wait_tmout
                0x00000000180143dc                _kernel_wait_complete
                0x0000000018014418                _kernel_wait_tmout
                0x0000000018014460                _kernel_wait_tmout_ok
                0x0000000018014510                _kernel_wobj_make_wait
                0x0000000018014550                _kernel_wobj_make_wait_tmout
                0x00000000180145a0                _kernel_init_wait_queue
 .text          0x0000000018014600      0x278 /opt/Atollic_TrueSTUDIO_for_ARM_x86_64_8.0.0/ARMTools/bin/../lib/gcc/arm-atollic-eabi/6.3.1/armv7-ar/thumb/fpu/libgcc.a(_udivsi3.o)
                0x0000000018014600                __udivsi3
                0x0000000018014600                __aeabi_uidiv
                0x000000001801485c                __aeabi_uidivmod
 .text          0x0000000018014878      0x2b0 /opt/Atollic_TrueSTUDIO_for_ARM_x86_64_8.0.0/ARMTools/bin/../lib/gcc/arm-atollic-eabi/6.3.1/armv7-ar/thumb/fpu/libgcc.a(_divsi3.o)
                0x0000000018014878                __aeabi_idiv
                0x0000000018014878                __divsi3
                0x0000000018014b0c                __aeabi_idivmod
 .text          0x0000000018014b28        0x4 /opt/Atollic_TrueSTUDIO_for_ARM_x86_64_8.0.0/ARMTools/bin/../lib/gcc/arm-atollic-eabi/6.3.1/armv7-ar/thumb/fpu/libgcc.a(_dvmd_tls.o)
                0x0000000018014b28                __aeabi_ldiv0
                0x0000000018014b28                __aeabi_idiv0
 .text          0x0000000018014b2c      0x370 /opt/Atollic_TrueSTUDIO_for_ARM_x86_64_8.0.0/ARMTools/bin/../lib/gcc/arm-atollic-eabi/6.3.1/armv7-ar/thumb/fpu/libgcc.a(_arm_addsubdf3.o)
                0x0000000018014b2c                __aeabi_drsub
                0x0000000018014b34                __aeabi_dsub
                0x0000000018014b34                __subdf3
                0x0000000018014b38                __adddf3
                0x0000000018014b38                __aeabi_dadd
                0x0000000018014db0                __aeabi_ui2d
                0x0000000018014db0                __floatunsidf
                0x0000000018014dd0                __floatsidf
                0x0000000018014dd0                __aeabi_i2d
                0x0000000018014df4                __extendsfdf2
                0x0000000018014df4                __aeabi_f2d
                0x0000000018014e30                __aeabi_ul2d
                0x0000000018014e30                __floatundidf
                0x0000000018014e40                __floatdidf
                0x0000000018014e40                __aeabi_l2d
 *fill*         0x0000000018014e9c        0x4 
 .text          0x0000000018014ea0       0x48 /opt/Atollic_TrueSTUDIO_for_ARM_x86_64_8.0.0/ARMTools/bin/../lib/gcc/arm-atollic-eabi/6.3.1/armv7-ar/thumb/fpu/libgcc.a(_fixunsdfdi.o)
                0x0000000018014ea0                __aeabi_d2ulz
                0x0000000018014ea0                __fixunsdfdi
 .text._ZdlPv   0x0000000018014ee8        0x4 /opt/Atollic_TrueSTUDIO_for_ARM_x86_64_8.0.0/ARMTools/bin/../lib/gcc/arm-atollic-eabi/6.3.1/../../../../arm-atollic-eabi/lib/armv7-ar/thumb/fpu/libstdc++_nano.a(del_op.o)
                0x0000000018014ee8                operator delete(void*)
 .text.__aeabi_atexit
                0x0000000018014eec        0xa /opt/Atollic_TrueSTUDIO_for_ARM_x86_64_8.0.0/ARMTools/bin/../lib/gcc/arm-atollic-eabi/6.3.1/../../../../arm-atollic-eabi/lib/armv7-ar/thumb/fpu/libstdc++_nano.a(atexit_arm.o)
                0x0000000018014eec                __aeabi_atexit
 *fill*         0x0000000018014ef6        0x2 
 .text.__cxa_atexit
                0x0000000018014ef8       0x1c /opt/Atollic_TrueSTUDIO_for_ARM_x86_64_8.0.0/ARMTools/bin/../lib/gcc/arm-atollic-eabi/6.3.1/../../../../arm-atollic-eabi/lib/armv7-ar/thumb/fpu/libc_nano.a(lib_a-cxa_atexit.o)
                0x0000000018014ef8                __cxa_atexit
 .text.exit     0x0000000018014f14       0x28 /opt/Atollic_TrueSTUDIO_for_ARM_x86_64_8.0.0/ARMTools/bin/../lib/gcc/arm-atollic-eabi/6.3.1/../../../../arm-atollic-eabi/lib/armv7-ar/thumb/fpu/libc_nano.a(lib_a-exit.o)
                0x0000000018014f14                exit
 .text.malloc   0x0000000018014f3c       0x10 /opt/Atollic_TrueSTUDIO_for_ARM_x86_64_8.0.0/ARMTools/bin/../lib/gcc/arm-atollic-eabi/6.3.1/../../../../arm-atollic-eabi/lib/armv7-ar/thumb/fpu/libc_nano.a(lib_a-malloc.o)
                0x0000000018014f3c                malloc
 .text.free     0x0000000018014f4c       0x10 /opt/Atollic_TrueSTUDIO_for_ARM_x86_64_8.0.0/ARMTools/bin/../lib/gcc/arm-atollic-eabi/6.3.1/../../../../arm-atollic-eabi/lib/armv7-ar/thumb/fpu/libc_nano.a(lib_a-malloc.o)
                0x0000000018014f4c                free
 .text.memchr   0x0000000018014f5c       0x1c /opt/Atollic_TrueSTUDIO_for_ARM_x86_64_8.0.0/ARMTools/bin/../lib/gcc/arm-atollic-eabi/6.3.1/../../../../arm-atollic-eabi/lib/armv7-ar/thumb/fpu/libc_nano.a(lib_a-memchr-stub.o)
                0x0000000018014f5c                memchr
 .text.memcpy   0x0000000018014f78       0x16 /opt/Atollic_TrueSTUDIO_for_ARM_x86_64_8.0.0/ARMTools/bin/../lib/gcc/arm-atollic-eabi/6.3.1/../../../../arm-atollic-eabi/lib/armv7-ar/thumb/fpu/libc_nano.a(lib_a-memcpy-stub.o)
                0x0000000018014f78                memcpy
 .text.memset   0x0000000018014f8e       0x10 /opt/Atollic_TrueSTUDIO_for_ARM_x86_64_8.0.0/ARMTools/bin/../lib/gcc/arm-atollic-eabi/6.3.1/../../../../arm-atollic-eabi/lib/armv7-ar/thumb/fpu/libc_nano.a(lib_a-memset.o)
                0x0000000018014f8e                memset
 *fill*         0x0000000018014f9e        0x2 
 .text._free_r  0x0000000018014fa0       0x98 /opt/Atollic_TrueSTUDIO_for_ARM_x86_64_8.0.0/ARMTools/bin/../lib/gcc/arm-atollic-eabi/6.3.1/../../../../arm-atollic-eabi/lib/armv7-ar/thumb/fpu/libc_nano.a(lib_a-nano-freer.o)
                0x0000000018014fa0                _free_r
 .text._malloc_r
                0x0000000018015038       0xbc /opt/Atollic_TrueSTUDIO_for_ARM_x86_64_8.0.0/ARMTools/bin/../lib/gcc/arm-atollic-eabi/6.3.1/../../../../arm-atollic-eabi/lib/armv7-ar/thumb/fpu/libc_nano.a(lib_a-nano-mallocr.o)
                0x0000000018015038                _malloc_r
 .text.__cvt    0x00000000180150f4       0xa6 /opt/Atollic_TrueSTUDIO_for_ARM_x86_64_8.0.0/ARMTools/bin/../lib/gcc/arm-atollic-eabi/6.3.1/../../../../arm-atollic-eabi/lib/armv7-ar/thumb/fpu/libc_nano.a(lib_a-nano-vfprintf_float.o)
                0x00000000180150f4                __cvt
 .text.__exponent
                0x000000001801519a       0x76 /opt/Atollic_TrueSTUDIO_for_ARM_x86_64_8.0.0/ARMTools/bin/../lib/gcc/arm-atollic-eabi/6.3.1/../../../../arm-atollic-eabi/lib/armv7-ar/thumb/fpu/libc_nano.a(lib_a-nano-vfprintf_float.o)
                0x000000001801519a                __exponent
 .text._printf_float
                0x0000000018015210      0x458 /opt/Atollic_TrueSTUDIO_for_ARM_x86_64_8.0.0/ARMTools/bin/../lib/gcc/arm-atollic-eabi/6.3.1/../../../../arm-atollic-eabi/lib/armv7-ar/thumb/fpu/libc_nano.a(lib_a-nano-vfprintf_float.o)
                0x0000000018015210                _printf_float
 .text._printf_common
                0x0000000018015668       0xf4 /opt/Atollic_TrueSTUDIO_for_ARM_x86_64_8.0.0/ARMTools/bin/../lib/gcc/arm-atollic-eabi/6.3.1/../../../../arm-atollic-eabi/lib/armv7-ar/thumb/fpu/libc_nano.a(lib_a-nano-vfprintf_i.o)
                0x0000000018015668                _printf_common
 .text._printf_i
                0x000000001801575c      0x258 /opt/Atollic_TrueSTUDIO_for_ARM_x86_64_8.0.0/ARMTools/bin/../lib/gcc/arm-atollic-eabi/6.3.1/../../../../arm-atollic-eabi/lib/armv7-ar/thumb/fpu/libc_nano.a(lib_a-nano-vfprintf_i.o)
                0x000000001801575c                _printf_i
 .text._scanf_float
                0x00000000180159b4      0x3b4 /opt/Atollic_TrueSTUDIO_for_ARM_x86_64_8.0.0/ARMTools/bin/../lib/gcc/arm-atollic-eabi/6.3.1/../../../../arm-atollic-eabi/lib/armv7-ar/thumb/fpu/libc_nano.a(lib_a-nano-vfscanf_float.o)
                0x00000000180159b4                _scanf_float
 .text._sbrk_r  0x0000000018015d68       0x20 /opt/Atollic_TrueSTUDIO_for_ARM_x86_64_8.0.0/ARMTools/bin/../lib/gcc/arm-atollic-eabi/6.3.1/../../../../arm-atollic-eabi/lib/armv7-ar/thumb/fpu/libc_nano.a(lib_a-sbrkr.o)
                0x0000000018015d68                _sbrk_r
 .text.nanf     0x0000000018015d88        0xc /opt/Atollic_TrueSTUDIO_for_ARM_x86_64_8.0.0/ARMTools/bin/../lib/gcc/arm-atollic-eabi/6.3.1/../../../../arm-atollic-eabi/lib/armv7-ar/thumb/fpu/libc_nano.a(lib_a-sf_nan.o)
                0x0000000018015d88                nanf
 .text.sprintf  0x0000000018015d94       0x48 /opt/Atollic_TrueSTUDIO_for_ARM_x86_64_8.0.0/ARMTools/bin/../lib/gcc/arm-atollic-eabi/6.3.1/../../../../arm-atollic-eabi/lib/armv7-ar/thumb/fpu/libc_nano.a(lib_a-sprintf.o)
                0x0000000018015d94                sprintf
                0x0000000018015d94                siprintf
 .text          0x0000000018015ddc       0x10 /opt/Atollic_TrueSTUDIO_for_ARM_x86_64_8.0.0/ARMTools/bin/../lib/gcc/arm-atollic-eabi/6.3.1/../../../../arm-atollic-eabi/lib/armv7-ar/thumb/fpu/libc_nano.a(lib_a-strlen.o)
                0x0000000018015ddc                strlen
 .text.strncmp  0x0000000018015dec       0x24 /opt/Atollic_TrueSTUDIO_for_ARM_x86_64_8.0.0/ARMTools/bin/../lib/gcc/arm-atollic-eabi/6.3.1/../../../../arm-atollic-eabi/lib/armv7-ar/thumb/fpu/libc_nano.a(lib_a-strncmp.o)
                0x0000000018015dec                strncmp
 .text.unlikely.sulp
                0x0000000018015e10       0x34 /opt/Atollic_TrueSTUDIO_for_ARM_x86_64_8.0.0/ARMTools/bin/../lib/gcc/arm-atollic-eabi/6.3.1/../../../../arm-atollic-eabi/lib/armv7-ar/thumb/fpu/libc_nano.a(lib_a-strtod.o)
 *fill*         0x0000000018015e44        0x4 
 .text._strtod_l
                0x0000000018015e48      0xb78 /opt/Atollic_TrueSTUDIO_for_ARM_x86_64_8.0.0/ARMTools/bin/../lib/gcc/arm-atollic-eabi/6.3.1/../../../../arm-atollic-eabi/lib/armv7-ar/thumb/fpu/libc_nano.a(lib_a-strtod.o)
                0x0000000018015e48                _strtod_l
 .text._strtod_r
                0x00000000180169c0       0x20 /opt/Atollic_TrueSTUDIO_for_ARM_x86_64_8.0.0/ARMTools/bin/../lib/gcc/arm-atollic-eabi/6.3.1/../../../../arm-atollic-eabi/lib/armv7-ar/thumb/fpu/libc_nano.a(lib_a-strtod.o)
                0x00000000180169c0                _strtod_r
 .text._strtol_l.isra.0
                0x00000000180169e0      0x10a /opt/Atollic_TrueSTUDIO_for_ARM_x86_64_8.0.0/ARMTools/bin/../lib/gcc/arm-atollic-eabi/6.3.1/../../../../arm-atollic-eabi/lib/armv7-ar/thumb/fpu/libc_nano.a(lib_a-strtol.o)
 *fill*         0x0000000018016aea        0x2 
 .text._strtol_r
                0x0000000018016aec       0x24 /opt/Atollic_TrueSTUDIO_for_ARM_x86_64_8.0.0/ARMTools/bin/../lib/gcc/arm-atollic-eabi/6.3.1/../../../../arm-atollic-eabi/lib/armv7-ar/thumb/fpu/libc_nano.a(lib_a-strtol.o)
                0x0000000018016aec                _strtol_r
 .text.quorem   0x0000000018016b10      0x120 /opt/Atollic_TrueSTUDIO_for_ARM_x86_64_8.0.0/ARMTools/bin/../lib/gcc/arm-atollic-eabi/6.3.1/../../../../arm-atollic-eabi/lib/armv7-ar/thumb/fpu/libc_nano.a(lib_a-dtoa.o)
 .text._dtoa_r  0x0000000018016c30      0xac4 /opt/Atollic_TrueSTUDIO_for_ARM_x86_64_8.0.0/ARMTools/bin/../lib/gcc/arm-atollic-eabi/6.3.1/../../../../arm-atollic-eabi/lib/armv7-ar/thumb/fpu/libc_nano.a(lib_a-dtoa.o)
                0x0000000018016c30                _dtoa_r
 .text.rshift   0x00000000180176f4       0x6a /opt/Atollic_TrueSTUDIO_for_ARM_x86_64_8.0.0/ARMTools/bin/../lib/gcc/arm-atollic-eabi/6.3.1/../../../../arm-atollic-eabi/lib/armv7-ar/thumb/fpu/libc_nano.a(lib_a-gdtoa-gethex.o)
 .text.__hexdig_fun
                0x000000001801775e       0x2a /opt/Atollic_TrueSTUDIO_for_ARM_x86_64_8.0.0/ARMTools/bin/../lib/gcc/arm-atollic-eabi/6.3.1/../../../../arm-atollic-eabi/lib/armv7-ar/thumb/fpu/libc_nano.a(lib_a-gdtoa-gethex.o)
                0x000000001801775e                __hexdig_fun
 .text.__gethex
                0x0000000018017788      0x43c /opt/Atollic_TrueSTUDIO_for_ARM_x86_64_8.0.0/ARMTools/bin/../lib/gcc/arm-atollic-eabi/6.3.1/../../../../arm-atollic-eabi/lib/armv7-ar/thumb/fpu/libc_nano.a(lib_a-gdtoa-gethex.o)
                0x0000000018017788                __gethex
 .text.L_shift  0x0000000018017bc4       0x24 /opt/Atollic_TrueSTUDIO_for_ARM_x86_64_8.0.0/ARMTools/bin/../lib/gcc/arm-atollic-eabi/6.3.1/../../../../arm-atollic-eabi/lib/armv7-ar/thumb/fpu/libc_nano.a(lib_a-gdtoa-hexnan.o)
 .text.__match  0x0000000018017be8       0x26 /opt/Atollic_TrueSTUDIO_for_ARM_x86_64_8.0.0/ARMTools/bin/../lib/gcc/arm-atollic-eabi/6.3.1/../../../../arm-atollic-eabi/lib/armv7-ar/thumb/fpu/libc_nano.a(lib_a-gdtoa-hexnan.o)
                0x0000000018017be8                __match
 .text.__hexnan
                0x0000000018017c0e      0x11e /opt/Atollic_TrueSTUDIO_for_ARM_x86_64_8.0.0/ARMTools/bin/../lib/gcc/arm-atollic-eabi/6.3.1/../../../../arm-atollic-eabi/lib/armv7-ar/thumb/fpu/libc_nano.a(lib_a-gdtoa-hexnan.o)
                0x0000000018017c0e                __hexnan
 .text.__locale_ctype_ptr_l
                0x0000000018017d2c        0x6 /opt/Atollic_TrueSTUDIO_for_ARM_x86_64_8.0.0/ARMTools/bin/../lib/gcc/arm-atollic-eabi/6.3.1/../../../../arm-atollic-eabi/lib/armv7-ar/thumb/fpu/libc_nano.a(lib_a-locale.o)
                0x0000000018017d2c                __locale_ctype_ptr_l
 .text.__localeconv_l
                0x0000000018017d32        0x4 /opt/Atollic_TrueSTUDIO_for_ARM_x86_64_8.0.0/ARMTools/bin/../lib/gcc/arm-atollic-eabi/6.3.1/../../../../arm-atollic-eabi/lib/armv7-ar/thumb/fpu/libc_nano.a(lib_a-localeconv.o)
                0x0000000018017d32                __localeconv_l
 *fill*         0x0000000018017d36        0x2 
 .text._localeconv_r
                0x0000000018017d38       0x1c /opt/Atollic_TrueSTUDIO_for_ARM_x86_64_8.0.0/ARMTools/bin/../lib/gcc/arm-atollic-eabi/6.3.1/../../../../arm-atollic-eabi/lib/armv7-ar/thumb/fpu/libc_nano.a(lib_a-localeconv.o)
                0x0000000018017d38                _localeconv_r
 .text.__ascii_mbtowc
                0x0000000018017d54       0x24 /opt/Atollic_TrueSTUDIO_for_ARM_x86_64_8.0.0/ARMTools/bin/../lib/gcc/arm-atollic-eabi/6.3.1/../../../../arm-atollic-eabi/lib/armv7-ar/thumb/fpu/libc_nano.a(lib_a-mbtowc_r.o)
                0x0000000018017d54                __ascii_mbtowc
 .text.__malloc_lock
                0x0000000018017d78        0x2 /opt/Atollic_TrueSTUDIO_for_ARM_x86_64_8.0.0/ARMTools/bin/../lib/gcc/arm-atollic-eabi/6.3.1/../../../../arm-atollic-eabi/lib/armv7-ar/thumb/fpu/libc_nano.a(lib_a-mlock.o)
                0x0000000018017d78                __malloc_lock
 .text.__malloc_unlock
                0x0000000018017d7a        0x2 /opt/Atollic_TrueSTUDIO_for_ARM_x86_64_8.0.0/ARMTools/bin/../lib/gcc/arm-atollic-eabi/6.3.1/../../../../arm-atollic-eabi/lib/armv7-ar/thumb/fpu/libc_nano.a(lib_a-mlock.o)
                0x0000000018017d7a                __malloc_unlock
 .text._Balloc  0x0000000018017d7c       0x68 /opt/Atollic_TrueSTUDIO_for_ARM_x86_64_8.0.0/ARMTools/bin/../lib/gcc/arm-atollic-eabi/6.3.1/../../../../arm-atollic-eabi/lib/armv7-ar/thumb/fpu/libc_nano.a(lib_a-mprec.o)
                0x0000000018017d7c                _Balloc
 .text._Bfree   0x0000000018017de4       0x2e /opt/Atollic_TrueSTUDIO_for_ARM_x86_64_8.0.0/ARMTools/bin/../lib/gcc/arm-atollic-eabi/6.3.1/../../../../arm-atollic-eabi/lib/armv7-ar/thumb/fpu/libc_nano.a(lib_a-mprec.o)
                0x0000000018017de4                _Bfree
 .text.__multadd
                0x0000000018017e12       0x7a /opt/Atollic_TrueSTUDIO_for_ARM_x86_64_8.0.0/ARMTools/bin/../lib/gcc/arm-atollic-eabi/6.3.1/../../../../arm-atollic-eabi/lib/armv7-ar/thumb/fpu/libc_nano.a(lib_a-mprec.o)
                0x0000000018017e12                __multadd
 .text.__s2b    0x0000000018017e8c       0x7e /opt/Atollic_TrueSTUDIO_for_ARM_x86_64_8.0.0/ARMTools/bin/../lib/gcc/arm-atollic-eabi/6.3.1/../../../../arm-atollic-eabi/lib/armv7-ar/thumb/fpu/libc_nano.a(lib_a-mprec.o)
                0x0000000018017e8c                __s2b
 .text.__hi0bits
                0x0000000018017f0a       0x3e /opt/Atollic_TrueSTUDIO_for_ARM_x86_64_8.0.0/ARMTools/bin/../lib/gcc/arm-atollic-eabi/6.3.1/../../../../arm-atollic-eabi/lib/armv7-ar/thumb/fpu/libc_nano.a(lib_a-mprec.o)
                0x0000000018017f0a                __hi0bits
 .text.__lo0bits
                0x0000000018017f48       0x5e /opt/Atollic_TrueSTUDIO_for_ARM_x86_64_8.0.0/ARMTools/bin/../lib/gcc/arm-atollic-eabi/6.3.1/../../../../arm-atollic-eabi/lib/armv7-ar/thumb/fpu/libc_nano.a(lib_a-mprec.o)
                0x0000000018017f48                __lo0bits
 .text.__i2b    0x0000000018017fa6       0x12 /opt/Atollic_TrueSTUDIO_for_ARM_x86_64_8.0.0/ARMTools/bin/../lib/gcc/arm-atollic-eabi/6.3.1/../../../../arm-atollic-eabi/lib/armv7-ar/thumb/fpu/libc_nano.a(lib_a-mprec.o)
                0x0000000018017fa6                __i2b
 .text.__multiply
                0x0000000018017fb8      0x11a /opt/Atollic_TrueSTUDIO_for_ARM_x86_64_8.0.0/ARMTools/bin/../lib/gcc/arm-atollic-eabi/6.3.1/../../../../arm-atollic-eabi/lib/armv7-ar/thumb/fpu/libc_nano.a(lib_a-mprec.o)
                0x0000000018017fb8                __multiply
 *fill*         0x00000000180180d2        0x2 
 .text.__pow5mult
                0x00000000180180d4       0x9c /opt/Atollic_TrueSTUDIO_for_ARM_x86_64_8.0.0/ARMTools/bin/../lib/gcc/arm-atollic-eabi/6.3.1/../../../../arm-atollic-eabi/lib/armv7-ar/thumb/fpu/libc_nano.a(lib_a-mprec.o)
                0x00000000180180d4                __pow5mult
 .text.__lshift
                0x0000000018018170       0xa2 /opt/Atollic_TrueSTUDIO_for_ARM_x86_64_8.0.0/ARMTools/bin/../lib/gcc/arm-atollic-eabi/6.3.1/../../../../arm-atollic-eabi/lib/armv7-ar/thumb/fpu/libc_nano.a(lib_a-mprec.o)
                0x0000000018018170                __lshift
 .text.__mcmp   0x0000000018018212       0x34 /opt/Atollic_TrueSTUDIO_for_ARM_x86_64_8.0.0/ARMTools/bin/../lib/gcc/arm-atollic-eabi/6.3.1/../../../../arm-atollic-eabi/lib/armv7-ar/thumb/fpu/libc_nano.a(lib_a-mprec.o)
                0x0000000018018212                __mcmp
 .text.__mdiff  0x0000000018018246       0xc2 /opt/Atollic_TrueSTUDIO_for_ARM_x86_64_8.0.0/ARMTools/bin/../lib/gcc/arm-atollic-eabi/6.3.1/../../../../arm-atollic-eabi/lib/armv7-ar/thumb/fpu/libc_nano.a(lib_a-mprec.o)
                0x0000000018018246                __mdiff
 .text.__ulp    0x0000000018018308       0x4c /opt/Atollic_TrueSTUDIO_for_ARM_x86_64_8.0.0/ARMTools/bin/../lib/gcc/arm-atollic-eabi/6.3.1/../../../../arm-atollic-eabi/lib/armv7-ar/thumb/fpu/libc_nano.a(lib_a-mprec.o)
                0x0000000018018308                __ulp
 .text.__b2d    0x0000000018018354       0x9c /opt/Atollic_TrueSTUDIO_for_ARM_x86_64_8.0.0/ARMTools/bin/../lib/gcc/arm-atollic-eabi/6.3.1/../../../../arm-atollic-eabi/lib/armv7-ar/thumb/fpu/libc_nano.a(lib_a-mprec.o)
                0x0000000018018354                __b2d
 .text.__d2b    0x00000000180183f0       0x9e /opt/Atollic_TrueSTUDIO_for_ARM_x86_64_8.0.0/ARMTools/bin/../lib/gcc/arm-atollic-eabi/6.3.1/../../../../arm-atollic-eabi/lib/armv7-ar/thumb/fpu/libc_nano.a(lib_a-mprec.o)
                0x00000000180183f0                __d2b
 .text.__ratio  0x000000001801848e       0x4e /opt/Atollic_TrueSTUDIO_for_ARM_x86_64_8.0.0/ARMTools/bin/../lib/gcc/arm-atollic-eabi/6.3.1/../../../../arm-atollic-eabi/lib/armv7-ar/thumb/fpu/libc_nano.a(lib_a-mprec.o)
                0x000000001801848e                __ratio
 .text.__copybits
                0x00000000180184dc       0x34 /opt/Atollic_TrueSTUDIO_for_ARM_x86_64_8.0.0/ARMTools/bin/../lib/gcc/arm-atollic-eabi/6.3.1/../../../../arm-atollic-eabi/lib/armv7-ar/thumb/fpu/libc_nano.a(lib_a-mprec.o)
                0x00000000180184dc                __copybits
 .text.__any_on
                0x0000000018018510       0x42 /opt/Atollic_TrueSTUDIO_for_ARM_x86_64_8.0.0/ARMTools/bin/../lib/gcc/arm-atollic-eabi/6.3.1/../../../../arm-atollic-eabi/lib/armv7-ar/thumb/fpu/libc_nano.a(lib_a-mprec.o)
                0x0000000018018510                __any_on
 .text._calloc_r
                0x0000000018018552       0x1c /opt/Atollic_TrueSTUDIO_for_ARM_x86_64_8.0.0/ARMTools/bin/../lib/gcc/arm-atollic-eabi/6.3.1/../../../../arm-atollic-eabi/lib/armv7-ar/thumb/fpu/libc_nano.a(lib_a-nano-callocr.o)
                0x0000000018018552                _calloc_r
 .text.__ssputs_r
                0x000000001801856e       0xb6 /opt/Atollic_TrueSTUDIO_for_ARM_x86_64_8.0.0/ARMTools/bin/../lib/gcc/arm-atollic-eabi/6.3.1/../../../../arm-atollic-eabi/lib/armv7-ar/thumb/fpu/libc_nano.a(lib_a-nano-svfprintf.o)
                0x000000001801856e                __ssputs_r
 .text._svfprintf_r
                0x0000000018018624      0x1e8 /opt/Atollic_TrueSTUDIO_for_ARM_x86_64_8.0.0/ARMTools/bin/../lib/gcc/arm-atollic-eabi/6.3.1/../../../../arm-atollic-eabi/lib/armv7-ar/thumb/fpu/libc_nano.a(lib_a-nano-svfprintf.o)
                0x0000000018018624                _svfprintf_r
                0x0000000018018624                _svfiprintf_r
 .text.__ascii_wctomb
                0x000000001801880c       0x1a /opt/Atollic_TrueSTUDIO_for_ARM_x86_64_8.0.0/ARMTools/bin/../lib/gcc/arm-atollic-eabi/6.3.1/../../../../arm-atollic-eabi/lib/armv7-ar/thumb/fpu/libc_nano.a(lib_a-wctomb_r.o)
                0x000000001801880c                __ascii_wctomb
 .text.memmove  0x0000000018018826       0x34 /opt/Atollic_TrueSTUDIO_for_ARM_x86_64_8.0.0/ARMTools/bin/../lib/gcc/arm-atollic-eabi/6.3.1/../../../../arm-atollic-eabi/lib/armv7-ar/thumb/fpu/libc_nano.a(lib_a-memmove.o)
                0x0000000018018826                memmove
 .text._realloc_r
                0x000000001801885a       0x4c /opt/Atollic_TrueSTUDIO_for_ARM_x86_64_8.0.0/ARMTools/bin/../lib/gcc/arm-atollic-eabi/6.3.1/../../../../arm-atollic-eabi/lib/armv7-ar/thumb/fpu/libc_nano.a(lib_a-nano-reallocr.o)
                0x000000001801885a                _realloc_r
 .text._malloc_usable_size_r
                0x00000000180188a6       0x12 /opt/Atollic_TrueSTUDIO_for_ARM_x86_64_8.0.0/ARMTools/bin/../lib/gcc/arm-atollic-eabi/6.3.1/../../../../arm-atollic-eabi/lib/armv7-ar/thumb/fpu/libc_nano.a(lib_a-nano-msizer.o)
                0x00000000180188a6                _malloc_usable_size_r
 *(.init)
 *(.fini)
 *crtbegin.o(.ctors)
 *crtbegin?.o(.ctors)
 *(EXCLUDE_FILE(*crtend.o *crtend?.o) .ctors)
 *(SORT(.ctors.*))
 *(.ctors)
 *crtbegin.o(.dtors)
 *crtbegin?.o(.dtors)
 *(EXCLUDE_FILE(*crtend.o *crtend?.o) .dtors)
 *(SORT(.dtors.*))
 *(.dtors)
                0x00000000180188b8                Image$$RO_DATA$$Base = .
 *(.rodata*)
 .rodata        0x00000000180188b8       0x6a log_output.o
 *fill*         0x0000000018018922        0x2 
 .rodata        0x0000000018018924        0x4 tTask_tecsgen.o
                0x0000000018018924                tTask_INIB_tab
 .rodata        0x0000000018018928        0x8 tSemaphore_tecsgen.o
                0x0000000018018928                tSemaphore_INIB_tab
 .rodata        0x0000000018018930        0x8 tInterruptRequest_tecsgen.o
                0x0000000018018930                tInterruptRequest_INIB_tab
 .rodata        0x0000000018018938       0x10 tISR_tecsgen.o
                0x0000000018018938                tISR_INIB_tab
 .rodata        0x0000000018018948       0x30 tSerialPortMain_tecsgen.o
                0x0000000018018948                tSerialPortMain_eSerialPort_MT_
                0x0000000018018960                tSerialPortMain_INIB_tab
                0x0000000018018970                SerialPort1_SerialPortMain_eSerialPort_des
 .rodata        0x0000000018018978       0x10 tSysLog_tecsgen.o
                0x0000000018018978                tSysLog_SINGLE_CELL_INIB
 .rodata        0x0000000018018988        0x8 tLogTaskMain_tecsgen.o
                0x0000000018018988                tLogTaskMain_SINGLE_CELL_INIB
 .rodata        0x0000000018018990       0x18 tBannerMain_tecsgen.o
                0x00000000180189a0                tBannerMain_SINGLE_CELL_INIB
 .rodata        0x00000000180189a8       0x20 tSCIF_tecsgen.o
                0x00000000180189a8                tSCIF_eiRxISR_MT_
                0x00000000180189ac                tSCIF_eiTxISR_MT_
                0x00000000180189b0                tSCIF_INIB_tab
                0x00000000180189b8                SIOPortTarget1_SCIF_eiRxISR_des
                0x00000000180189c0                SIOPortTarget1_SCIF_eiTxISR_des
 .rodata        0x00000000180189c8       0x39 tLogTaskMain.o
 *fill*         0x0000000018018a01        0x3 
 .rodata        0x0000000018018a04      0x15b tBannerMain.o
 *fill*         0x0000000018018b5f        0x1 
 .rodata        0x0000000018018b60       0x33 tSCIF.o
 *fill*         0x0000000018018b93        0x1 
 .rodata        0x0000000018018b94      0xc54 kernel_cfg.o
                0x0000000018018b94                _kernel_tmax_tskid
                0x0000000018018b98                _kernel_tinib_table
                0x0000000018018be0                _kernel_torder_table
                0x0000000018018bec                _kernel_tmax_semid
                0x0000000018018bf0                _kernel_seminib_table
                0x0000000018018c08                _kernel_tmax_flgid
                0x0000000018018c0c                _kernel_tmax_dtqid
                0x0000000018018c10                _kernel_tmax_pdqid
                0x0000000018018c14                _kernel_tmax_mtxid
                0x0000000018018c18                _kernel_tmax_mpfid
                0x0000000018018c1c                _kernel_tmax_cycid
                0x0000000018018c20                _kernel_tmax_almid
                0x0000000018018c24                _kernel_tnum_cfg_intno
                0x0000000018018c28                _kernel_intinib_table
                0x0000000018018c4c                _kernel_istksz
                0x0000000018018c50                _kernel_istk
                0x0000000018018c54                _kernel_istkpt
                0x0000000018018c58                _kernel_inh_table
                0x0000000018019584                _kernel_intcfg_table
                0x00000000180197d0                _kernel_exc_table
 .rodata._ZTVN4mbed7TimeoutE
                0x00000000180197e8       0x14 libmbed.a(Timeout.o)
                0x00000000180197e8                vtable for mbed::Timeout
 .rodata._ZTVN4mbed10TimerEventE
                0x00000000180197fc       0x14 libmbed.a(TimerEvent.o)
                0x00000000180197fc                vtable for mbed::TimerEvent
 .rodata._ZTVN4mbed6TickerE
                0x0000000018019810       0x14 libmbed.a(Ticker.o)
                0x0000000018019810                vtable for mbed::Ticker
 .rodata.PIPC_0_tbl
                0x0000000018019824      0x420 libmbed.a(pinmap.o)
 .rodata.us_interface
                0x0000000018019c44       0x14 libmbed.a(us_ticker_api.o)
 .rodata.us_data
                0x0000000018019c58        0x8 libmbed.a(us_ticker_api.o)
 .rodata        0x0000000018019c60        0x4 ./libkernel.a(target_kernel_impl.o)
                0x0000000018019c60                _kernel_arm_tnum_memory_area
 .rodata        0x0000000018019c64       0x77 ./libkernel.a(chip_kernel_impl.o)
 *fill*         0x0000000018019cdb        0x1 
 .rodata        0x0000000018019cdc      0x22a ./libkernel.a(core_kernel_impl.o)
 *fill*         0x0000000018019f06        0x2 
 .rodata        0x0000000018019f08       0x7b ./libkernel.a(task.o)
 *fill*         0x0000000018019f83        0x1 
 .rodata        0x0000000018019f84       0x42 ./libkernel.a(time_event.o)
 *fill*         0x0000000018019fc6        0x2 
 .rodata        0x0000000018019fc8       0x38 ./libkernel.a(task_sync.o)
 .rodata        0x000000001801a000       0x57 ./libkernel.a(semaphore.o)
 *fill*         0x000000001801a057        0x1 
 .rodata        0x000000001801a058       0xc1 ./libkernel.a(wait.o)
 *fill*         0x000000001801a119        0x3 
 .rodata.__sf_fake_stderr
                0x000000001801a11c       0x20 /opt/Atollic_TrueSTUDIO_for_ARM_x86_64_8.0.0/ARMTools/bin/../lib/gcc/arm-atollic-eabi/6.3.1/../../../../arm-atollic-eabi/lib/armv7-ar/thumb/fpu/libc_nano.a(lib_a-findfp.o)
                0x000000001801a11c                __sf_fake_stderr
 .rodata.__sf_fake_stdin
                0x000000001801a13c       0x20 /opt/Atollic_TrueSTUDIO_for_ARM_x86_64_8.0.0/ARMTools/bin/../lib/gcc/arm-atollic-eabi/6.3.1/../../../../arm-atollic-eabi/lib/armv7-ar/thumb/fpu/libc_nano.a(lib_a-findfp.o)
                0x000000001801a13c                __sf_fake_stdin
 .rodata.__sf_fake_stdout
                0x000000001801a15c       0x20 /opt/Atollic_TrueSTUDIO_for_ARM_x86_64_8.0.0/ARMTools/bin/../lib/gcc/arm-atollic-eabi/6.3.1/../../../../arm-atollic-eabi/lib/armv7-ar/thumb/fpu/libc_nano.a(lib_a-findfp.o)
                0x000000001801a15c                __sf_fake_stdout
 .rodata._global_impure_ptr
                0x000000001801a17c        0x4 /opt/Atollic_TrueSTUDIO_for_ARM_x86_64_8.0.0/ARMTools/bin/../lib/gcc/arm-atollic-eabi/6.3.1/../../../../arm-atollic-eabi/lib/armv7-ar/thumb/fpu/libc_nano.a(lib_a-impure.o)
                0x000000001801a17c                _global_impure_ptr
 .rodata._printf_float.str1.1
                0x000000001801a180       0x12 /opt/Atollic_TrueSTUDIO_for_ARM_x86_64_8.0.0/ARMTools/bin/../lib/gcc/arm-atollic-eabi/6.3.1/../../../../arm-atollic-eabi/lib/armv7-ar/thumb/fpu/libc_nano.a(lib_a-nano-vfprintf_float.o)
 .rodata._printf_i.str1.1
                0x000000001801a192       0x22 /opt/Atollic_TrueSTUDIO_for_ARM_x86_64_8.0.0/ARMTools/bin/../lib/gcc/arm-atollic-eabi/6.3.1/../../../../arm-atollic-eabi/lib/armv7-ar/thumb/fpu/libc_nano.a(lib_a-nano-vfprintf_i.o)
 .rodata._scanf_float.str1.1
                0x000000001801a1b4        0x5 /opt/Atollic_TrueSTUDIO_for_ARM_x86_64_8.0.0/ARMTools/bin/../lib/gcc/arm-atollic-eabi/6.3.1/../../../../arm-atollic-eabi/lib/armv7-ar/thumb/fpu/libc_nano.a(lib_a-nano-vfscanf_float.o)
 .rodata._strtod_l.str1.1
                0x000000001801a1b9        0x5 /opt/Atollic_TrueSTUDIO_for_ARM_x86_64_8.0.0/ARMTools/bin/../lib/gcc/arm-atollic-eabi/6.3.1/../../../../arm-atollic-eabi/lib/armv7-ar/thumb/fpu/libc_nano.a(lib_a-strtod.o)
                                          0xc (size before relaxing)
 *fill*         0x000000001801a1b9        0x3 
 .rodata.fpi.7257
                0x000000001801a1bc       0x14 /opt/Atollic_TrueSTUDIO_for_ARM_x86_64_8.0.0/ARMTools/bin/../lib/gcc/arm-atollic-eabi/6.3.1/../../../../arm-atollic-eabi/lib/armv7-ar/thumb/fpu/libc_nano.a(lib_a-strtod.o)
 .rodata.fpinan.7293
                0x000000001801a1d0       0x14 /opt/Atollic_TrueSTUDIO_for_ARM_x86_64_8.0.0/ARMTools/bin/../lib/gcc/arm-atollic-eabi/6.3.1/../../../../arm-atollic-eabi/lib/armv7-ar/thumb/fpu/libc_nano.a(lib_a-strtod.o)
 *fill*         0x000000001801a1e4        0x4 
 .rodata.tinytens
                0x000000001801a1e8       0x28 /opt/Atollic_TrueSTUDIO_for_ARM_x86_64_8.0.0/ARMTools/bin/../lib/gcc/arm-atollic-eabi/6.3.1/../../../../arm-atollic-eabi/lib/armv7-ar/thumb/fpu/libc_nano.a(lib_a-strtod.o)
 .rodata._dtoa_r.str1.1
                0x000000001801a210        0xd /opt/Atollic_TrueSTUDIO_for_ARM_x86_64_8.0.0/ARMTools/bin/../lib/gcc/arm-atollic-eabi/6.3.1/../../../../arm-atollic-eabi/lib/armv7-ar/thumb/fpu/libc_nano.a(lib_a-dtoa.o)
                                          0xf (size before relaxing)
 .rodata._setlocale_r.str1.1
                0x000000001801a21d        0x8 /opt/Atollic_TrueSTUDIO_for_ARM_x86_64_8.0.0/ARMTools/bin/../lib/gcc/arm-atollic-eabi/6.3.1/../../../../arm-atollic-eabi/lib/armv7-ar/thumb/fpu/libc_nano.a(lib_a-locale.o)
                                          0x9 (size before relaxing)
 .rodata.str1.1
                0x000000001801a225        0x2 /opt/Atollic_TrueSTUDIO_for_ARM_x86_64_8.0.0/ARMTools/bin/../lib/gcc/arm-atollic-eabi/6.3.1/../../../../arm-atollic-eabi/lib/armv7-ar/thumb/fpu/libc_nano.a(lib_a-locale.o)
 *fill*         0x000000001801a227        0x1 
 .rodata.__mprec_bigtens
                0x000000001801a228       0x28 /opt/Atollic_TrueSTUDIO_for_ARM_x86_64_8.0.0/ARMTools/bin/../lib/gcc/arm-atollic-eabi/6.3.1/../../../../arm-atollic-eabi/lib/armv7-ar/thumb/fpu/libc_nano.a(lib_a-mprec.o)
                0x000000001801a228                __mprec_bigtens
 .rodata.__mprec_tens
                0x000000001801a250       0xc8 /opt/Atollic_TrueSTUDIO_for_ARM_x86_64_8.0.0/ARMTools/bin/../lib/gcc/arm-atollic-eabi/6.3.1/../../../../arm-atollic-eabi/lib/armv7-ar/thumb/fpu/libc_nano.a(lib_a-mprec.o)
                0x000000001801a250                __mprec_tens
 .rodata.p05.7175
                0x000000001801a318        0xc /opt/Atollic_TrueSTUDIO_for_ARM_x86_64_8.0.0/ARMTools/bin/../lib/gcc/arm-atollic-eabi/6.3.1/../../../../arm-atollic-eabi/lib/armv7-ar/thumb/fpu/libc_nano.a(lib_a-mprec.o)
 .rodata._svfprintf_r.str1.1
                0x000000001801a324       0x11 /opt/Atollic_TrueSTUDIO_for_ARM_x86_64_8.0.0/ARMTools/bin/../lib/gcc/arm-atollic-eabi/6.3.1/../../../../arm-atollic-eabi/lib/armv7-ar/thumb/fpu/libc_nano.a(lib_a-nano-svfprintf.o)
 .rodata._ctype_
                0x000000001801a335      0x101 /opt/Atollic_TrueSTUDIO_for_ARM_x86_64_8.0.0/ARMTools/bin/../lib/gcc/arm-atollic-eabi/6.3.1/../../../../arm-atollic-eabi/lib/armv7-ar/thumb/fpu/libc_nano.a(lib_a-ctype_.o)
                0x000000001801a335                _ctype_
                0x000000001801a436                Image$$RO_DATA$$Limit = .
 *(.eh_frame*)

.glue_7         0x000000001801a438        0x0
 .glue_7        0x000000001801a438        0x0 linker stubs

.glue_7t        0x000000001801a438        0x0
 .glue_7t       0x000000001801a438        0x0 linker stubs

.vfp11_veneer   0x000000001801a438        0x0
 .vfp11_veneer  0x000000001801a438        0x0 linker stubs

.v4_bx          0x000000001801a438        0x0
 .v4_bx         0x000000001801a438        0x0 linker stubs

.iplt           0x000000001801a438        0x0
 .iplt          0x000000001801a438        0x0 start.o

.rel.dyn        0x000000001801a438        0x0
 .rel.iplt      0x000000001801a438        0x0 start.o

.ARM.extab
 *(.ARM.extab* .gnu.linkonce.armextab.*)
                0x000000001801a438                __exidx_start = .

.ARM.exidx
 *(.ARM.exidx* .gnu.linkonce.armexidx.*)
                0x000000001801a438                __exidx_end = .

.copy.table     0x000000001801a436       0x1a
                0x000000001801a438                . = ALIGN (0x4)
 *fill*         0x000000001801a436        0x2 
                0x000000001801a438                __copy_table_start__ = .
                0x000000001801a438        0x4 LONG 0x1801a460 __etext
                0x000000001801a43c        0x4 LONG 0x20020000 __data_start__
                0x000000001801a440        0x4 LONG 0x220 (__data_end__ - __data_start__)
                0x000000001801a444        0x4 LONG 0x1801a680 __etext2
                0x000000001801a448        0x4 LONG 0x20900000 __nc_data_start
                0x000000001801a44c        0x4 LONG 0x0 (__nc_data_end - __nc_data_start)
                0x000000001801a450                __copy_table_end__ = .

.zero.table     0x000000001801a450       0x10
                0x000000001801a450                . = ALIGN (0x4)
                0x000000001801a450                __zero_table_start__ = .
                0x000000001801a450        0x4 LONG 0x20020400 __bss_start__
                0x000000001801a454        0x4 LONG 0x83bc (__bss_end__ - __bss_start__)
                0x000000001801a458        0x4 LONG 0x20900000 __nc_bss_start
                0x000000001801a45c        0x4 LONG 0x0 (__nc_bss_end - __nc_bss_start)
                0x000000001801a460                __zero_table_end__ = .
                0x000000001801a460                __etext = .

.ttb            0x0000000020000000     0x4000
                0x0000000020000000                Image$$TTB$$ZI$$Base = .
                0x0000000020004000                . = (. + 0x4000)
 *fill*         0x0000000020000000     0x4000 
                0x0000000020004000                Image$$TTB$$ZI$$Limit = .

.data           0x0000000020020000      0x220 load address 0x000000001801a460
                0x0000000020020000                Image$$RW_DATA$$Base = .
                0x0000000020020000                __data_start__ = .
 *(vtable)
 *(.data*)
 .data.IRQCount
                0x0000000020020000        0x4 libmbed.a(system_MBRZA1H.o)
                0x0000000020020000                IRQCount
 .data._ZZ5_sbrkE4heap
                0x0000000020020004        0x4 libmbed.a(retarget.o)
 .data.gpio_multi_guard
                0x0000000020020008        0x2 libmbed.a(pinmap.o)
                0x0000000020020008                gpio_multi_guard
 *fill*         0x000000002002000a        0x2 
 .data          0x000000002002000c       0x40 ./libkernel.a(target_kernel_impl.o)
                0x000000002002000c                _kernel_arm_memory_area
 .data._impure_ptr
                0x000000002002004c        0x4 /opt/Atollic_TrueSTUDIO_for_ARM_x86_64_8.0.0/ARMTools/bin/../lib/gcc/arm-atollic-eabi/6.3.1/../../../../arm-atollic-eabi/lib/armv7-ar/thumb/fpu/libc_nano.a(lib_a-impure.o)
                0x000000002002004c                _impure_ptr
 .data.impure_data
                0x0000000020020050       0x60 /opt/Atollic_TrueSTUDIO_for_ARM_x86_64_8.0.0/ARMTools/bin/../lib/gcc/arm-atollic-eabi/6.3.1/../../../../arm-atollic-eabi/lib/armv7-ar/thumb/fpu/libc_nano.a(lib_a-impure.o)
 .data.__global_locale
                0x00000000200200b0      0x16c /opt/Atollic_TrueSTUDIO_for_ARM_x86_64_8.0.0/ARMTools/bin/../lib/gcc/arm-atollic-eabi/6.3.1/../../../../arm-atollic-eabi/lib/armv7-ar/thumb/fpu/libc_nano.a(lib_a-locale.o)
                0x00000000200200b0                __global_locale
                0x000000002002021c                Image$$RW_DATA$$Limit = .
                0x000000002002021c                . = ALIGN (0x4)
                0x000000002002021c                PROVIDE (__preinit_array_start, .)
 *(.preinit_array)
                0x000000002002021c                PROVIDE (__preinit_array_end, .)
                0x000000002002021c                . = ALIGN (0x4)
                0x000000002002021c                PROVIDE (__init_array_start, .)
 *(SORT(.init_array.*))
 *(.init_array)
 .init_array    0x000000002002021c        0x4 blinky.o
                0x0000000020020220                PROVIDE (__init_array_end, .)
                0x0000000020020220                . = ALIGN (0x4)
                [!provide]                        PROVIDE (__fini_array_start, .)
 *(SORT(.fini_array.*))
 *(.fini_array)
                [!provide]                        PROVIDE (__fini_array_end, .)
                0x0000000020020220                . = ALIGN (0x4)
                0x0000000020020220                __data_end__ = .

.igot.plt       0x0000000020020220        0x0 load address 0x000000001801a680
 .igot.plt      0x0000000020020220        0x0 start.o

.bss            0x0000000020020400     0x83bc load address 0x000000001801a860
                0x0000000020020400                Image$$ZI_DATA$$Base = .
                0x0000000020020400                __bss_start__ = .
 *(.bss*)
 .bss._ZL7flipper
                0x0000000020020400       0x30 blinky.o
 .bss._ZL4ledu  0x0000000020020430       0x18 blinky.o
 .bss._ZL4ledr  0x0000000020020448       0x84 blinky.o
 .bss._ZL4ledg  0x00000000200204cc       0x84 blinky.o
 .bss._ZL4ledb  0x0000000020020550       0x84 blinky.o
 .bss._ZL8syscnt_u
                0x00000000200205d4        0x4 blinky.o
 .bss._ZL8syscnt_r
                0x00000000200205d8        0x4 blinky.o
 .bss._ZL8syscnt_g
                0x00000000200205dc        0x4 blinky.o
 .bss._ZL8syscnt_b
                0x00000000200205e0        0x4 blinky.o
 .bss._ZL8flg_ledu
                0x00000000200205e4        0x4 blinky.o
 .bss._ZL8flg_ledr
                0x00000000200205e8        0x4 blinky.o
 .bss._ZL8flg_ledg
                0x00000000200205ec        0x4 blinky.o
 .bss._ZL8flg_ledb
                0x00000000200205f0        0x4 blinky.o
 *fill*         0x00000000200205f4        0x4 
 .bss           0x00000000200205f8     0x3800 kernel_cfg.o
 .bss.Sect_Normal
                0x0000000020023df8        0x4 libmbed.a(mmu_Renesas_RZ_A1.o)
 .bss.Sect_Normal_NC
                0x0000000020023dfc        0x4 libmbed.a(mmu_Renesas_RZ_A1.o)
 .bss.Sect_Normal_Cod
                0x0000000020023e00        0x4 libmbed.a(mmu_Renesas_RZ_A1.o)
 .bss.Sect_Normal_RO
                0x0000000020023e04        0x4 libmbed.a(mmu_Renesas_RZ_A1.o)
 .bss.Sect_Normal_RW
                0x0000000020023e08        0x4 libmbed.a(mmu_Renesas_RZ_A1.o)
 .bss.Sect_Device_RO
                0x0000000020023e0c        0x4 libmbed.a(mmu_Renesas_RZ_A1.o)
 .bss.Sect_Device_RW
                0x0000000020023e10        0x4 libmbed.a(mmu_Renesas_RZ_A1.o)
 .bss.Page_L1_4k
                0x0000000020023e14        0x4 libmbed.a(mmu_Renesas_RZ_A1.o)
 .bss.Page_L1_64k
                0x0000000020023e18        0x4 libmbed.a(mmu_Renesas_RZ_A1.o)
 .bss.Page_4k_Device_RW
                0x0000000020023e1c        0x4 libmbed.a(mmu_Renesas_RZ_A1.o)
 .bss.Page_64k_Device_RW
                0x0000000020023e20        0x4 libmbed.a(mmu_Renesas_RZ_A1.o)
 .bss.__dso_handle
                0x0000000020023e24        0x4 libmbed.a(common.o)
                0x0000000020023e24                __dso_handle
 .bss.events    0x0000000020023e28        0x8 libmbed.a(us_ticker_api.o)
 .bss.us_ticker_inited
                0x0000000020023e30        0x4 libmbed.a(us_ticker.o)
                0x0000000020023e30                us_ticker_inited
 *fill*         0x0000000020023e34        0x4 
 .bss.count_clock
                0x0000000020023e38        0x8 libmbed.a(us_ticker.o)
 .bss.last_read
                0x0000000020023e40        0x4 libmbed.a(us_ticker.o)
 .bss.wrap_arround
                0x0000000020023e44        0x4 libmbed.a(us_ticker.o)
 .bss.ticker_us_last64
                0x0000000020023e48        0x8 libmbed.a(us_ticker.o)
 *fill*         0x0000000020023e50      0x1b0 
 .bss           0x0000000020024000     0x4000 ./libkernel.a(core_kernel_impl.o)
 .bss           0x0000000020028000        0x4 ./libkernel.a(startup.o)
                0x0000000020028000                _kernel_kerflg
 .bss           0x0000000020028004        0xc ./libkernel.a(taskhook.o)
                0x0000000020028004                _kernel_mtxhook_check_ceilpri
                0x0000000020028008                _kernel_mtxhook_scan_ceilmtx
                0x000000002002800c                _kernel_mtxhook_release_all
 .bss.__malloc_free_list
                0x0000000020028010        0x4 /opt/Atollic_TrueSTUDIO_for_ARM_x86_64_8.0.0/ARMTools/bin/../lib/gcc/arm-atollic-eabi/6.3.1/../../../../arm-atollic-eabi/lib/armv7-ar/thumb/fpu/libc_nano.a(lib_a-nano-mallocr.o)
                0x0000000020028010                __malloc_free_list
 .bss.__malloc_sbrk_start
                0x0000000020028014        0x4 /opt/Atollic_TrueSTUDIO_for_ARM_x86_64_8.0.0/ARMTools/bin/../lib/gcc/arm-atollic-eabi/6.3.1/../../../../arm-atollic-eabi/lib/armv7-ar/thumb/fpu/libc_nano.a(lib_a-nano-mallocr.o)
                0x0000000020028014                __malloc_sbrk_start
 *(COMMON)
 COMMON         0x0000000020028018      0x234 tSerialPortMain_tecsgen.o
                0x0000000020028018                tSerialPortMain_SerialPort1_SerialPortMain_CB_receiveBuffer_INIT
                0x0000000020028118                tSerialPortMain_SerialPort1_SerialPortMain_CB_sendBuffer_INIT
                0x0000000020028218                tSerialPortMain_CB_tab
 COMMON         0x000000002002824c      0x41c tSysLog_tecsgen.o
                0x000000002002824c                tSysLog_SINGLE_CELL_CB
                0x0000000020028268                tSysLog_SINGLE_CELL_CB_logBuffer_INIT
 COMMON         0x0000000020028668        0x8 tSCIF_tecsgen.o
                0x0000000020028668                tSCIF_CB_tab
 COMMON         0x0000000020028670       0x90 kernel_cfg.o
                0x0000000020028670                _kernel_cyccb_table
                0x0000000020028670                _kernel_pdqinib_table
                0x0000000020028670                _kernel_mtxcb_table
                0x0000000020028670                _kernel_pdqcb_table
                0x0000000020028670                _kernel_dtqinib_table
                0x0000000020028670                _kernel_dtqcb_table
                0x0000000020028670                _kernel_semcb_table
                0x0000000020028690                _kernel_alminib_table
                0x0000000020028690                _kernel_flginib_table
                0x0000000020028690                _kernel_tmevt_heap
                0x00000000200286a0                _kernel_almcb_table
                0x00000000200286a0                _kernel_mtxinib_table
                0x00000000200286a0                _kernel_cycinib_table
                0x00000000200286a0                _kernel_mpfcb_table
                0x00000000200286a0                _kernel_tcb_table
                0x0000000020028700                _kernel_mpfinib_table
                0x0000000020028700                _kernel_flgcb_table
 COMMON         0x0000000020028700        0x4 ./libkernel.a(core_kernel_impl.o)
                0x0000000020028700                _kernel_excpt_nest_count
 COMMON         0x0000000020028704       0x94 ./libkernel.a(task.o)
                0x0000000020028704                _kernel_p_schedtsk
                0x0000000020028708                _kernel_ready_queue
                0x0000000020028788                _kernel_dspflg
                0x000000002002878c                _kernel_ready_primap
                0x0000000020028790                _kernel_p_runtsk
                0x0000000020028794                _kernel_enadsp
 COMMON         0x0000000020028798       0x20 ./libkernel.a(time_event.o)
                0x0000000020028798                _kernel_monotonic_evttim
                0x000000002002879c                _kernel_in_signal_time
                0x00000000200287a0                _kernel_boundary_evttim
                0x00000000200287a4                _kernel_current_evttim
                0x00000000200287a8                _kernel_current_hrtcnt
                0x00000000200287b0                _kernel_systim_offset
 COMMON         0x00000000200287b8        0x4 /opt/Atollic_TrueSTUDIO_for_ARM_x86_64_8.0.0/ARMTools/bin/../lib/gcc/arm-atollic-eabi/6.3.1/../../../../arm-atollic-eabi/lib/armv7-ar/thumb/fpu/libc_nano.a(lib_a-reent.o)
                0x00000000200287b8                errno
                0x00000000200287bc                __bss_end__ = .
                0x00000000200287bc                Image$$ZI_DATA$$Limit = .

.heap           0x00000000200287c0    0x80000
                0x00000000200287c0                __end__ = .
                0x00000000200287c0                end = __end__
 *(.heap*)
 .heap          0x00000000200287c0    0x80000 libmbed.a(startup_RZ1AH.o)
                0x00000000200287c0                __HeapBase
                0x00000000200a87c0                __HeapLimit = .

.stack_dummy    0x00000000200287c0    0x14300
 *(.stack)
 .stack         0x00000000200287c0    0x14300 libmbed.a(startup_RZ1AH.o)
                0x000000001801a680                __etext2 = (__etext + SIZEOF (.data))

.nc_data        0x0000000020900000        0x0 load address 0x000000001801a680
                0x0000000020900000                Image$$RW_DATA_NC$$Base = .
                0x0000000020900000                __nc_data_start = .
 *(NC_DATA)
                0x0000000020900000                . = ALIGN (0x4)
                0x0000000020900000                __nc_data_end = .
                0x0000000020900000                Image$$RW_DATA_NC$$Limit = .

.nc_bss         0x0000000020900000        0x0
                0x0000000020900000                Image$$ZI_DATA_NC$$Base = .
                0x0000000020900000                __nc_bss_start = .
 *(NC_BSS)
                0x0000000020900000                . = ALIGN (0x4)
                0x0000000020900000                __nc_bss_end = .
                0x0000000020900000                Image$$ZI_DATA_NC$$Limit = .
                0x0000000020720000                __StackTop = (ORIGIN (RAM) + LENGTH (RAM))
                0x000000002070bd00                __StackLimit = (__StackTop - SIZEOF (.stack_dummy))
                [!provide]                        PROVIDE (__stack, __StackTop)
                0x0000000000000001                ASSERT ((__StackLimit >= __HeapLimit), region RAM overflowed with stack)
OUTPUT(asp.elf elf32-littlearm)

.ARM.attributes
                0x0000000000000000       0x39
 .ARM.attributes
                0x0000000000000000       0x29 start.o
 .ARM.attributes
                0x0000000000000029       0x3d log_output.o
 .ARM.attributes
                0x0000000000000066       0x3b blinky.o
 .ARM.attributes
                0x00000000000000a1       0x3d sf_boot.o
 .ARM.attributes
                0x00000000000000de       0x3d tTask_tecsgen.o
 .ARM.attributes
                0x000000000000011b       0x3d tSemaphore_tecsgen.o
 .ARM.attributes
                0x0000000000000158       0x3d tInterruptRequest_tecsgen.o
 .ARM.attributes
                0x0000000000000195       0x3d tISR_tecsgen.o
 .ARM.attributes
                0x00000000000001d2       0x3d tInitializeRoutine_tecsgen.o
 .ARM.attributes
                0x000000000000020f       0x3d tTerminateRoutine_tecsgen.o
 .ARM.attributes
                0x000000000000024c       0x3d tSerialPortMain_tecsgen.o
 .ARM.attributes
                0x0000000000000289       0x3d tSerialAdapter_tecsgen.o
 .ARM.attributes
                0x00000000000002c6       0x3d tSysLog_tecsgen.o
 .ARM.attributes
                0x0000000000000303       0x3d tSysLogAdapter_tecsgen.o
 .ARM.attributes
                0x0000000000000340       0x3d tLogTaskMain_tecsgen.o
 .ARM.attributes
                0x000000000000037d       0x3d tBannerMain_tecsgen.o
 .ARM.attributes
                0x00000000000003ba       0x3d tPutLogGRPeach_tecsgen.o
 .ARM.attributes
                0x00000000000003f7       0x3d tSCIF_tecsgen.o
 .ARM.attributes
                0x0000000000000434       0x3d tSIOPortGRPeachMain_tecsgen.o
 .ARM.attributes
                0x0000000000000471       0x3d tTask.o
 .ARM.attributes
                0x00000000000004ae       0x3d tISR.o
 .ARM.attributes
                0x00000000000004eb       0x3d tInitializeRoutine.o
 .ARM.attributes
                0x0000000000000528       0x3d tTerminateRoutine.o
 .ARM.attributes
                0x0000000000000565       0x3d tSerialPortMain.o
 .ARM.attributes
                0x00000000000005a2       0x3d tSysLog.o
 .ARM.attributes
                0x00000000000005df       0x3d tSysLogAdapter.o
 .ARM.attributes
                0x000000000000061c       0x3d tLogTaskMain.o
 .ARM.attributes
                0x0000000000000659       0x3d tBannerMain.o
 .ARM.attributes
                0x0000000000000696       0x3d tPutLogGRPeach.o
 .ARM.attributes
                0x00000000000006d3       0x3d tSCIF.o
 .ARM.attributes
                0x0000000000000710       0x3d init_tecs.o
 .ARM.attributes
                0x000000000000074d       0x3d kernel_cfg.o
 .ARM.attributes
                0x000000000000078a       0x29 libmbed.a(startup_RZ1AH.o)
 .ARM.attributes
                0x00000000000007b3       0x3b libmbed.a(RZ_A1_Init.o)
 .ARM.attributes
                0x00000000000007ee       0x3b libmbed.a(mmu_Renesas_RZ_A1.o)
 .ARM.attributes
                0x0000000000000829       0x3b libmbed.a(system_MBRZA1H.o)
 .ARM.attributes
                0x0000000000000864       0x3b libmbed.a(gpio.o)
 .ARM.attributes
                0x000000000000089f       0x3b libmbed.a(common.o)
 .ARM.attributes
                0x00000000000008da       0x3b libmbed.a(Timeout.o)
 .ARM.attributes
                0x0000000000000915       0x3b libmbed.a(TimerEvent.o)
 .ARM.attributes
                0x0000000000000950       0x3b libmbed.a(retarget.o)
 .ARM.attributes
                0x000000000000098b       0x3b libmbed.a(Ticker.o)
 .ARM.attributes
                0x00000000000009c6       0x3b libmbed.a(SoftPWM.o)
 .ARM.attributes
                0x0000000000000a01       0x29 libmbed.a(cache.o)
 .ARM.attributes
                0x0000000000000a2a       0x3b libmbed.a(gic.o)
 .ARM.attributes
                0x0000000000000a65       0x3b libmbed.a(pl310.o)
 .ARM.attributes
                0x0000000000000aa0       0x3b libmbed.a(gpio_api.o)
 .ARM.attributes
                0x0000000000000adb       0x3b libmbed.a(pinmap.o)
 .ARM.attributes
                0x0000000000000b16       0x3b libmbed.a(board.o)
 .ARM.attributes
                0x0000000000000b51       0x3b libmbed.a(us_ticker_api.o)
 .ARM.attributes
                0x0000000000000b8c       0x3b libmbed.a(wait_api.o)
 .ARM.attributes
                0x0000000000000bc7       0x3b libmbed.a(ticker_api.o)
 .ARM.attributes
                0x0000000000000c02       0x3b libmbed.a(us_ticker.o)
 .ARM.attributes
                0x0000000000000c3d       0x29 ./libkernel.a(target_support.o)
 .ARM.attributes
                0x0000000000000c66       0x29 ./libkernel.a(core_support.o)
 .ARM.attributes
                0x0000000000000c8f       0x3d ./libkernel.a(target_kernel_impl.o)
 .ARM.attributes
                0x0000000000000ccc       0x3d ./libkernel.a(pl310.o)
 .ARM.attributes
                0x0000000000000d09       0x3d ./libkernel.a(chip_kernel_impl.o)
 .ARM.attributes
                0x0000000000000d46       0x3d ./libkernel.a(gic_kernel_impl.o)
 .ARM.attributes
                0x0000000000000d83       0x3d ./libkernel.a(chip_timer.o)
 .ARM.attributes
                0x0000000000000dc0       0x3d ./libkernel.a(core_kernel_impl.o)
 .ARM.attributes
                0x0000000000000dfd       0x3d ./libkernel.a(arm.o)
 .ARM.attributes
                0x0000000000000e3a       0x3d ./libkernel.a(startup.o)
 .ARM.attributes
                0x0000000000000e77       0x3d ./libkernel.a(task.o)
 .ARM.attributes