Archive member included to satisfy reference by file (symbol)

libmbed.a(startup_RZ1AH.o)    (Reset_Handler)
libmbed.a(RZ_A1_Init.o)       libmbed.a(startup_RZ1AH.o) (RZ_A1_SetSramWriteEnable)
libmbed.a(mmu_Renesas_RZ_A1.o)
                              libmbed.a(startup_RZ1AH.o) (create_translation_table)
libmbed.a(system_MBRZA1H.o)   libmbed.a(startup_RZ1AH.o) (InitMemorySubsystem)
libmbed.a(gpio.o)             blinky.o (gpio_init_out)
libmbed.a(common.o)           blinky.o (__dso_handle)
libmbed.a(Timeout.o)          blinky.o (vtable for mbed::Timeout)
libmbed.a(TimerEvent.o)       blinky.o (mbed::TimerEvent::TimerEvent())
libmbed.a(retarget.o)         libmbed.a(TimerEvent.o) (__cxa_pure_virtual)
libmbed.a(Ticker.o)           blinky.o (mbed::Ticker::detach())
libmbed.a(SoftPWM.o)          blinky.o (SoftPWM::SoftPWM(PinName, bool))
libmbed.a(cache.o)            libmbed.a(system_MBRZA1H.o) (__v7_all_cache)
libmbed.a(gic.o)              libmbed.a(system_MBRZA1H.o) (GIC_Enable)
libmbed.a(pl310.o)            libmbed.a(system_MBRZA1H.o) (PL310_GetID)
libmbed.a(gpio_api.o)         libmbed.a(gpio.o) (gpio_init)
libmbed.a(pinmap.o)           libmbed.a(gpio_api.o) (pin_function)
libmbed.a(serial_api.o)       libmbed.a(retarget.o) (stdio_uart_inited)
libmbed.a(assert.o)           libmbed.a(serial_api.o) (mbed_assert_internal)
libmbed.a(board.o)            libmbed.a(retarget.o) (mbed_die)
libmbed.a(error.o)            libmbed.a(retarget.o) (error)
libmbed.a(pinmap_common.o)    libmbed.a(serial_api.o) (pinmap_pinout)
libmbed.a(us_ticker_api.o)    libmbed.a(TimerEvent.o) (get_us_ticker_data)
libmbed.a(wait_api.o)         libmbed.a(SoftPWM.o) (wait)
libmbed.a(ticker_api.o)       libmbed.a(TimerEvent.o) (ticker_set_handler)
libmbed.a(FilePath.o)         libmbed.a(retarget.o) (mbed::FilePath::FilePath(char const*))
libmbed.a(FileSystemLike.o)   libmbed.a(retarget.o) (mbed::FileSystemLike::opendir())
libmbed.a(us_ticker.o)        libmbed.a(us_ticker_api.o) (us_ticker_init)
libmbed.a(FileBase.o)         libmbed.a(FileSystemLike.o) (mbed::FileBase::FileBase(char const*, mbed::PathType))
./libkernel.a(target_support.o)
                              start.o (hardware_init_hook)
./libkernel.a(core_support.o)
                              libmbed.a(startup_RZ1AH.o) (_kernel_irq_handler)
./libkernel.a(target_kernel_impl.o)
                              libmbed.a(system_MBRZA1H.o) (gr_peach_set_led)
./libkernel.a(pl310.o)        ./libkernel.a(target_kernel_impl.o) (_kernel_pl310_initialize)
./libkernel.a(chip_kernel_impl.o)
                              ./libkernel.a(target_kernel_impl.o) (_kernel_chip_initialize)
./libkernel.a(gic_kernel_impl.o)
                              ./libkernel.a(chip_kernel_impl.o) (_kernel_gicc_initialize)
./libkernel.a(chip_timer.o)   kernel_cfg.o (_kernel_target_hrt_initialize)
./libkernel.a(core_kernel_impl.o)
                              ./libkernel.a(core_support.o) (_kernel_excpt_nest_count)
./libkernel.a(arm.o)          ./libkernel.a(chip_kernel_impl.o) (arm_enable_dcache)
./libkernel.a(startup.o)      start.o (sta_ker)
./libkernel.a(task.o)         ./libkernel.a(core_support.o) (_kernel_p_runtsk)
./libkernel.a(taskhook.o)     ./libkernel.a(task.o) (_kernel_mtxhook_release_all)
./libkernel.a(time_event.o)   ./libkernel.a(startup.o) (_kernel_current_hrtcnt)
./libkernel.a(task_sync.o)    tLogTaskMain.o (dly_tsk)
./libkernel.a(task_term.o)    ./libkernel.a(core_support.o) (ext_tsk)
./libkernel.a(semaphore.o)    kernel_cfg.o (_kernel_initialize_semaphore)
./libkernel.a(sys_manage.o)   tSerialPortMain.o (loc_cpu)
./libkernel.a(interrupt.o)    tSerialPortMain.o (dis_int)
./libkernel.a(gic_support.o)  ./libkernel.a(core_support.o) (_kernel_irc_begin_int)
./libkernel.a(wait.o)         ./libkernel.a(task_sync.o) (_kernel_make_wait_tmout)
/usr/local/Cellar/gcc-arm-none-eabi/20171218/bin/../lib/gcc/arm-none-eabi/7.2.1/thumb/v7-ar/fpv3/hard/libgcc.a(_udivsi3.o)
                              log_output.o (__aeabi_uidiv)
/usr/local/Cellar/gcc-arm-none-eabi/20171218/bin/../lib/gcc/arm-none-eabi/7.2.1/thumb/v7-ar/fpv3/hard/libgcc.a(_divsi3.o)
                              libmbed.a(serial_api.o) (__aeabi_idiv)
/usr/local/Cellar/gcc-arm-none-eabi/20171218/bin/../lib/gcc/arm-none-eabi/7.2.1/thumb/v7-ar/fpv3/hard/libgcc.a(_dvmd_tls.o)
                              /usr/local/Cellar/gcc-arm-none-eabi/20171218/bin/../lib/gcc/arm-none-eabi/7.2.1/thumb/v7-ar/fpv3/hard/libgcc.a(_udivsi3.o) (__aeabi_idiv0)
/usr/local/Cellar/gcc-arm-none-eabi/20171218/bin/../lib/gcc/arm-none-eabi/7.2.1/thumb/v7-ar/fpv3/hard/libgcc.a(_arm_addsubdf3.o)
                              libmbed.a(us_ticker.o) (__aeabi_ul2d)
/usr/local/Cellar/gcc-arm-none-eabi/20171218/bin/../lib/gcc/arm-none-eabi/7.2.1/thumb/v7-ar/fpv3/hard/libgcc.a(_fixunsdfdi.o)
                              libmbed.a(us_ticker.o) (__aeabi_d2ulz)
[...]
Memory Configuration

Name             Origin             Length             Attributes
ROM              0x0000000000000000 0x0000000002000000 xr
BOOT_LOADER      0x0000000018000000 0x0000000000004000 xr
SFLASH           0x0000000018004000 0x0000000007ffc000 xr
L_TTB            0x0000000020000000 0x0000000000004000 rw
RAM              0x0000000020020000 0x0000000000700000 xrw
RAM_NC           0x0000000020900000 0x0000000000100000 xrw
*default*        0x0000000000000000 0xffffffffffffffff

Linker script and memory map

LOAD start.o
LOAD log_output.o
LOAD vasyslog.o
LOAD t_perror.o
LOAD strerror.o
LOAD blinky.o
LOAD sf_boot.o
LOAD tTask_tecsgen.o
LOAD tSemaphore_tecsgen.o
LOAD tInterruptRequest_tecsgen.o
LOAD tISR_tecsgen.o
LOAD tInitializeRoutine_tecsgen.o
LOAD tTerminateRoutine_tecsgen.o
LOAD tSerialPortMain_tecsgen.o
LOAD tSerialAdapter_tecsgen.o
LOAD tSysLog_tecsgen.o
LOAD tSysLogAdapter_tecsgen.o
LOAD tLogTaskMain_tecsgen.o
LOAD tBannerMain_tecsgen.o
LOAD tPutLogGRPeach_tecsgen.o
LOAD tSCIF_tecsgen.o
LOAD tSIOPortGRPeachMain_tecsgen.o
LOAD tTask.o
LOAD tISR.o
LOAD tInitializeRoutine.o
LOAD tTerminateRoutine.o
LOAD tSerialPortMain.o
LOAD tSerialAdapter.o
LOAD tSysLog.o
LOAD tSysLogAdapter.o
LOAD tLogTaskMain.o
LOAD tBannerMain.o
LOAD tPutLogGRPeach.o
LOAD tSCIF.o
LOAD init_tecs.o
LOAD kernel_cfg.o
LOAD libmbed.a
LOAD ./libkernel.a
LOAD /usr/local/Cellar/gcc-arm-none-eabi/20171218/bin/../lib/gcc/arm-none-eabi/7.2.1/thumb/v7-ar/fpv3/hard/libgcc.a
LOAD /usr/local/Cellar/gcc-arm-none-eabi/20171218/bin/../lib/gcc/arm-none-eabi/7.2.1/../../../../arm-none-eabi/lib/thumb/v7-ar/fpv3/hard/libstdc++_nano.a
LOAD /usr/local/Cellar/gcc-arm-none-eabi/20171218/bin/../lib/gcc/arm-none-eabi/7.2.1/../../../../arm-none-eabi/lib/thumb/v7-ar/fpv3/hard/libsupc++_nano.a
LOAD /usr/local/Cellar/gcc-arm-none-eabi/20171218/bin/../lib/gcc/arm-none-eabi/7.2.1/../../../../arm-none-eabi/lib/thumb/v7-ar/fpv3/hard/libm.a
LOAD /usr/local/Cellar/gcc-arm-none-eabi/20171218/bin/../lib/gcc/arm-none-eabi/7.2.1/../../../../arm-none-eabi/lib/thumb/v7-ar/fpv3/hard/libc_nano.a
LOAD /usr/local/Cellar/gcc-arm-none-eabi/20171218/bin/../lib/gcc/arm-none-eabi/7.2.1/../../../../arm-none-eabi/lib/thumb/v7-ar/fpv3/hard/libc_nano.a
LOAD /usr/local/Cellar/gcc-arm-none-eabi/20171218/bin/../lib/gcc/arm-none-eabi/7.2.1/thumb/v7-ar/fpv3/hard/libgcc.a
LOAD /usr/local/Cellar/gcc-arm-none-eabi/20171218/bin/../lib/gcc/arm-none-eabi/7.2.1/../../../../arm-none-eabi/lib/thumb/v7-ar/fpv3/hard/libnosys.a
                0x0000000000000000                PROVIDE (software_init_hook, 0x0)
                [!provide]                        PROVIDE (hardware_init_hook, 0x0)
                0x0000000000000000                PROVIDE (software_term_hook, 0x0)
                0x0000000018018c50                PROVIDE (IRQTable, _kernel_inh_table)
                0x0000000020028700                PROVIDE (IRQNestLevel, _kernel_excpt_nest_count)

.boot           0x0000000018000000     0x3100
 *(.boot_loader)
 .boot_loader   0x0000000018000000     0x3100 sf_boot.o
                0x0000000018000000                boot_loader

.vector         0x0000000018003100       0x3c
 .vector        0x0000000018003100       0x3c ./libkernel.a(core_support.o)
                0x0000000018003100                vector_table
                0x0000000018003120                vector_ref_table

.text           0x0000000018004000    0x16416
                0x0000000018004000                Image$$VECTORS$$Base = .
 *(RESET)
                0x0000000018004000                Image$$VECTORS$$Limit = .
                0x0000000018004400                . = (. + 0x400)
 *fill*         0x0000000018004000      0x400 
 *(.isr_vector)
 .isr_vector    0x0000000018004400       0x40 libmbed.a(startup_RZ1AH.o)
                0x0000000018004400                __isr_vector
 *(SVC_TABLE)
 *(.text*)
 .text          0x0000000018004440       0x44 start.o
                0x0000000018004440                start
 .text          0x0000000018004484      0x608 log_output.o
                0x000000001800460c                syslog_printf
                0x00000000180049c0                syslog_print
                0x0000000018004a40                syslog_lostmsg
 .text.gpio_write
                0x0000000018004a8c       0x50 blinky.o
 .text.gpio_read
                0x0000000018004adc       0x40 blinky.o
 .text._ZN4mbed10DigitalOutC2E7PinName
                0x0000000018004b1c       0x5c blinky.o
                0x0000000018004b1c                mbed::DigitalOut::DigitalOut(PinName)
                0x0000000018004b1c                mbed::DigitalOut::DigitalOut(PinName)
 .text._ZN4mbed10DigitalOut5writeEi
                0x0000000018004b78       0x2c blinky.o
                0x0000000018004b78                mbed::DigitalOut::write(int)
 .text._ZN4mbed10DigitalOut4readEv
                0x0000000018004ba4       0x28 blinky.o
                0x0000000018004ba4                mbed::DigitalOut::read()
 .text._ZN4mbed10DigitalOutaSEi
                0x0000000018004bcc       0x2c blinky.o
                0x0000000018004bcc                mbed::DigitalOut::operator=(int)
 .text._ZN4mbed10DigitalOutcviEv
                0x0000000018004bf8       0x24 blinky.o
                0x0000000018004bf8                mbed::DigitalOut::operator int()
 .text._ZN4mbed6TickerC2Ev
                0x0000000018004c1c       0x4c blinky.o
                0x0000000018004c1c                mbed::Ticker::Ticker()
                0x0000000018004c1c                mbed::Ticker::Ticker()
 .text._ZN4mbed6Ticker9attach_usEPFvvEm
                0x0000000018004c68       0x40 blinky.o
                0x0000000018004c68                mbed::Ticker::attach_us(void (*)(), unsigned long)
 .text._ZN4mbed6TickerD2Ev
                0x0000000018004ca8       0x40 blinky.o
                0x0000000018004ca8                mbed::Ticker::~Ticker()
                0x0000000018004ca8                mbed::Ticker::~Ticker()
 .text._ZN4mbed6TickerD0Ev
                0x0000000018004ce8       0x2c blinky.o
                0x0000000018004ce8                mbed::Ticker::~Ticker()
 .text._ZN7SoftPWMaSEf
                0x0000000018004d14       0x74 blinky.o
                0x0000000018004d14                SoftPWM::operator=(float)
 .text._Z4flipv
                0x0000000018004d88      0x178 blinky.o
                0x0000000018004d88                flip()
 .text.blinky_main_task
                0x0000000018004f00      0x354 blinky.o
                0x0000000018004f00                blinky_main_task
 .text._ZN4mbed19FunctionPointerArg1IvvEC2EPFvvE
                0x0000000018005254       0x2c blinky.o
                0x0000000018005254                mbed::FunctionPointerArg1<void, void>::FunctionPointerArg1(void (*)())
                0x0000000018005254                mbed::FunctionPointerArg1<void, void>::FunctionPointerArg1(void (*)())
 .text._ZN4mbed19FunctionPointerArg1IvvE6attachEPFvvE
                0x0000000018005280       0x30 blinky.o
                0x0000000018005280                mbed::FunctionPointerArg1<void, void>::attach(void (*)())
 .text._ZN4mbed7TimeoutD2Ev
                0x00000000180052b0       0x38 blinky.o
                0x00000000180052b0                mbed::Timeout::~Timeout()
                0x00000000180052b0                mbed::Timeout::~Timeout()
 .text._ZN4mbed7TimeoutD0Ev
                0x00000000180052e8       0x2c blinky.o
                0x00000000180052e8                mbed::Timeout::~Timeout()
 .text._ZN7SoftPWMD2Ev
                0x0000000018005314       0x38 blinky.o
                0x0000000018005314                SoftPWM::~SoftPWM()
                0x0000000018005314                SoftPWM::~SoftPWM()
 .text._Z41__static_initialization_and_destruction_0ii
                0x000000001800534c      0x100 blinky.o
 .text._GLOBAL__sub_I__Z4flipv
                0x000000001800544c       0x14 blinky.o
 .text          0x0000000018005460       0x58 tTask_tecsgen.o
                0x0000000018005460                tTask_CB_initialize
 .text          0x00000000180054b8       0x58 tSemaphore_tecsgen.o
                0x00000000180054b8                tSemaphore_CB_initialize
 .text          0x0000000018005510       0x58 tInterruptRequest_tecsgen.o
                0x0000000018005510                tInterruptRequest_CB_initialize
 .text          0x0000000018005568       0x58 tISR_tecsgen.o
                0x0000000018005568                tISR_CB_initialize
 .text          0x00000000180055c0       0x40 tInitializeRoutine_tecsgen.o
                0x00000000180055c0                tInitializeRoutine_CB_initialize
 .text          0x0000000018005600       0x40 tTerminateRoutine_tecsgen.o
                0x0000000018005600                tTerminateRoutine_CB_initialize
 .text          0x0000000018005640      0x204 tSerialPortMain_tecsgen.o
                0x0000000018005640                tSerialPortMain_eSerialPort_open_skel
                0x0000000018005678                tSerialPortMain_eSerialPort_close_skel
                0x00000000180056b0                tSerialPortMain_eSerialPort_read_skel
                0x00000000180056f8                tSerialPortMain_eSerialPort_write_skel
                0x0000000018005740                tSerialPortMain_eSerialPort_control_skel
                0x0000000018005780                tSerialPortMain_eSerialPort_refer_skel
                0x00000000180057c0                tSerialPortMain_CB_initialize
 .text          0x0000000018005844       0x18 tSerialAdapter_tecsgen.o
                0x0000000018005844                tSerialAdapter_CB_initialize
 .text          0x000000001800585c       0x8c tSysLog_tecsgen.o
                0x000000001800585c                tSysLog_CB_initialize
 .text          0x00000000180058e8       0x18 tSysLogAdapter_tecsgen.o
                0x00000000180058e8                tSysLogAdapter_CB_initialize
 .text          0x0000000018005900       0x18 tLogTaskMain_tecsgen.o
                0x0000000018005900                tLogTaskMain_CB_initialize
 .text          0x0000000018005918       0x18 tBannerMain_tecsgen.o
                0x0000000018005918                tBannerMain_CB_initialize
 .text          0x0000000018005930       0x18 tPutLogGRPeach_tecsgen.o
                0x0000000018005930                tPutLogGRPeach_CB_initialize
 .text          0x0000000018005948       0xe8 tSCIF_tecsgen.o
                0x0000000018005948                tSCIF_eiRxISR_main_skel
                0x000000001800597c                tSCIF_eiTxISR_main_skel
                0x00000000180059b0                tSCIF_CB_initialize
 .text          0x0000000018005a30       0x40 tSIOPortGRPeachMain_tecsgen.o
                0x0000000018005a30                tSIOPortGRPeachMain_CB_initialize
 .text          0x0000000018005a70       0x28 tTask.o
                0x0000000018005a70                tTask_start
 .text          0x0000000018005a98       0x44 tISR.o
                0x0000000018005a98                tISR_start
 .text          0x0000000018005adc       0x28 tInitializeRoutine.o
                0x0000000018005adc                tInitializeRoutine_start
 .text          0x0000000018005b04       0x28 tTerminateRoutine.o
                0x0000000018005b04                tTerminateRoutine_start
 .text          0x0000000018005b2c     0x1358 tSerialPortMain.o
                0x0000000018005e80                tSerialPortMain_eSerialPort_open
                0x0000000018006010                tSerialPortMain_eSerialPort_close
                0x000000001800638c                tSerialPortMain_eSerialPort_write
                0x0000000018006658                tSerialPortMain_eSerialPort_read
                0x000000001800687c                tSerialPortMain_eSerialPort_control
                0x00000000180068fc                tSerialPortMain_eSerialPort_refer
                0x0000000018006990                tSerialPortMain_eiSIOCBR_readySend
                0x0000000018006ad0                tSerialPortMain_eiSIOCBR_readyReceive
                0x0000000018006db8                tSerialPortMain_enSerialPortManage_getChar
 .text          0x0000000018006e84      0x5d0 tSysLog.o
                0x0000000018007038                tSysLog_eSysLog_write
                0x00000000180071d8                tSysLog_eSysLog_read
                0x00000000180072ec                tSysLog_eSysLog_mask
                0x0000000018007340                tSysLog_eSysLog_refer
                0x00000000180073c0                tSysLog_eSysLog_flush
 .text          0x0000000018007454       0xc8 tSysLogAdapter.o
                0x0000000018007454                syslog_wri_log
                0x0000000018007484                syslog_rea_log
                0x00000000180074ac                syslog_msk_log
                0x00000000180074dc                syslog_ref_log
                0x0000000018007504                syslog_fls_log
 .text          0x000000001800751c      0x378 tLogTaskMain.o
                0x00000000180075c4                tLogTaskMain_eLogTask_flush
                0x00000000180076d0                tLogTaskMain_eLogTaskBody_main
                0x00000000180077ac                tLogTaskMain_eLogTaskTerminate_main
 .text          0x0000000018007894       0xd8 tBannerMain.o
                0x0000000018007904                tBannerMain_eBannerInitialize_main
 .text          0x000000001800796c      0x144 tPutLogGRPeach.o
                0x0000000018007a30                tPutLogGRPeach_initialize
                0x0000000018007a48                tPutLogGRPeach_ePutLog_putChar
 .text          0x0000000018007ab0      0x9d0 tSCIF.o
                0x0000000018007f4c                tSCIF_eSIOPort_open
                0x00000000180081bc                tSCIF_eSIOPort_close
                0x00000000180081fc                tSCIF_eSIOPort_putChar
                0x0000000018008258                tSCIF_eSIOPort_getChar
                0x00000000180082b8                tSCIF_eSIOPort_enableCBR
                0x000000001800835c                tSCIF_eSIOPort_disableCBR
                0x0000000018008400                tSCIF_eiRxISR_main
                0x0000000018008440                tSCIF_eiTxISR_main
 .text          0x0000000018008480       0x4c init_tecs.o
                0x0000000018008480                initialize_tecs
 .text          0x00000000180084cc       0xb8 kernel_cfg.o
                0x00000000180084e4                _kernel_inthdr_231
                0x0000000018008504                _kernel_inthdr_232
                0x0000000018008524                _kernel_initialize_object
                0x0000000018008544                _kernel_call_inirtn
                0x0000000018008564                _kernel_call_terrtn
 .text          0x0000000018008584      0x368 libmbed.a(startup_RZ1AH.o)
                0x0000000018008584                Reset_Handler
                0x00000000180086e0                Undef_Handler
                0x0000000018008758                PAbt_Handler
                0x0000000018008794                DAbt_Handler
                0x00000000180087d4                FIQ_Handler
                0x00000000180087d8                IRQ_Handler
                0x00000000180088b4                SVC_Handler
                0x00000000180088b6                __user_initial_stackheap
 .text.RZ_A1_SetSramWriteEnable
                0x00000000180088ec       0x18 libmbed.a(RZ_A1_Init.o)
                0x00000000180088ec                RZ_A1_SetSramWriteEnable
 .text.RZ_A1_InitClock
                0x0000000018008904       0x38 libmbed.a(RZ_A1_Init.o)
                0x0000000018008904                RZ_A1_InitClock
 .text.RZ_A1_IsClockMode0
                0x000000001800893c        0xc libmbed.a(RZ_A1_Init.o)
                0x000000001800893c                RZ_A1_IsClockMode0
 .text.RZ_A1_InitBus
                0x0000000018008948        0x8 libmbed.a(RZ_A1_Init.o)
                0x0000000018008948                RZ_A1_InitBus
 .text.__xn_section
                0x0000000018008950       0x54 libmbed.a(mmu_Renesas_RZ_A1.o)
 .text.__domain_section
                0x00000000180089a4       0x54 libmbed.a(mmu_Renesas_RZ_A1.o)
 .text.__p_section
                0x00000000180089f8       0x54 libmbed.a(mmu_Renesas_RZ_A1.o)
 .text.__ap_section
                0x0000000018008a4c      0x1fc libmbed.a(mmu_Renesas_RZ_A1.o)
 .text.__shared_section
                0x0000000018008c48       0x54 libmbed.a(mmu_Renesas_RZ_A1.o)
 .text.__global_section
                0x0000000018008c9c       0x54 libmbed.a(mmu_Renesas_RZ_A1.o)
 .text.__secure_section
                0x0000000018008cf0       0x54 libmbed.a(mmu_Renesas_RZ_A1.o)
 .text.__xn_page
                0x0000000018008d44       0x9c libmbed.a(mmu_Renesas_RZ_A1.o)
 .text.__domain_page
                0x0000000018008de0       0x54 libmbed.a(mmu_Renesas_RZ_A1.o)
 .text.__p_page
                0x0000000018008e34       0x54 libmbed.a(mmu_Renesas_RZ_A1.o)
 .text.__ap_page
                0x0000000018008e88      0x1fc libmbed.a(mmu_Renesas_RZ_A1.o)
 .text.__shared_page
                0x0000000018009084       0x54 libmbed.a(mmu_Renesas_RZ_A1.o)
 .text.__global_page
                0x00000000180090d8       0x54 libmbed.a(mmu_Renesas_RZ_A1.o)
 .text.__secure_page
                0x000000001800912c       0x54 libmbed.a(mmu_Renesas_RZ_A1.o)
 .text.__memory_section
                0x0000000018009180      0x1a0 libmbed.a(mmu_Renesas_RZ_A1.o)
 .text.__memory_page
                0x0000000018009320      0x1c4 libmbed.a(mmu_Renesas_RZ_A1.o)
 .text.__get_section_descriptor
                0x00000000180094e4       0xe0 libmbed.a(mmu_Renesas_RZ_A1.o)
 .text.__get_page_descriptor
                0x00000000180095c4      0x240 libmbed.a(mmu_Renesas_RZ_A1.o)
 .text.__TTSection
                0x0000000018009804       0xa0 libmbed.a(mmu_Renesas_RZ_A1.o)
 .text.create_translation_table
                0x00000000180098a4      0x7bc libmbed.a(mmu_Renesas_RZ_A1.o)
                0x00000000180098a4                create_translation_table
 .text.InitMemorySubsystem
                0x000000001800a060       0xd0 libmbed.a(system_MBRZA1H.o)
                0x000000001800a060                InitMemorySubsystem
 .text.InterruptHandlerRegister
                0x000000001800a130       0x64 libmbed.a(system_MBRZA1H.o)
                0x000000001800a130                InterruptHandlerRegister
 .text.SystemInit
                0x000000001800a194       0x2c libmbed.a(system_MBRZA1H.o)
                0x000000001800a194                SystemInit
 .text.CDAbtHandler
                0x000000001800a1c0       0x58 libmbed.a(system_MBRZA1H.o)
                0x000000001800a1c0                CDAbtHandler
 .text.CPAbtHandler
                0x000000001800a218       0x58 libmbed.a(system_MBRZA1H.o)
                0x000000001800a218                CPAbtHandler
 .text.CUndefHandler
                0x000000001800a270      0x130 libmbed.a(system_MBRZA1H.o)
                0x000000001800a270                CUndefHandler
 .text.FPUEnable
                0x000000001800a3a0       0xbc libmbed.a(system_MBRZA1H.o)
                0x000000001800a3a0                FPUEnable
 .text.gpio_write
                0x000000001800a45c       0x50 libmbed.a(gpio.o)
 .text._gpio_init_out
                0x000000001800a4ac       0x70 libmbed.a(gpio.o)
 .text.gpio_init_out
                0x000000001800a51c       0x34 libmbed.a(gpio.o)
                0x000000001800a51c                gpio_init_out
 .text.gpio_init_out_ex
                0x000000001800a550       0x38 libmbed.a(gpio.o)
                0x000000001800a550                gpio_init_out_ex
 .text.init_main_task
                0x000000001800a588       0x90 libmbed.a(common.o)
                0x000000001800a588                init_main_task
 .text._ZN4mbed7Timeout7handlerEv
                0x000000001800a618       0x28 libmbed.a(Timeout.o)
                0x000000001800a618                mbed::Timeout::handler()
 .text._ZN4mbed19FunctionPointerArg1IvvE4callEv
                0x000000001800a640       0x8c libmbed.a(Timeout.o)
                0x000000001800a640                mbed::FunctionPointerArg1<void, void>::call()
 .text._ZN4mbed10TimerEventC2Ev
                0x000000001800a6cc       0x78 libmbed.a(TimerEvent.o)
                0x000000001800a6cc                mbed::TimerEvent::TimerEvent()
                0x000000001800a6cc                mbed::TimerEvent::TimerEvent()
 .text._ZN4mbed10TimerEvent3irqEm
                0x000000001800a744       0x38 libmbed.a(TimerEvent.o)
                0x000000001800a744                mbed::TimerEvent::irq(unsigned long)
 .text._ZN4mbed10TimerEventD2Ev
                0x000000001800a77c       0x34 libmbed.a(TimerEvent.o)
                0x000000001800a77c                mbed::TimerEvent::~TimerEvent()
                0x000000001800a77c                mbed::TimerEvent::~TimerEvent()
 .text._ZN4mbed10TimerEvent6insertEm
                0x000000001800a7b0       0x38 libmbed.a(TimerEvent.o)
                0x000000001800a7b0                mbed::TimerEvent::insert(unsigned long)
 .text._ZN4mbed10TimerEvent6removeEv
                0x000000001800a7e8       0x34 libmbed.a(TimerEvent.o)
                0x000000001800a7e8                mbed::TimerEvent::remove()
 .text.__cxa_pure_virtual
                0x000000001800a81c        0xc libmbed.a(retarget.o)
                0x000000001800a81c                __cxa_pure_virtual
 .text._sbrk    0x000000001800a828       0x7c libmbed.a(retarget.o)
                0x000000001800a828                _sbrk
 .text._exit    0x000000001800a8a4       0x20 libmbed.a(retarget.o)
                0x000000001800a8a4                _exit
 .text._ZN4mbed6Ticker6detachEv
                0x000000001800a8c4       0x38 libmbed.a(Ticker.o)
                0x000000001800a8c4                mbed::Ticker::detach()
 .text._ZN4mbed6Ticker5setupEm
                0x000000001800a8fc       0x64 libmbed.a(Ticker.o)
                0x000000001800a8fc                mbed::Ticker::setup(unsigned long)
 .text._ZN4mbed6Ticker7handlerEv
                0x000000001800a960       0x48 libmbed.a(Ticker.o)
                0x000000001800a960                mbed::Ticker::handler()
 .text._ZN4mbed7TimeoutC2Ev
                0x000000001800a9a8       0x38 libmbed.a(SoftPWM.o)
                0x000000001800a9a8                mbed::Timeout::Timeout()
                0x000000001800a9a8                mbed::Timeout::Timeout()
 .text._ZN7SoftPWMC2E7PinNameb
                0x000000001800a9e0       0xc8 libmbed.a(SoftPWM.o)
                0x000000001800a9e0                SoftPWM::SoftPWM(PinName, bool)
                0x000000001800a9e0                SoftPWM::SoftPWM(PinName, bool)
 .text._ZN7SoftPWM5startEv
                0x000000001800aaa8       0x50 libmbed.a(SoftPWM.o)
                0x000000001800aaa8                SoftPWM::start()
 .text._ZN7SoftPWM6periodEf
                0x000000001800aaf8       0x30 libmbed.a(SoftPWM.o)
                0x000000001800aaf8                SoftPWM::period(float)
 .text._ZN7SoftPWM9period_msEi
                0x000000001800ab28       0x48 libmbed.a(SoftPWM.o)
                0x000000001800ab28                SoftPWM::period_ms(int)
 .text._ZN7SoftPWM15TickerInterraptEv
                0x000000001800ab70       0xa0 libmbed.a(SoftPWM.o)
                0x000000001800ab70                SoftPWM::TickerInterrapt()
 .text._ZN7SoftPWM3endEv
                0x000000001800ac10       0x54 libmbed.a(SoftPWM.o)
                0x000000001800ac10                SoftPWM::end()
 .text._ZN4mbed6Ticker6attachI7SoftPWMEEvPT_MS3_FvvEf
                0x000000001800ac64       0x58 libmbed.a(SoftPWM.o)
                0x000000001800ac64                void mbed::Ticker::attach<SoftPWM>(SoftPWM*, void (SoftPWM::*)(), float)
 .text._ZN4mbed6Ticker9attach_usI7SoftPWMEEvPT_MS3_FvvEm
                0x000000001800acbc       0x48 libmbed.a(SoftPWM.o)
                0x000000001800acbc                void mbed::Ticker::attach_us<SoftPWM>(SoftPWM*, void (SoftPWM::*)(), unsigned long)
 .text._ZN4mbed19FunctionPointerArg1IvvE6attachI7SoftPWMEEvPT_MS4_FvvE
                0x000000001800ad04       0x54 libmbed.a(SoftPWM.o)
                0x000000001800ad04                void mbed::FunctionPointerArg1<void, void>::attach<SoftPWM>(SoftPWM*, void (SoftPWM::*)())
 .text._ZN4mbed19FunctionPointerArg1IvvE12membercallerI7SoftPWMEEvPvPj
                0x000000001800ad58       0x98 libmbed.a(SoftPWM.o)
                0x000000001800ad58                void mbed::FunctionPointerArg1<void, void>::membercaller<SoftPWM>(void*, unsigned int*)
 .text          0x000000001800adf0       0xb4 libmbed.a(cache.o)
                0x000000001800adf0                __v7_all_cache
 .text.GIC_EnableDistributor
                0x000000001800aea4       0x24 libmbed.a(gic.o)
                0x000000001800aea4                GIC_EnableDistributor
 .text.GIC_DisableDistributor
                0x000000001800aec8       0x24 libmbed.a(gic.o)
                0x000000001800aec8                GIC_DisableDistributor
 .text.GIC_DistributorInfo
                0x000000001800aeec       0x14 libmbed.a(gic.o)
                0x000000001800aeec                GIC_DistributorInfo
 .text.GIC_SetTarget
                0x000000001800af00       0x68 libmbed.a(gic.o)
                0x000000001800af00                GIC_SetTarget
 .text.GIC_EnableInterface
                0x000000001800af68       0x24 libmbed.a(gic.o)
                0x000000001800af68                GIC_EnableInterface
 .text.GIC_DisableInterface
                0x000000001800af8c       0x24 libmbed.a(gic.o)
                0x000000001800af8c                GIC_DisableInterface
 .text.GIC_EnableIRQ
                0x000000001800afb0       0x44 libmbed.a(gic.o)
                0x000000001800afb0                GIC_EnableIRQ
 .text.GIC_DisableIRQ
                0x000000001800aff4       0x44 libmbed.a(gic.o)
                0x000000001800aff4                GIC_DisableIRQ
 .text.GIC_SetPendingIRQ
                0x000000001800b038       0x44 libmbed.a(gic.o)
                0x000000001800b038                GIC_SetPendingIRQ
 .text.GIC_ClearPendingIRQ
                0x000000001800b07c       0x44 libmbed.a(gic.o)
                0x000000001800b07c                GIC_ClearPendingIRQ
 .text.GIC_SetPriority
                0x000000001800b0c0       0x60 libmbed.a(gic.o)
                0x000000001800b0c0                GIC_SetPriority
 .text.GIC_GetPriority
                0x000000001800b120       0x58 libmbed.a(gic.o)
                0x000000001800b120                GIC_GetPriority
 .text.GIC_InterfacePriorityMask
                0x000000001800b178       0x28 libmbed.a(gic.o)
                0x000000001800b178                GIC_InterfacePriorityMask
 .text.GIC_SetBinaryPoint
                0x000000001800b1a0       0x28 libmbed.a(gic.o)
                0x000000001800b1a0                GIC_SetBinaryPoint
 .text.GIC_DistInit
                0x000000001800b1c8      0x34c libmbed.a(gic.o)
                0x000000001800b1c8                GIC_DistInit
 .text.GIC_CPUInterfaceInit
                0x000000001800b514       0x8c libmbed.a(gic.o)
                0x000000001800b514                GIC_CPUInterfaceInit
 .text.GIC_Enable
                0x000000001800b5a0       0x14 libmbed.a(gic.o)
                0x000000001800b5a0                GIC_Enable
 .text.PL310_Sync
                0x000000001800b5b4       0x18 libmbed.a(pl310.o)
                0x000000001800b5b4                PL310_Sync
 .text.PL310_GetID
                0x000000001800b5cc       0x14 libmbed.a(pl310.o)
                0x000000001800b5cc                PL310_GetID
 .text.PL310_InvAllByWay
                0x000000001800b5e0       0x8c libmbed.a(pl310.o)
                0x000000001800b5e0                PL310_InvAllByWay
 .text.PL310_Enable
                0x000000001800b66c       0x70 libmbed.a(pl310.o)
                0x000000001800b66c                PL310_Enable
 .text.gpio_set
                0x000000001800b6dc       0x3c libmbed.a(gpio_api.o)
                0x000000001800b6dc                gpio_set
 .text.gpio_init
                0x000000001800b718       0xf8 libmbed.a(gpio_api.o)
                0x000000001800b718                gpio_init
 .text.gpio_mode
                0x000000001800b810       0x1c libmbed.a(gpio_api.o)
                0x000000001800b810                gpio_mode
 .text.gpio_dir
                0x000000001800b82c       0xc4 libmbed.a(gpio_api.o)
                0x000000001800b82c                gpio_dir
 .text.pin_function
                0x000000001800b8f0      0x568 libmbed.a(pinmap.o)
                0x000000001800b8f0                pin_function
 .text.mbed_die
                0x000000001800be58       0x28 libmbed.a(board.o)
                0x000000001800be58                mbed_die
 .text.get_us_ticker_data
                0x000000001800be80       0x10 libmbed.a(us_ticker_api.o)
                0x000000001800be80                get_us_ticker_data
 .text.us_ticker_irq_handler
                0x000000001800be90       0x18 libmbed.a(us_ticker_api.o)
                0x000000001800be90                us_ticker_irq_handler
 .text.wait_ms  0x000000001800bea8       0x2c libmbed.a(wait_api.o)
                0x000000001800bea8                wait_ms
 .text.wait_us  0x000000001800bed4       0x40 libmbed.a(wait_api.o)
                0x000000001800bed4                wait_us
 .text.ticker_set_handler
                0x000000001800bf14       0x3c libmbed.a(ticker_api.o)
                0x000000001800bf14                ticker_set_handler
 .text.ticker_irq_handler
                0x000000001800bf50      0x100 libmbed.a(ticker_api.o)
                0x000000001800bf50                ticker_irq_handler
 .text.ticker_insert_event
                0x000000001800c050       0xf4 libmbed.a(ticker_api.o)
                0x000000001800c050                ticker_insert_event
 .text.ticker_remove_event
                0x000000001800c144       0xfc libmbed.a(ticker_api.o)
                0x000000001800c144                ticker_remove_event
 .text.ticker_read
                0x000000001800c240       0x2c libmbed.a(ticker_api.o)
                0x000000001800c240                ticker_read
 .text.us_ticker_interrupt
                0x000000001800c26c       0x10 libmbed.a(us_ticker.o)
                0x000000001800c26c                us_ticker_interrupt
 .text.us_ticker_init
                0x000000001800c27c       0xf4 libmbed.a(us_ticker.o)
                0x000000001800c27c                us_ticker_init
 .text.ticker_read_counter64
                0x000000001800c370       0xc4 libmbed.a(us_ticker.o)
 .text.us_ticker_read
                0x000000001800c434       0x88 libmbed.a(us_ticker.o)
                0x000000001800c434                us_ticker_read
 .text.us_ticker_set_interrupt
                0x000000001800c4bc      0x114 libmbed.a(us_ticker.o)
                0x000000001800c4bc                us_ticker_set_interrupt
 .text.us_ticker_disable_interrupt
                0x000000001800c5d0       0x14 libmbed.a(us_ticker.o)
                0x000000001800c5d0                us_ticker_disable_interrupt
 .text.us_ticker_clear_interrupt
                0x000000001800c5e4       0x14 libmbed.a(us_ticker.o)
                0x000000001800c5e4                us_ticker_clear_interrupt
 .text          0x000000001800c5f8       0x8c ./libkernel.a(target_support.o)
                0x000000001800c5f8                hardware_init_hook
 *fill*         0x000000001800c684       0x7c 
 .text          0x000000001800c700      0x450 ./libkernel.a(core_support.o)
                0x000000001800c700                _kernel_dispatch
                0x000000001800c72c                _kernel_start_dispatch
                0x000000001800c754                _kernel_exit_and_dispatch
                0x000000001800c780                _kernel_call_exit_kernel
                0x000000001800c790                _kernel_start_r
                0x000000001800c7a8                _kernel_irq_handler
                0x000000001800c88c                _kernel_undef_handler
                0x000000001800c8a0                _kernel_svc_handler
                0x000000001800c8b4                _kernel_pabort_handler
                0x000000001800c8c8                _kernel_dabort_handler
                0x000000001800c928                _kernel_fiq_handler
                0x000000001800cb00                sil_dly_nse
 .text          0x000000001800cb50      0x680 ./libkernel.a(target_kernel_impl.o)
                0x000000001800d140                _kernel_target_initialize
                0x000000001800d188                _kernel_target_exit
                0x000000001800d19c                gr_peach_set_led
 .text          0x000000001800d1d0      0x314 ./libkernel.a(pl310.o)
                0x000000001800d318                _kernel_pl310_initialize
                0x000000001800d434                _kernel_pl310_disable
                0x000000001800d458                _kernel_pl310_invalidate_all
                0x000000001800d47c                _kernel_pl310_clean_and_invalidate_all
 .text          0x000000001800d4e4      0x870 ./libkernel.a(chip_kernel_impl.o)
                0x000000001800da9c                _kernel_chip_initialize
                0x000000001800dacc                _kernel_chip_terminate
                0x000000001800dcc8                _kernel_initialize_interrupt
 .text          0x000000001800dd54      0x2c8 ./libkernel.a(gic_kernel_impl.o)
                0x000000001800dde0                _kernel_gicc_initialize
                0x000000001800de48                _kernel_gicc_terminate
                0x000000001800de68                _kernel_gicd_initialize
                0x000000001800dffc                _kernel_gicd_terminate
 .text          0x000000001800e01c      0x320 ./libkernel.a(chip_timer.o)
                0x000000001800e1e4                _kernel_target_hrt_initialize
                0x000000001800e238                _kernel_target_hrt_terminate
                0x000000001800e26c                _kernel_target_hrt_set_event
                0x000000001800e310                _kernel_target_hrt_raise_event
                0x000000001800e328                _kernel_target_hrt_handler
 .text          0x000000001800e33c      0x784 ./libkernel.a(core_kernel_impl.o)
                0x000000001800e618                _kernel_arm_mmu_initialize
                0x000000001800e708                _kernel_core_initialize
                0x000000001800e72c                _kernel_core_terminate
                0x000000001800e744                _kernel_xlog_sys
                0x000000001800e830                _kernel_xlog_fsr
                0x000000001800e944                _kernel_default_int_handler
                0x000000001800e970                _kernel_default_exc_handler
 .text          0x000000001800eac0      0x4a8 ./libkernel.a(arm.o)
                0x000000001800eb70                arm_enable_dcache
                0x000000001800ebb8                arm_disable_dcache
                0x000000001800ec08                arm_enable_icache
                0x000000001800ec50                arm_disable_icache
                0x000000001800ec88                armv7_invalidate_dcache
                0x000000001800edf8                armv7_clean_and_invalidate_dcache
 .text          0x000000001800ef68      0x198 ./libkernel.a(startup.o)
                0x000000001800f080                sta_ker
                0x000000001800f0c8                ext_ker
                0x000000001800f0f0                _kernel_exit_kernel
 .text          0x000000001800f100      0xd14 ./libkernel.a(task.o)
                0x000000001800f56c                _kernel_initialize_task
                0x000000001800f7e8                _kernel_search_schedtsk
                0x000000001800f818                _kernel_make_runnable
                0x000000001800f8c4                _kernel_make_non_runnable
                0x000000001800fa18                _kernel_make_dormant
                0x000000001800faa4                _kernel_make_active
                0x000000001800fb08                _kernel_change_priority
                0x000000001800fcb8                _kernel_rotate_ready_queue
                0x000000001800fd58                _kernel_task_terminate
 .text          0x000000001800fe14      0xd4c ./libkernel.a(time_event.o)
                0x000000001801002c                _kernel_initialize_tmevt
                0x00000000180100c0                _kernel_tmevt_up
                0x0000000018010194                _kernel_tmevt_down
                0x0000000018010564                _kernel_update_current_evttim
                0x00000000180106cc                _kernel_set_hrt_event
                0x00000000180107ac                _kernel_tmevtb_register
                0x00000000180107d0                _kernel_tmevtb_enqueue
                0x0000000018010844                _kernel_tmevtb_dequeue
                0x00000000180108a4                _kernel_check_adjtim
                0x0000000018010990                _kernel_tmevt_lefttim
                0x0000000018010a08                _kernel_signal_time
 .text          0x0000000018010b60      0xd1c ./libkernel.a(task_sync.o)
                0x0000000018010e64                slp_tsk
                0x0000000018010f64                tslp_tsk
                0x00000000180110c0                wup_tsk
                0x0000000018011234                can_wup
                0x0000000018011338                rel_wai
                0x000000001801144c                sus_tsk
                0x000000001801161c                rsm_tsk
                0x000000001801174c                dly_tsk
 .text          0x000000001801187c      0x804 ./libkernel.a(task_term.o)
                0x0000000018011b5c                ext_tsk
                0x0000000018011c14                ras_ter
                0x0000000018011ddc                dis_ter
                0x0000000018011e4c                ena_ter
                0x0000000018011f08                sns_ter
                0x0000000018011f6c                ter_tsk
 .text          0x0000000018012080      0xa4c ./libkernel.a(semaphore.o)
                0x000000001801236c                _kernel_initialize_semaphore
                0x0000000018012418                sig_sem
                0x000000001801255c                wai_sem
                0x000000001801269c                pol_sem
                0x0000000018012774                twai_sem
                0x000000001801290c                ini_sem
                0x00000000180129f8                ref_sem
 .text          0x0000000018012acc      0x8bc ./libkernel.a(sys_manage.o)
                0x0000000018012c58                rot_rdq
                0x0000000018012d58                get_tid
                0x0000000018012dec                get_lod
                0x0000000018012f04                get_nth
                0x000000001801304c                loc_cpu
                0x0000000018013084                unl_cpu
                0x00000000180130bc                dis_dsp
                0x0000000018013134                ena_dsp
                0x0000000018013238                sns_ctx
                0x0000000018013270                sns_loc
                0x00000000180132a8                sns_dsp
                0x00000000180132e8                sns_dpn
                0x0000000018013348                sns_ker
 .text          0x0000000018013388      0xa38 ./libkernel.a(interrupt.o)
                0x00000000180138d4                dis_int
                0x0000000018013970                ena_int
                0x0000000018013a0c                clr_int
                0x0000000018013ac8                ras_int
                0x0000000018013b78                prb_int
                0x0000000018013c10                chg_ipm
                0x0000000018013d54                get_ipm
 .text          0x0000000018013dc0       0xe0 ./libkernel.a(gic_support.o)
                0x0000000018013dc0                _kernel_irc_begin_int
                0x0000000018013e40                _kernel_irc_end_int
                0x0000000018013e50                _kernel_irc_get_intpri
                0x0000000018013e64                _kernel_irc_begin_exc
                0x0000000018013e74                _kernel_irc_end_exc
 .text          0x0000000018013ea0      0x77c ./libkernel.a(wait.o)
                0x0000000018014318                _kernel_make_wait_tmout
                0x00000000180143f8                _kernel_wait_complete
                0x0000000018014434                _kernel_wait_tmout
                0x000000001801447c                _kernel_wait_tmout_ok
                0x000000001801452c                _kernel_wobj_make_wait
                0x000000001801456c                _kernel_wobj_make_wait_tmout
                0x00000000180145bc                _kernel_init_wait_queue
 *fill*         0x000000001801461c        0x4 
 .text          0x0000000018014620      0x278 /usr/local/Cellar/gcc-arm-none-eabi/20171218/bin/../lib/gcc/arm-none-eabi/7.2.1/thumb/v7-ar/fpv3/hard/libgcc.a(_udivsi3.o)
                0x0000000018014620                __udivsi3
                0x0000000018014620                __aeabi_uidiv
                0x000000001801487c                __aeabi_uidivmod
 .text          0x0000000018014898      0x2b0 /usr/local/Cellar/gcc-arm-none-eabi/20171218/bin/../lib/gcc/arm-none-eabi/7.2.1/thumb/v7-ar/fpv3/hard/libgcc.a(_divsi3.o)
                0x0000000018014898                __aeabi_idiv
                0x0000000018014898                __divsi3
                0x0000000018014b2c                __aeabi_idivmod
 .text          0x0000000018014b48        0x4 /usr/local/Cellar/gcc-arm-none-eabi/20171218/bin/../lib/gcc/arm-none-eabi/7.2.1/thumb/v7-ar/fpv3/hard/libgcc.a(_dvmd_tls.o)
                0x0000000018014b48                __aeabi_ldiv0
                0x0000000018014b48                __aeabi_idiv0
 .text          0x0000000018014b4c      0x378 /usr/local/Cellar/gcc-arm-none-eabi/20171218/bin/../lib/gcc/arm-none-eabi/7.2.1/thumb/v7-ar/fpv3/hard/libgcc.a(_arm_addsubdf3.o)
                0x0000000018014b4c                __aeabi_drsub
                0x0000000018014b54                __subdf3
                0x0000000018014b54                __aeabi_dsub
                0x0000000018014b58                __aeabi_dadd
                0x0000000018014b58                __adddf3
                0x0000000018014dd0                __aeabi_ui2d
                0x0000000018014dd0                __floatunsidf
                0x0000000018014df0                __floatsidf
                0x0000000018014df0                __aeabi_i2d
                0x0000000018014e14                __extendsfdf2
                0x0000000018014e14                __aeabi_f2d
                0x0000000018014e58                __aeabi_ul2d
                0x0000000018014e58                __floatundidf
                0x0000000018014e68                __aeabi_l2d
                0x0000000018014e68                __floatdidf
 *fill*         0x0000000018014ec4        0x4 
 .text          0x0000000018014ec8       0x50 /usr/local/Cellar/gcc-arm-none-eabi/20171218/bin/../lib/gcc/arm-none-eabi/7.2.1/thumb/v7-ar/fpv3/hard/libgcc.a(_fixunsdfdi.o)
                0x0000000018014ec8                __aeabi_d2ulz
                0x0000000018014ec8                __fixunsdfdi
 .text.__aeabi_atexit
                0x0000000018014f18        0xa /usr/local/Cellar/gcc-arm-none-eabi/20171218/bin/../lib/gcc/arm-none-eabi/7.2.1/../../../../arm-none-eabi/lib/thumb/v7-ar/fpv3/hard/libstdc++_nano.a(atexit_arm.o)
                0x0000000018014f18                __aeabi_atexit
 .text._ZdlPv   0x0000000018014f22        0x4 /usr/local/Cellar/gcc-arm-none-eabi/20171218/bin/../lib/gcc/arm-none-eabi/7.2.1/../../../../arm-none-eabi/lib/thumb/v7-ar/fpv3/hard/libstdc++_nano.a(del_op.o)
                0x0000000018014f22                operator delete(void*)
 *fill*         0x0000000018014f26        0x2 
 .text.__cxa_atexit
                0x0000000018014f28       0x1c /usr/local/Cellar/gcc-arm-none-eabi/20171218/bin/../lib/gcc/arm-none-eabi/7.2.1/../../../../arm-none-eabi/lib/thumb/v7-ar/fpv3/hard/libc_nano.a(lib_a-cxa_atexit.o)
                0x0000000018014f28                __cxa_atexit
 .text.exit     0x0000000018014f44       0x28 /usr/local/Cellar/gcc-arm-none-eabi/20171218/bin/../lib/gcc/arm-none-eabi/7.2.1/../../../../arm-none-eabi/lib/thumb/v7-ar/fpv3/hard/libc_nano.a(lib_a-exit.o)
                0x0000000018014f44                exit
 .text.malloc   0x0000000018014f6c       0x10 /usr/local/Cellar/gcc-arm-none-eabi/20171218/bin/../lib/gcc/arm-none-eabi/7.2.1/../../../../arm-none-eabi/lib/thumb/v7-ar/fpv3/hard/libc_nano.a(lib_a-malloc.o)
                0x0000000018014f6c                malloc
 .text.free     0x0000000018014f7c       0x10 /usr/local/Cellar/gcc-arm-none-eabi/20171218/bin/../lib/gcc/arm-none-eabi/7.2.1/../../../../arm-none-eabi/lib/thumb/v7-ar/fpv3/hard/libc_nano.a(lib_a-malloc.o)
                0x0000000018014f7c                free
 .text.memchr   0x0000000018014f8c       0x1c /usr/local/Cellar/gcc-arm-none-eabi/20171218/bin/../lib/gcc/arm-none-eabi/7.2.1/../../../../arm-none-eabi/lib/thumb/v7-ar/fpv3/hard/libc_nano.a(lib_a-memchr-stub.o)
                0x0000000018014f8c                memchr
 .text.memcpy   0x0000000018014fa8       0x16 /usr/local/Cellar/gcc-arm-none-eabi/20171218/bin/../lib/gcc/arm-none-eabi/7.2.1/../../../../arm-none-eabi/lib/thumb/v7-ar/fpv3/hard/libc_nano.a(lib_a-memcpy-stub.o)
                0x0000000018014fa8                memcpy
 .text.memset   0x0000000018014fbe       0x10 /usr/local/Cellar/gcc-arm-none-eabi/20171218/bin/../lib/gcc/arm-none-eabi/7.2.1/../../../../arm-none-eabi/lib/thumb/v7-ar/fpv3/hard/libc_nano.a(lib_a-memset.o)
                0x0000000018014fbe                memset
 *fill*         0x0000000018014fce        0x2 
 .text._free_r  0x0000000018014fd0       0x98 /usr/local/Cellar/gcc-arm-none-eabi/20171218/bin/../lib/gcc/arm-none-eabi/7.2.1/../../../../arm-none-eabi/lib/thumb/v7-ar/fpv3/hard/libc_nano.a(lib_a-nano-freer.o)
                0x0000000018014fd0                _free_r
 .text._malloc_r
                0x0000000018015068       0xb4 /usr/local/Cellar/gcc-arm-none-eabi/20171218/bin/../lib/gcc/arm-none-eabi/7.2.1/../../../../arm-none-eabi/lib/thumb/v7-ar/fpv3/hard/libc_nano.a(lib_a-nano-mallocr.o)
                0x0000000018015068                _malloc_r
 .text.__cvt    0x000000001801511c       0xa4 /usr/local/Cellar/gcc-arm-none-eabi/20171218/bin/../lib/gcc/arm-none-eabi/7.2.1/../../../../arm-none-eabi/lib/thumb/v7-ar/fpv3/hard/libc_nano.a(lib_a-nano-vfprintf_float.o)
                0x000000001801511c                __cvt
 .text.__exponent
                0x00000000180151c0       0x76 /usr/local/Cellar/gcc-arm-none-eabi/20171218/bin/../lib/gcc/arm-none-eabi/7.2.1/../../../../arm-none-eabi/lib/thumb/v7-ar/fpv3/hard/libc_nano.a(lib_a-nano-vfprintf_float.o)
                0x00000000180151c0                __exponent
 *fill*         0x0000000018015236        0x2 
 .text._printf_float
                0x0000000018015238      0x45c /usr/local/Cellar/gcc-arm-none-eabi/20171218/bin/../lib/gcc/arm-none-eabi/7.2.1/../../../../arm-none-eabi/lib/thumb/v7-ar/fpv3/hard/libc_nano.a(lib_a-nano-vfprintf_float.o)
                0x0000000018015238                _printf_float
 .text._printf_common
                0x0000000018015694       0xf2 /usr/local/Cellar/gcc-arm-none-eabi/20171218/bin/../lib/gcc/arm-none-eabi/7.2.1/../../../../arm-none-eabi/lib/thumb/v7-ar/fpv3/hard/libc_nano.a(lib_a-nano-vfprintf_i.o)
                0x0000000018015694                _printf_common
 *fill*         0x0000000018015786        0x2 
 .text._printf_i
                0x0000000018015788      0x238 /usr/local/Cellar/gcc-arm-none-eabi/20171218/bin/../lib/gcc/arm-none-eabi/7.2.1/../../../../arm-none-eabi/lib/thumb/v7-ar/fpv3/hard/libc_nano.a(lib_a-nano-vfprintf_i.o)
                0x0000000018015788                _printf_i
 .text._scanf_float
                0x00000000180159c0      0x3b0 /usr/local/Cellar/gcc-arm-none-eabi/20171218/bin/../lib/gcc/arm-none-eabi/7.2.1/../../../../arm-none-eabi/lib/thumb/v7-ar/fpv3/hard/libc_nano.a(lib_a-nano-vfscanf_float.o)
                0x00000000180159c0                _scanf_float
 .text._sbrk_r  0x0000000018015d70       0x20 /usr/local/Cellar/gcc-arm-none-eabi/20171218/bin/../lib/gcc/arm-none-eabi/7.2.1/../../../../arm-none-eabi/lib/thumb/v7-ar/fpv3/hard/libc_nano.a(lib_a-sbrkr.o)
                0x0000000018015d70                _sbrk_r
 .text.nanf     0x0000000018015d90        0xc /usr/local/Cellar/gcc-arm-none-eabi/20171218/bin/../lib/gcc/arm-none-eabi/7.2.1/../../../../arm-none-eabi/lib/thumb/v7-ar/fpv3/hard/libc_nano.a(lib_a-sf_nan.o)
                0x0000000018015d90                nanf
 .text.sprintf  0x0000000018015d9c       0x40 /usr/local/Cellar/gcc-arm-none-eabi/20171218/bin/../lib/gcc/arm-none-eabi/7.2.1/../../../../arm-none-eabi/lib/thumb/v7-ar/fpv3/hard/libc_nano.a(lib_a-sprintf.o)
                0x0000000018015d9c                sprintf
                0x0000000018015d9c                siprintf
 .text          0x0000000018015ddc       0x10 /usr/local/Cellar/gcc-arm-none-eabi/20171218/bin/../lib/gcc/arm-none-eabi/7.2.1/../../../../arm-none-eabi/lib/thumb/v7-ar/fpv3/hard/libc_nano.a(lib_a-strlen.o)
                0x0000000018015ddc                strlen
 .text.strncmp  0x0000000018015dec       0x24 /usr/local/Cellar/gcc-arm-none-eabi/20171218/bin/../lib/gcc/arm-none-eabi/7.2.1/../../../../arm-none-eabi/lib/thumb/v7-ar/fpv3/hard/libc_nano.a(lib_a-strncmp.o)
                0x0000000018015dec                strncmp
 .text.unlikely.sulp
                0x0000000018015e10       0x34 /usr/local/Cellar/gcc-arm-none-eabi/20171218/bin/../lib/gcc/arm-none-eabi/7.2.1/../../../../arm-none-eabi/lib/thumb/v7-ar/fpv3/hard/libc_nano.a(lib_a-strtod.o)
 *fill*         0x0000000018015e44        0x4 
 .text._strtod_l
                0x0000000018015e48      0xb58 /usr/local/Cellar/gcc-arm-none-eabi/20171218/bin/../lib/gcc/arm-none-eabi/7.2.1/../../../../arm-none-eabi/lib/thumb/v7-ar/fpv3/hard/libc_nano.a(lib_a-strtod.o)
                0x0000000018015e48                _strtod_l
 .text._strtod_r
                0x00000000180169a0       0x20 /usr/local/Cellar/gcc-arm-none-eabi/20171218/bin/../lib/gcc/arm-none-eabi/7.2.1/../../../../arm-none-eabi/lib/thumb/v7-ar/fpv3/hard/libc_nano.a(lib_a-strtod.o)
                0x00000000180169a0                _strtod_r
 .text._strtol_l.isra.0
                0x00000000180169c0      0x10a /usr/local/Cellar/gcc-arm-none-eabi/20171218/bin/../lib/gcc/arm-none-eabi/7.2.1/../../../../arm-none-eabi/lib/thumb/v7-ar/fpv3/hard/libc_nano.a(lib_a-strtol.o)
 *fill*         0x0000000018016aca        0x2 
 .text._strtol_r
                0x0000000018016acc       0x24 /usr/local/Cellar/gcc-arm-none-eabi/20171218/bin/../lib/gcc/arm-none-eabi/7.2.1/../../../../arm-none-eabi/lib/thumb/v7-ar/fpv3/hard/libc_nano.a(lib_a-strtol.o)
                0x0000000018016acc                _strtol_r
 .text.quorem   0x0000000018016af0      0x124 /usr/local/Cellar/gcc-arm-none-eabi/20171218/bin/../lib/gcc/arm-none-eabi/7.2.1/../../../../arm-none-eabi/lib/thumb/v7-ar/fpv3/hard/libc_nano.a(lib_a-dtoa.o)
 *fill*         0x0000000018016c14        0x4 
 .text._dtoa_r  0x0000000018016c18      0xa94 /usr/local/Cellar/gcc-arm-none-eabi/20171218/bin/../lib/gcc/arm-none-eabi/7.2.1/../../../../arm-none-eabi/lib/thumb/v7-ar/fpv3/hard/libc_nano.a(lib_a-dtoa.o)
                0x0000000018016c18                _dtoa_r
 .text.rshift   0x00000000180176ac       0x74 /usr/local/Cellar/gcc-arm-none-eabi/20171218/bin/../lib/gcc/arm-none-eabi/7.2.1/../../../../arm-none-eabi/lib/thumb/v7-ar/fpv3/hard/libc_nano.a(lib_a-gdtoa-gethex.o)
 .text.__hexdig_fun
                0x0000000018017720       0x2a /usr/local/Cellar/gcc-arm-none-eabi/20171218/bin/../lib/gcc/arm-none-eabi/7.2.1/../../../../arm-none-eabi/lib/thumb/v7-ar/fpv3/hard/libc_nano.a(lib_a-gdtoa-gethex.o)
                0x0000000018017720                __hexdig_fun
 .text.__gethex
                0x000000001801774a      0x442 /usr/local/Cellar/gcc-arm-none-eabi/20171218/bin/../lib/gcc/arm-none-eabi/7.2.1/../../../../arm-none-eabi/lib/thumb/v7-ar/fpv3/hard/libc_nano.a(lib_a-gdtoa-gethex.o)
                0x000000001801774a                __gethex
 .text.L_shift  0x0000000018017b8c       0x24 /usr/local/Cellar/gcc-arm-none-eabi/20171218/bin/../lib/gcc/arm-none-eabi/7.2.1/../../../../arm-none-eabi/lib/thumb/v7-ar/fpv3/hard/libc_nano.a(lib_a-gdtoa-hexnan.o)
 .text.__match  0x0000000018017bb0       0x28 /usr/local/Cellar/gcc-arm-none-eabi/20171218/bin/../lib/gcc/arm-none-eabi/7.2.1/../../../../arm-none-eabi/lib/thumb/v7-ar/fpv3/hard/libc_nano.a(lib_a-gdtoa-hexnan.o)
                0x0000000018017bb0                __match
 .text.__hexnan
                0x0000000018017bd8      0x11e /usr/local/Cellar/gcc-arm-none-eabi/20171218/bin/../lib/gcc/arm-none-eabi/7.2.1/../../../../arm-none-eabi/lib/thumb/v7-ar/fpv3/hard/libc_nano.a(lib_a-gdtoa-hexnan.o)
                0x0000000018017bd8                __hexnan
 .text.__locale_ctype_ptr_l
                0x0000000018017cf6        0x6 /usr/local/Cellar/gcc-arm-none-eabi/20171218/bin/../lib/gcc/arm-none-eabi/7.2.1/../../../../arm-none-eabi/lib/thumb/v7-ar/fpv3/hard/libc_nano.a(lib_a-locale.o)
                0x0000000018017cf6                __locale_ctype_ptr_l
 .text.__localeconv_l
                0x0000000018017cfc        0x4 /usr/local/Cellar/gcc-arm-none-eabi/20171218/bin/../lib/gcc/arm-none-eabi/7.2.1/../../../../arm-none-eabi/lib/thumb/v7-ar/fpv3/hard/libc_nano.a(lib_a-localeconv.o)
                0x0000000018017cfc                __localeconv_l
 .text._localeconv_r
                0x0000000018017d00       0x1c /usr/local/Cellar/gcc-arm-none-eabi/20171218/bin/../lib/gcc/arm-none-eabi/7.2.1/../../../../arm-none-eabi/lib/thumb/v7-ar/fpv3/hard/libc_nano.a(lib_a-localeconv.o)
                0x0000000018017d00                _localeconv_r
 .text.__ascii_mbtowc
                0x0000000018017d1c       0x24 /usr/local/Cellar/gcc-arm-none-eabi/20171218/bin/../lib/gcc/arm-none-eabi/7.2.1/../../../../arm-none-eabi/lib/thumb/v7-ar/fpv3/hard/libc_nano.a(lib_a-mbtowc_r.o)
                0x0000000018017d1c                __ascii_mbtowc
 .text.__malloc_lock
                0x0000000018017d40        0x2 /usr/local/Cellar/gcc-arm-none-eabi/20171218/bin/../lib/gcc/arm-none-eabi/7.2.1/../../../../arm-none-eabi/lib/thumb/v7-ar/fpv3/hard/libc_nano.a(lib_a-mlock.o)
                0x0000000018017d40                __malloc_lock
 .text.__malloc_unlock
                0x0000000018017d42        0x2 /usr/local/Cellar/gcc-arm-none-eabi/20171218/bin/../lib/gcc/arm-none-eabi/7.2.1/../../../../arm-none-eabi/lib/thumb/v7-ar/fpv3/hard/libc_nano.a(lib_a-mlock.o)
                0x0000000018017d42                __malloc_unlock
 .text._Balloc  0x0000000018017d44       0x68 /usr/local/Cellar/gcc-arm-none-eabi/20171218/bin/../lib/gcc/arm-none-eabi/7.2.1/../../../../arm-none-eabi/lib/thumb/v7-ar/fpv3/hard/libc_nano.a(lib_a-mprec.o)
                0x0000000018017d44                _Balloc
 .text._Bfree   0x0000000018017dac       0x2e /usr/local/Cellar/gcc-arm-none-eabi/20171218/bin/../lib/gcc/arm-none-eabi/7.2.1/../../../../arm-none-eabi/lib/thumb/v7-ar/fpv3/hard/libc_nano.a(lib_a-mprec.o)
                0x0000000018017dac                _Bfree
 .text.__multadd
                0x0000000018017dda       0x7a /usr/local/Cellar/gcc-arm-none-eabi/20171218/bin/../lib/gcc/arm-none-eabi/7.2.1/../../../../arm-none-eabi/lib/thumb/v7-ar/fpv3/hard/libc_nano.a(lib_a-mprec.o)
                0x0000000018017dda                __multadd
 .text.__s2b    0x0000000018017e54       0x7e /usr/local/Cellar/gcc-arm-none-eabi/20171218/bin/../lib/gcc/arm-none-eabi/7.2.1/../../../../arm-none-eabi/lib/thumb/v7-ar/fpv3/hard/libc_nano.a(lib_a-mprec.o)
                0x0000000018017e54                __s2b
 .text.__hi0bits
                0x0000000018017ed2       0x3e /usr/local/Cellar/gcc-arm-none-eabi/20171218/bin/../lib/gcc/arm-none-eabi/7.2.1/../../../../arm-none-eabi/lib/thumb/v7-ar/fpv3/hard/libc_nano.a(lib_a-mprec.o)
                0x0000000018017ed2                __hi0bits
 .text.__lo0bits
                0x0000000018017f10       0x5e /usr/local/Cellar/gcc-arm-none-eabi/20171218/bin/../lib/gcc/arm-none-eabi/7.2.1/../../../../arm-none-eabi/lib/thumb/v7-ar/fpv3/hard/libc_nano.a(lib_a-mprec.o)
                0x0000000018017f10                __lo0bits
 .text.__i2b    0x0000000018017f6e       0x12 /usr/local/Cellar/gcc-arm-none-eabi/20171218/bin/../lib/gcc/arm-none-eabi/7.2.1/../../../../arm-none-eabi/lib/thumb/v7-ar/fpv3/hard/libc_nano.a(lib_a-mprec.o)
                0x0000000018017f6e                __i2b
 .text.__multiply
                0x0000000018017f80      0x12c /usr/local/Cellar/gcc-arm-none-eabi/20171218/bin/../lib/gcc/arm-none-eabi/7.2.1/../../../../arm-none-eabi/lib/thumb/v7-ar/fpv3/hard/libc_nano.a(lib_a-mprec.o)
                0x0000000018017f80                __multiply
 .text.__pow5mult
                0x00000000180180ac       0x9c /usr/local/Cellar/gcc-arm-none-eabi/20171218/bin/../lib/gcc/arm-none-eabi/7.2.1/../../../../arm-none-eabi/lib/thumb/v7-ar/fpv3/hard/libc_nano.a(lib_a-mprec.o)
                0x00000000180180ac                __pow5mult
 .text.__lshift
                0x0000000018018148       0xa8 /usr/local/Cellar/gcc-arm-none-eabi/20171218/bin/../lib/gcc/arm-none-eabi/7.2.1/../../../../arm-none-eabi/lib/thumb/v7-ar/fpv3/hard/libc_nano.a(lib_a-mprec.o)
                0x0000000018018148                __lshift
 .text.__mcmp   0x00000000180181f0       0x34 /usr/local/Cellar/gcc-arm-none-eabi/20171218/bin/../lib/gcc/arm-none-eabi/7.2.1/../../../../arm-none-eabi/lib/thumb/v7-ar/fpv3/hard/libc_nano.a(lib_a-mprec.o)
                0x00000000180181f0                __mcmp
 .text.__mdiff  0x0000000018018224       0xc0 /usr/local/Cellar/gcc-arm-none-eabi/20171218/bin/../lib/gcc/arm-none-eabi/7.2.1/../../../../arm-none-eabi/lib/thumb/v7-ar/fpv3/hard/libc_nano.a(lib_a-mprec.o)
                0x0000000018018224                __mdiff
 .text.__ulp    0x00000000180182e4       0x4c /usr/local/Cellar/gcc-arm-none-eabi/20171218/bin/../lib/gcc/arm-none-eabi/7.2.1/../../../../arm-none-eabi/lib/thumb/v7-ar/fpv3/hard/libc_nano.a(lib_a-mprec.o)
                0x00000000180182e4                __ulp
 .text.__b2d    0x0000000018018330       0x9c /usr/local/Cellar/gcc-arm-none-eabi/20171218/bin/../lib/gcc/arm-none-eabi/7.2.1/../../../../arm-none-eabi/lib/thumb/v7-ar/fpv3/hard/libc_nano.a(lib_a-mprec.o)
                0x0000000018018330                __b2d
 .text.__d2b    0x00000000180183cc       0x9e /usr/local/Cellar/gcc-arm-none-eabi/20171218/bin/../lib/gcc/arm-none-eabi/7.2.1/../../../../arm-none-eabi/lib/thumb/v7-ar/fpv3/hard/libc_nano.a(lib_a-mprec.o)
                0x00000000180183cc                __d2b
 .text.__ratio  0x000000001801846a       0x6a /usr/local/Cellar/gcc-arm-none-eabi/20171218/bin/../lib/gcc/arm-none-eabi/7.2.1/../../../../arm-none-eabi/lib/thumb/v7-ar/fpv3/hard/libc_nano.a(lib_a-mprec.o)
                0x000000001801846a                __ratio
 .text.__copybits
                0x00000000180184d4       0x34 /usr/local/Cellar/gcc-arm-none-eabi/20171218/bin/../lib/gcc/arm-none-eabi/7.2.1/../../../../arm-none-eabi/lib/thumb/v7-ar/fpv3/hard/libc_nano.a(lib_a-mprec.o)
                0x00000000180184d4                __copybits
 .text.__any_on
                0x0000000018018508       0x42 /usr/local/Cellar/gcc-arm-none-eabi/20171218/bin/../lib/gcc/arm-none-eabi/7.2.1/../../../../arm-none-eabi/lib/thumb/v7-ar/fpv3/hard/libc_nano.a(lib_a-mprec.o)
                0x0000000018018508                __any_on
 .text._calloc_r
                0x000000001801854a       0x1c /usr/local/Cellar/gcc-arm-none-eabi/20171218/bin/../lib/gcc/arm-none-eabi/7.2.1/../../../../arm-none-eabi/lib/thumb/v7-ar/fpv3/hard/libc_nano.a(lib_a-nano-callocr.o)
                0x000000001801854a                _calloc_r
 .text.__ssputs_r
                0x0000000018018566       0xb6 /usr/local/Cellar/gcc-arm-none-eabi/20171218/bin/../lib/gcc/arm-none-eabi/7.2.1/../../../../arm-none-eabi/lib/thumb/v7-ar/fpv3/hard/libc_nano.a(lib_a-nano-svfprintf.o)
                0x0000000018018566                __ssputs_r
 .text._svfprintf_r
                0x000000001801861c      0x1ec /usr/local/Cellar/gcc-arm-none-eabi/20171218/bin/../lib/gcc/arm-none-eabi/7.2.1/../../../../arm-none-eabi/lib/thumb/v7-ar/fpv3/hard/libc_nano.a(lib_a-nano-svfprintf.o)
                0x000000001801861c                _svfprintf_r
                0x000000001801861c                _svfiprintf_r
 .text.__ascii_wctomb
                0x0000000018018808       0x1a /usr/local/Cellar/gcc-arm-none-eabi/20171218/bin/../lib/gcc/arm-none-eabi/7.2.1/../../../../arm-none-eabi/lib/thumb/v7-ar/fpv3/hard/libc_nano.a(lib_a-wctomb_r.o)
                0x0000000018018808                __ascii_wctomb
 .text.memmove  0x0000000018018822       0x32 /usr/local/Cellar/gcc-arm-none-eabi/20171218/bin/../lib/gcc/arm-none-eabi/7.2.1/../../../../arm-none-eabi/lib/thumb/v7-ar/fpv3/hard/libc_nano.a(lib_a-memmove.o)
                0x0000000018018822                memmove
 .text._realloc_r
                0x0000000018018854       0x4c /usr/local/Cellar/gcc-arm-none-eabi/20171218/bin/../lib/gcc/arm-none-eabi/7.2.1/../../../../arm-none-eabi/lib/thumb/v7-ar/fpv3/hard/libc_nano.a(lib_a-nano-reallocr.o)
                0x0000000018018854                _realloc_r
 .text._malloc_usable_size_r
                0x00000000180188a0       0x10 /usr/local/Cellar/gcc-arm-none-eabi/20171218/bin/../lib/gcc/arm-none-eabi/7.2.1/../../../../arm-none-eabi/lib/thumb/v7-ar/fpv3/hard/libc_nano.a(lib_a-nano-msizer.o)
                0x00000000180188a0                _malloc_usable_size_r
 *(.init)
 *(.fini)
 *crtbegin.o(.ctors)
 *crtbegin?.o(.ctors)
 *(EXCLUDE_FILE(*crtend.o *crtend?.o) .ctors)
 *(SORT_BY_NAME(.ctors.*))
 *(.ctors)
 *crtbegin.o(.dtors)
 *crtbegin?.o(.dtors)
 *(EXCLUDE_FILE(*crtend.o *crtend?.o) .dtors)
 *(SORT_BY_NAME(.dtors.*))
 *(.dtors)
                0x00000000180188b0                Image$$RO_DATA$$Base = .
 *(.rodata*)
 .rodata        0x00000000180188b0       0x6a log_output.o
 *fill*         0x000000001801891a        0x2 
 .rodata        0x000000001801891c        0x4 tTask_tecsgen.o
                0x000000001801891c                tTask_INIB_tab
 .rodata        0x0000000018018920        0x8 tSemaphore_tecsgen.o
                0x0000000018018920                tSemaphore_INIB_tab
 .rodata        0x0000000018018928        0x8 tInterruptRequest_tecsgen.o
                0x0000000018018928                tInterruptRequest_INIB_tab
 .rodata        0x0000000018018930       0x10 tISR_tecsgen.o
                0x0000000018018930                tISR_INIB_tab
 .rodata        0x0000000018018940       0x30 tSerialPortMain_tecsgen.o
                0x0000000018018940                tSerialPortMain_eSerialPort_MT_
                0x0000000018018958                tSerialPortMain_INIB_tab
                0x0000000018018968                SerialPort1_SerialPortMain_eSerialPort_des
 .rodata        0x0000000018018970       0x10 tSysLog_tecsgen.o
                0x0000000018018970                tSysLog_SINGLE_CELL_INIB
 .rodata        0x0000000018018980        0x8 tLogTaskMain_tecsgen.o
                0x0000000018018980                tLogTaskMain_SINGLE_CELL_INIB
 .rodata        0x0000000018018988       0x18 tBannerMain_tecsgen.o
                0x0000000018018998                tBannerMain_SINGLE_CELL_INIB
 .rodata        0x00000000180189a0       0x20 tSCIF_tecsgen.o
                0x00000000180189a0                tSCIF_eiRxISR_MT_
                0x00000000180189a4                tSCIF_eiTxISR_MT_
                0x00000000180189a8                tSCIF_INIB_tab
                0x00000000180189b0                SIOPortTarget1_SCIF_eiRxISR_des
                0x00000000180189b8                SIOPortTarget1_SCIF_eiTxISR_des
 .rodata        0x00000000180189c0       0x39 tLogTaskMain.o
 *fill*         0x00000000180189f9        0x3 
 .rodata        0x00000000180189fc      0x15b tBannerMain.o
 *fill*         0x0000000018018b57        0x1 
 .rodata        0x0000000018018b58       0x33 tSCIF.o
 *fill*         0x0000000018018b8b        0x1 
 .rodata        0x0000000018018b8c      0xc54 kernel_cfg.o
                0x0000000018018b8c                _kernel_tmax_tskid
                0x0000000018018b90                _kernel_tinib_table
                0x0000000018018bd8                _kernel_torder_table
                0x0000000018018be4                _kernel_tmax_semid
                0x0000000018018be8                _kernel_seminib_table
                0x0000000018018c00                _kernel_tmax_flgid
                0x0000000018018c04                _kernel_tmax_dtqid
                0x0000000018018c08                _kernel_tmax_pdqid
                0x0000000018018c0c                _kernel_tmax_mtxid
                0x0000000018018c10                _kernel_tmax_mpfid
                0x0000000018018c14                _kernel_tmax_cycid
                0x0000000018018c18                _kernel_tmax_almid
                0x0000000018018c1c                _kernel_tnum_cfg_intno
                0x0000000018018c20                _kernel_intinib_table
                0x0000000018018c44                _kernel_istksz
                0x0000000018018c48                _kernel_istk
                0x0000000018018c4c                _kernel_istkpt
                0x0000000018018c50                _kernel_inh_table
                0x000000001801957c                _kernel_intcfg_table
                0x00000000180197c8                _kernel_exc_table
 .rodata._ZTVN4mbed7TimeoutE
                0x00000000180197e0       0x14 libmbed.a(Timeout.o)
                0x00000000180197e0                vtable for mbed::Timeout
 .rodata._ZTVN4mbed10TimerEventE
                0x00000000180197f4       0x14 libmbed.a(TimerEvent.o)
                0x00000000180197f4                vtable for mbed::TimerEvent
 .rodata._ZTVN4mbed6TickerE
                0x0000000018019808       0x14 libmbed.a(Ticker.o)
                0x0000000018019808                vtable for mbed::Ticker
 .rodata.PIPC_0_tbl
                0x000000001801981c      0x420 libmbed.a(pinmap.o)
 .rodata.us_interface
                0x0000000018019c3c       0x14 libmbed.a(us_ticker_api.o)
 .rodata.us_data
                0x0000000018019c50        0x8 libmbed.a(us_ticker_api.o)
 .rodata        0x0000000018019c58        0x4 ./libkernel.a(target_kernel_impl.o)
                0x0000000018019c58                _kernel_arm_tnum_memory_area
 .rodata        0x0000000018019c5c       0x73 ./libkernel.a(chip_kernel_impl.o)
 *fill*         0x0000000018019ccf        0x1 
 .rodata        0x0000000018019cd0      0x22a ./libkernel.a(core_kernel_impl.o)
 *fill*         0x0000000018019efa        0x2 
 .rodata        0x0000000018019efc       0x77 ./libkernel.a(task.o)
 *fill*         0x0000000018019f73        0x1 
 .rodata        0x0000000018019f74       0x3e ./libkernel.a(time_event.o)
 *fill*         0x0000000018019fb2        0x2 
 .rodata        0x0000000018019fb4       0x38 ./libkernel.a(task_sync.o)
 .rodata        0x0000000018019fec       0x53 ./libkernel.a(semaphore.o)
 *fill*         0x000000001801a03f        0x1 
 .rodata        0x000000001801a040       0xbd ./libkernel.a(wait.o)
 *fill*         0x000000001801a0fd        0x3 
 .rodata.__sf_fake_stderr
                0x000000001801a100       0x20 /usr/local/Cellar/gcc-arm-none-eabi/20171218/bin/../lib/gcc/arm-none-eabi/7.2.1/../../../../arm-none-eabi/lib/thumb/v7-ar/fpv3/hard/libc_nano.a(lib_a-findfp.o)
                0x000000001801a100                __sf_fake_stderr
 .rodata.__sf_fake_stdin
                0x000000001801a120       0x20 /usr/local/Cellar/gcc-arm-none-eabi/20171218/bin/../lib/gcc/arm-none-eabi/7.2.1/../../../../arm-none-eabi/lib/thumb/v7-ar/fpv3/hard/libc_nano.a(lib_a-findfp.o)
                0x000000001801a120                __sf_fake_stdin
 .rodata.__sf_fake_stdout
                0x000000001801a140       0x20 /usr/local/Cellar/gcc-arm-none-eabi/20171218/bin/../lib/gcc/arm-none-eabi/7.2.1/../../../../arm-none-eabi/lib/thumb/v7-ar/fpv3/hard/libc_nano.a(lib_a-findfp.o)
                0x000000001801a140                __sf_fake_stdout
 .rodata._global_impure_ptr
                0x000000001801a160        0x4 /usr/local/Cellar/gcc-arm-none-eabi/20171218/bin/../lib/gcc/arm-none-eabi/7.2.1/../../../../arm-none-eabi/lib/thumb/v7-ar/fpv3/hard/libc_nano.a(lib_a-impure.o)
                0x000000001801a160                _global_impure_ptr
 .rodata._printf_float.str1.1
                0x000000001801a164       0x12 /usr/local/Cellar/gcc-arm-none-eabi/20171218/bin/../lib/gcc/arm-none-eabi/7.2.1/../../../../arm-none-eabi/lib/thumb/v7-ar/fpv3/hard/libc_nano.a(lib_a-nano-vfprintf_float.o)
 .rodata._printf_i.str1.1
                0x000000001801a176       0x22 /usr/local/Cellar/gcc-arm-none-eabi/20171218/bin/../lib/gcc/arm-none-eabi/7.2.1/../../../../arm-none-eabi/lib/thumb/v7-ar/fpv3/hard/libc_nano.a(lib_a-nano-vfprintf_i.o)
 .rodata._scanf_float.str1.1
                0x000000001801a198        0x5 /usr/local/Cellar/gcc-arm-none-eabi/20171218/bin/../lib/gcc/arm-none-eabi/7.2.1/../../../../arm-none-eabi/lib/thumb/v7-ar/fpv3/hard/libc_nano.a(lib_a-nano-vfscanf_float.o)
 .rodata._strtod_l.str1.1
                0x000000001801a19d        0x5 /usr/local/Cellar/gcc-arm-none-eabi/20171218/bin/../lib/gcc/arm-none-eabi/7.2.1/../../../../arm-none-eabi/lib/thumb/v7-ar/fpv3/hard/libc_nano.a(lib_a-strtod.o)
                                          0xc (size before relaxing)
 *fill*         0x000000001801a19d        0x3 
 .rodata.fpi.7431
                0x000000001801a1a0       0x14 /usr/local/Cellar/gcc-arm-none-eabi/20171218/bin/../lib/gcc/arm-none-eabi/7.2.1/../../../../arm-none-eabi/lib/thumb/v7-ar/fpv3/hard/libc_nano.a(lib_a-strtod.o)
 .rodata.fpinan.7467
                0x000000001801a1b4       0x14 /usr/local/Cellar/gcc-arm-none-eabi/20171218/bin/../lib/gcc/arm-none-eabi/7.2.1/../../../../arm-none-eabi/lib/thumb/v7-ar/fpv3/hard/libc_nano.a(lib_a-strtod.o)
 .rodata.tinytens
                0x000000001801a1c8       0x28 /usr/local/Cellar/gcc-arm-none-eabi/20171218/bin/../lib/gcc/arm-none-eabi/7.2.1/../../../../arm-none-eabi/lib/thumb/v7-ar/fpv3/hard/libc_nano.a(lib_a-strtod.o)
 .rodata._dtoa_r.str1.1
                0x000000001801a1f0        0xd /usr/local/Cellar/gcc-arm-none-eabi/20171218/bin/../lib/gcc/arm-none-eabi/7.2.1/../../../../arm-none-eabi/lib/thumb/v7-ar/fpv3/hard/libc_nano.a(lib_a-dtoa.o)
                                          0xf (size before relaxing)
 .rodata._setlocale_r.str1.1
                0x000000001801a1fd        0x8 /usr/local/Cellar/gcc-arm-none-eabi/20171218/bin/../lib/gcc/arm-none-eabi/7.2.1/../../../../arm-none-eabi/lib/thumb/v7-ar/fpv3/hard/libc_nano.a(lib_a-locale.o)
                                          0x9 (size before relaxing)
 .rodata.str1.1
                0x000000001801a205        0x2 /usr/local/Cellar/gcc-arm-none-eabi/20171218/bin/../lib/gcc/arm-none-eabi/7.2.1/../../../../arm-none-eabi/lib/thumb/v7-ar/fpv3/hard/libc_nano.a(lib_a-locale.o)
 *fill*         0x000000001801a207        0x1 
 .rodata.__mprec_bigtens
                0x000000001801a208       0x28 /usr/local/Cellar/gcc-arm-none-eabi/20171218/bin/../lib/gcc/arm-none-eabi/7.2.1/../../../../arm-none-eabi/lib/thumb/v7-ar/fpv3/hard/libc_nano.a(lib_a-mprec.o)
                0x000000001801a208                __mprec_bigtens
 .rodata.__mprec_tens
                0x000000001801a230       0xc8 /usr/local/Cellar/gcc-arm-none-eabi/20171218/bin/../lib/gcc/arm-none-eabi/7.2.1/../../../../arm-none-eabi/lib/thumb/v7-ar/fpv3/hard/libc_nano.a(lib_a-mprec.o)
                0x000000001801a230                __mprec_tens
 .rodata.p05.7359
                0x000000001801a2f8        0xc /usr/local/Cellar/gcc-arm-none-eabi/20171218/bin/../lib/gcc/arm-none-eabi/7.2.1/../../../../arm-none-eabi/lib/thumb/v7-ar/fpv3/hard/libc_nano.a(lib_a-mprec.o)
 .rodata._svfprintf_r.str1.1
                0x000000001801a304       0x11 /usr/local/Cellar/gcc-arm-none-eabi/20171218/bin/../lib/gcc/arm-none-eabi/7.2.1/../../../../arm-none-eabi/lib/thumb/v7-ar/fpv3/hard/libc_nano.a(lib_a-nano-svfprintf.o)
 .rodata._ctype_
                0x000000001801a315      0x101 /usr/local/Cellar/gcc-arm-none-eabi/20171218/bin/../lib/gcc/arm-none-eabi/7.2.1/../../../../arm-none-eabi/lib/thumb/v7-ar/fpv3/hard/libc_nano.a(lib_a-ctype_.o)
                0x000000001801a315                _ctype_
                0x000000001801a416                Image$$RO_DATA$$Limit = .
 *(.eh_frame*)

.glue_7         0x000000001801a418        0x0
 .glue_7        0x000000001801a418        0x0 linker stubs

.glue_7t        0x000000001801a418        0x0
 .glue_7t       0x000000001801a418        0x0 linker stubs

.vfp11_veneer   0x000000001801a418        0x0
 .vfp11_veneer  0x000000001801a418        0x0 linker stubs

.v4_bx          0x000000001801a418        0x0
 .v4_bx         0x000000001801a418        0x0 linker stubs

.iplt           0x000000001801a418        0x0
 .iplt          0x000000001801a418        0x0 start.o

.rel.dyn        0x000000001801a418        0x0
 .rel.iplt      0x000000001801a418        0x0 start.o

.ARM.extab
 *(.ARM.extab* .gnu.linkonce.armextab.*)
                0x000000001801a418                __exidx_start = .

.ARM.exidx
 *(.ARM.exidx* .gnu.linkonce.armexidx.*)
                0x000000001801a418                __exidx_end = .

.copy.table     0x000000001801a416       0x1a
                0x000000001801a418                . = ALIGN (0x4)
 *fill*         0x000000001801a416        0x2 
                0x000000001801a418                __copy_table_start__ = .
                0x000000001801a418        0x4 LONG 0x1801a440 __etext
                0x000000001801a41c        0x4 LONG 0x20020000 __data_start__
                0x000000001801a420        0x4 LONG 0x220 (__data_end__ - __data_start__)
                0x000000001801a424        0x4 LONG 0x1801a660 __etext2
                0x000000001801a428        0x4 LONG 0x20900000 __nc_data_start
                0x000000001801a42c        0x4 LONG 0x0 (__nc_data_end - __nc_data_start)
                0x000000001801a430                __copy_table_end__ = .

.zero.table     0x000000001801a430       0x10
                0x000000001801a430                . = ALIGN (0x4)
                0x000000001801a430                __zero_table_start__ = .
                0x000000001801a430        0x4 LONG 0x20020400 __bss_start__
                0x000000001801a434        0x4 LONG 0x83bc (__bss_end__ - __bss_start__)
                0x000000001801a438        0x4 LONG 0x20900000 __nc_bss_start
                0x000000001801a43c        0x4 LONG 0x0 (__nc_bss_end - __nc_bss_start)
                0x000000001801a440                __zero_table_end__ = .
                0x000000001801a440                __etext = .

.ttb            0x0000000020000000     0x4000
                0x0000000020000000                Image$$TTB$$ZI$$Base = .
                0x0000000020004000                . = (. + 0x4000)
 *fill*         0x0000000020000000     0x4000 
                0x0000000020004000                Image$$TTB$$ZI$$Limit = .

.data           0x0000000020020000      0x220 load address 0x000000001801a440
                0x0000000020020000                Image$$RW_DATA$$Base = .
                0x0000000020020000                __data_start__ = .
 *(vtable)
 *(.data*)
 .data.IRQCount
                0x0000000020020000        0x4 libmbed.a(system_MBRZA1H.o)
                0x0000000020020000                IRQCount
 .data._ZZ5_sbrkE4heap
                0x0000000020020004        0x4 libmbed.a(retarget.o)
 .data.gpio_multi_guard
                0x0000000020020008        0x2 libmbed.a(pinmap.o)
                0x0000000020020008                gpio_multi_guard
 *fill*         0x000000002002000a        0x2 
 .data          0x000000002002000c       0x40 ./libkernel.a(target_kernel_impl.o)
                0x000000002002000c                _kernel_arm_memory_area
 .data._impure_ptr
                0x000000002002004c        0x4 /usr/local/Cellar/gcc-arm-none-eabi/20171218/bin/../lib/gcc/arm-none-eabi/7.2.1/../../../../arm-none-eabi/lib/thumb/v7-ar/fpv3/hard/libc_nano.a(lib_a-impure.o)
                0x000000002002004c                _impure_ptr
 .data.impure_data
                0x0000000020020050       0x60 /usr/local/Cellar/gcc-arm-none-eabi/20171218/bin/../lib/gcc/arm-none-eabi/7.2.1/../../../../arm-none-eabi/lib/thumb/v7-ar/fpv3/hard/libc_nano.a(lib_a-impure.o)
 .data.__global_locale
                0x00000000200200b0      0x16c /usr/local/Cellar/gcc-arm-none-eabi/20171218/bin/../lib/gcc/arm-none-eabi/7.2.1/../../../../arm-none-eabi/lib/thumb/v7-ar/fpv3/hard/libc_nano.a(lib_a-locale.o)
                0x00000000200200b0                __global_locale
                0x000000002002021c                Image$$RW_DATA$$Limit = .
                0x000000002002021c                . = ALIGN (0x4)
                0x000000002002021c                PROVIDE (__preinit_array_start, .)
 *(.preinit_array)
                0x000000002002021c                PROVIDE (__preinit_array_end, .)
                0x000000002002021c                . = ALIGN (0x4)
                0x000000002002021c                PROVIDE (__init_array_start, .)
 *(SORT_BY_NAME(.init_array.*))
 *(.init_array)
 .init_array    0x000000002002021c        0x4 blinky.o
                0x0000000020020220                PROVIDE (__init_array_end, .)
                0x0000000020020220                . = ALIGN (0x4)
                [!provide]                        PROVIDE (__fini_array_start, .)
 *(SORT_BY_NAME(.fini_array.*))
 *(.fini_array)
                [!provide]                        PROVIDE (__fini_array_end, .)
                0x0000000020020220                . = ALIGN (0x4)
                0x0000000020020220                __data_end__ = .

.igot.plt       0x0000000020020220        0x0 load address 0x000000001801a660
 .igot.plt      0x0000000020020220        0x0 start.o

.bss            0x0000000020020400     0x83bc load address 0x000000001801a840
                0x0000000020020400                Image$$ZI_DATA$$Base = .
                0x0000000020020400                __bss_start__ = .
 *(.bss*)
 .bss._ZL7flipper
                0x0000000020020400       0x30 blinky.o
 .bss._ZL4ledu  0x0000000020020430       0x18 blinky.o
 .bss._ZL4ledr  0x0000000020020448       0x84 blinky.o
 .bss._ZL4ledg  0x00000000200204cc       0x84 blinky.o
 .bss._ZL4ledb  0x0000000020020550       0x84 blinky.o
 .bss._ZL8syscnt_u
                0x00000000200205d4        0x4 blinky.o
 .bss._ZL8syscnt_r
                0x00000000200205d8        0x4 blinky.o
 .bss._ZL8syscnt_g
                0x00000000200205dc        0x4 blinky.o
 .bss._ZL8syscnt_b
                0x00000000200205e0        0x4 blinky.o
 .bss._ZL8flg_ledu
                0x00000000200205e4        0x4 blinky.o
 .bss._ZL8flg_ledr
                0x00000000200205e8        0x4 blinky.o
 .bss._ZL8flg_ledg
                0x00000000200205ec        0x4 blinky.o
 .bss._ZL8flg_ledb
                0x00000000200205f0        0x4 blinky.o
 *fill*         0x00000000200205f4        0x4 
 .bss           0x00000000200205f8     0x3800 kernel_cfg.o
 .bss.Sect_Normal
                0x0000000020023df8        0x4 libmbed.a(mmu_Renesas_RZ_A1.o)
 .bss.Sect_Normal_NC
                0x0000000020023dfc        0x4 libmbed.a(mmu_Renesas_RZ_A1.o)
 .bss.Sect_Normal_Cod
                0x0000000020023e00        0x4 libmbed.a(mmu_Renesas_RZ_A1.o)
 .bss.Sect_Normal_RO
                0x0000000020023e04        0x4 libmbed.a(mmu_Renesas_RZ_A1.o)
 .bss.Sect_Normal_RW
                0x0000000020023e08        0x4 libmbed.a(mmu_Renesas_RZ_A1.o)
 .bss.Sect_Device_RO
                0x0000000020023e0c        0x4 libmbed.a(mmu_Renesas_RZ_A1.o)
 .bss.Sect_Device_RW
                0x0000000020023e10        0x4 libmbed.a(mmu_Renesas_RZ_A1.o)
 .bss.Page_L1_4k
                0x0000000020023e14        0x4 libmbed.a(mmu_Renesas_RZ_A1.o)
 .bss.Page_L1_64k
                0x0000000020023e18        0x4 libmbed.a(mmu_Renesas_RZ_A1.o)
 .bss.Page_4k_Device_RW
                0x0000000020023e1c        0x4 libmbed.a(mmu_Renesas_RZ_A1.o)
 .bss.Page_64k_Device_RW
                0x0000000020023e20        0x4 libmbed.a(mmu_Renesas_RZ_A1.o)
 .bss.__dso_handle
                0x0000000020023e24        0x4 libmbed.a(common.o)
                0x0000000020023e24                __dso_handle
 .bss.events    0x0000000020023e28        0x8 libmbed.a(us_ticker_api.o)
 .bss.us_ticker_inited
                0x0000000020023e30        0x4 libmbed.a(us_ticker.o)
                0x0000000020023e30                us_ticker_inited
 *fill*         0x0000000020023e34        0x4 
 .bss.count_clock
                0x0000000020023e38        0x8 libmbed.a(us_ticker.o)
 .bss.last_read
                0x0000000020023e40        0x4 libmbed.a(us_ticker.o)
 .bss.wrap_arround
                0x0000000020023e44        0x4 libmbed.a(us_ticker.o)
 .bss.ticker_us_last64
                0x0000000020023e48        0x8 libmbed.a(us_ticker.o)
 *fill*         0x0000000020023e50      0x1b0 
 .bss           0x0000000020024000     0x4000 ./libkernel.a(core_kernel_impl.o)
 .bss           0x0000000020028000        0x4 ./libkernel.a(startup.o)
                0x0000000020028000                _kernel_kerflg
 .bss           0x0000000020028004        0xc ./libkernel.a(taskhook.o)
                0x0000000020028004                _kernel_mtxhook_check_ceilpri
                0x0000000020028008                _kernel_mtxhook_scan_ceilmtx
                0x000000002002800c                _kernel_mtxhook_release_all
 .bss.__malloc_free_list
                0x0000000020028010        0x4 /usr/local/Cellar/gcc-arm-none-eabi/20171218/bin/../lib/gcc/arm-none-eabi/7.2.1/../../../../arm-none-eabi/lib/thumb/v7-ar/fpv3/hard/libc_nano.a(lib_a-nano-mallocr.o)
                0x0000000020028010                __malloc_free_list
 .bss.__malloc_sbrk_start
                0x0000000020028014        0x4 /usr/local/Cellar/gcc-arm-none-eabi/20171218/bin/../lib/gcc/arm-none-eabi/7.2.1/../../../../arm-none-eabi/lib/thumb/v7-ar/fpv3/hard/libc_nano.a(lib_a-nano-mallocr.o)
                0x0000000020028014                __malloc_sbrk_start
 *(COMMON)
 COMMON         0x0000000020028018      0x234 tSerialPortMain_tecsgen.o
                0x0000000020028018                tSerialPortMain_SerialPort1_SerialPortMain_CB_receiveBuffer_INIT
                0x0000000020028118                tSerialPortMain_SerialPort1_SerialPortMain_CB_sendBuffer_INIT
                0x0000000020028218                tSerialPortMain_CB_tab
 COMMON         0x000000002002824c      0x41c tSysLog_tecsgen.o
                0x000000002002824c                tSysLog_SINGLE_CELL_CB
                0x0000000020028268                tSysLog_SINGLE_CELL_CB_logBuffer_INIT
 COMMON         0x0000000020028668        0x8 tSCIF_tecsgen.o
                0x0000000020028668                tSCIF_CB_tab
 COMMON         0x0000000020028670       0x90 kernel_cfg.o
                0x0000000020028670                _kernel_pdqinib_table
                0x0000000020028670                _kernel_cyccb_table
                0x0000000020028670                _kernel_mtxcb_table
                0x0000000020028670                _kernel_pdqcb_table
                0x0000000020028670                _kernel_dtqinib_table
                0x0000000020028670                _kernel_dtqcb_table
                0x0000000020028670                _kernel_semcb_table
                0x0000000020028690                _kernel_flginib_table
                0x0000000020028690                _kernel_alminib_table
                0x0000000020028690                _kernel_tmevt_heap
                0x00000000200286a0                _kernel_almcb_table
                0x00000000200286a0                _kernel_mtxinib_table
                0x00000000200286a0                _kernel_cycinib_table
                0x00000000200286a0                _kernel_mpfcb_table
                0x00000000200286a0                _kernel_tcb_table
                0x0000000020028700                _kernel_mpfinib_table
                0x0000000020028700                _kernel_flgcb_table
 COMMON         0x0000000020028700        0x4 ./libkernel.a(core_kernel_impl.o)
                0x0000000020028700                _kernel_excpt_nest_count
 COMMON         0x0000000020028704       0x94 ./libkernel.a(task.o)
                0x0000000020028704                _kernel_p_schedtsk
                0x0000000020028708                _kernel_ready_queue
                0x0000000020028788                _kernel_dspflg
                0x000000002002878c                _kernel_ready_primap
                0x0000000020028790                _kernel_p_runtsk
                0x0000000020028794                _kernel_enadsp
 COMMON         0x0000000020028798       0x20 ./libkernel.a(time_event.o)
                0x0000000020028798                _kernel_monotonic_evttim
                0x000000002002879c                _kernel_in_signal_time
                0x00000000200287a0                _kernel_boundary_evttim
                0x00000000200287a4                _kernel_current_evttim
                0x00000000200287a8                _kernel_current_hrtcnt
                0x00000000200287b0                _kernel_systim_offset
 COMMON         0x00000000200287b8        0x4 /usr/local/Cellar/gcc-arm-none-eabi/20171218/bin/../lib/gcc/arm-none-eabi/7.2.1/../../../../arm-none-eabi/lib/thumb/v7-ar/fpv3/hard/libc_nano.a(lib_a-reent.o)
                0x00000000200287b8                errno
                0x00000000200287bc                __bss_end__ = .
                0x00000000200287bc                Image$$ZI_DATA$$Limit = .

.heap           0x00000000200287c0    0x80000
                0x00000000200287c0                __end__ = .
                0x00000000200287c0                end = __end__
 *(.heap*)
 .heap          0x00000000200287c0    0x80000 libmbed.a(startup_RZ1AH.o)
                0x00000000200287c0                __HeapBase
                0x00000000200a87c0                __HeapLimit = .

.stack_dummy    0x00000000200287c0    0x14300
 *(.stack)
 .stack         0x00000000200287c0    0x14300 libmbed.a(startup_RZ1AH.o)
                0x000000001801a660                __etext2 = (__etext + SIZEOF (.data))

.nc_data        0x0000000020900000        0x0 load address 0x000000001801a660
                0x0000000020900000                Image$$RW_DATA_NC$$Base = .
                0x0000000020900000                __nc_data_start = .
 *(NC_DATA)
                0x0000000020900000                . = ALIGN (0x4)
                0x0000000020900000                __nc_data_end = .
                0x0000000020900000                Image$$RW_DATA_NC$$Limit = .

.nc_bss         0x0000000020900000        0x0
                0x0000000020900000                Image$$ZI_DATA_NC$$Base = .
                0x0000000020900000                __nc_bss_start = .
 *(NC_BSS)
                0x0000000020900000                . = ALIGN (0x4)
                0x0000000020900000                __nc_bss_end = .
                0x0000000020900000                Image$$ZI_DATA_NC$$Limit = .
                0x0000000020720000                __StackTop = (ORIGIN (RAM) + LENGTH (RAM))
                0x000000002070bd00                __StackLimit = (__StackTop - SIZEOF (.stack_dummy))
                [!provide]                        PROVIDE (__stack, __StackTop)
                0x0000000000000001                ASSERT ((__StackLimit >= __HeapLimit), region RAM overflowed with stack)
OUTPUT(asp elf32-littlearm)

.ARM.attributes
                0x0000000000000000       0x39
 .ARM.attributes
                0x0000000000000000       0x29 start.o
 .ARM.attributes
                0x0000000000000029       0x3d log_output.o
 .ARM.attributes
                0x0000000000000066       0x3b blinky.o
 .ARM.attributes
                0x00000000000000a1       0x3d sf_boot.o
 .ARM.attributes
                0x00000000000000de       0x3d tTask_tecsgen.o
 .ARM.attributes
                0x000000000000011b       0x3d tSemaphore_tecsgen.o
 .ARM.attributes
                0x0000000000000158       0x3d tInterruptRequest_tecsgen.o
 .ARM.attributes
                0x0000000000000195       0x3d tISR_tecsgen.o
 .ARM.attributes
                0x00000000000001d2       0x3d tInitializeRoutine_tecsgen.o
 .ARM.attributes
                0x000000000000020f       0x3d tTerminateRoutine_tecsgen.o
 .ARM.attributes
                0x000000000000024c       0x3d tSerialPortMain_tecsgen.o
 .ARM.attributes
                0x0000000000000289       0x3d tSerialAdapter_tecsgen.o
 .ARM.attributes
                0x00000000000002c6       0x3d tSysLog_tecsgen.o
 .ARM.attributes
                0x0000000000000303       0x3d tSysLogAdapter_tecsgen.o
 .ARM.attributes
                0x0000000000000340       0x3d tLogTaskMain_tecsgen.o
 .ARM.attributes
                0x000000000000037d       0x3d tBannerMain_tecsgen.o
 .ARM.attributes
                0x00000000000003ba       0x3d tPutLogGRPeach_tecsgen.o
 .ARM.attributes
                0x00000000000003f7       0x3d tSCIF_tecsgen.o
 .ARM.attributes
                0x0000000000000434       0x3d tSIOPortGRPeachMain_tecsgen.o
 .ARM.attributes
                0x0000000000000471       0x3d tTask.o
 .ARM.attributes
                0x00000000000004ae       0x3d tISR.o
 .ARM.attributes
                0x00000000000004eb       0x3d tInitializeRoutine.o
 .ARM.attributes
                0x0000000000000528       0x3d tTerminateRoutine.o
 .ARM.attributes
                0x0000000000000565       0x3d tSerialPortMain.o
 .ARM.attributes
                0x00000000000005a2       0x3d tSysLog.o
 .ARM.attributes
                0x00000000000005df       0x3d tSysLogAdapter.o
 .ARM.attributes
                0x000000000000061c       0x3d tLogTaskMain.o
 .ARM.attributes
                0x0000000000000659       0x3d tBannerMain.o
 .ARM.attributes
                0x0000000000000696       0x3d tPutLogGRPeach.o
 .ARM.attributes
                0x00000000000006d3       0x3d tSCIF.o
 .ARM.attributes
                0x0000000000000710       0x3d init_tecs.o
 .ARM.attributes
                0x000000000000074d       0x3d kernel_cfg.o
 .ARM.attributes
                0x000000000000078a       0x29 libmbed.a(startup_RZ1AH.o)
 .ARM.attributes
                0x00000000000007b3       0x3b libmbed.a(RZ_A1_Init.o)
 .ARM.attributes
                0x00000000000007ee       0x3b libmbed.a(mmu_Renesas_RZ_A1.o)
 .ARM.attributes
                0x0000000000000829       0x3b libmbed.a(system_MBRZA1H.o)
 .ARM.attributes
                0x0000000000000864       0x3b libmbed.a(gpio.o)
 .ARM.attributes
                0x000000000000089f       0x3b libmbed.a(common.o)
 .ARM.attributes
                0x00000000000008da       0x3b libmbed.a(Timeout.o)
 .ARM.attributes
                0x0000000000000915       0x3b libmbed.a(TimerEvent.o)
 .ARM.attributes
                0x0000000000000950       0x3b libmbed.a(retarget.o)
 .ARM.attributes
                0x000000000000098b       0x3b libmbed.a(Ticker.o)
 .ARM.attributes
                0x00000000000009c6       0x3b libmbed.a(SoftPWM.o)
 .ARM.attributes
                0x0000000000000a01       0x29 libmbed.a(cache.o)
 .ARM.attributes
                0x0000000000000a2a       0x3b libmbed.a(gic.o)
 .ARM.attributes
                0x0000000000000a65       0x3b libmbed.a(pl310.o)
 .ARM.attributes
                0x0000000000000aa0       0x3b libmbed.a(gpio_api.o)
 .ARM.attributes
                0x0000000000000adb       0x3b libmbed.a(pinmap.o)
 .ARM.attributes
                0x0000000000000b16       0x3b libmbed.a(board.o)
 .ARM.attributes
                0x0000000000000b51       0x3b libmbed.a(us_ticker_api.o)
 .ARM.attributes
                0x0000000000000b8c       0x3b libmbed.a(wait_api.o)
 .ARM.attributes
                0x0000000000000bc7       0x3b libmbed.a(ticker_api.o)
 .ARM.attributes
                0x0000000000000c02       0x3b libmbed.a(us_ticker.o)
 .ARM.attributes
                0x0000000000000c3d       0x29 ./libkernel.a(target_support.o)
 .ARM.attributes
                0x0000000000000c66       0x29 ./libkernel.a(core_support.o)
 .ARM.attributes
                0x0000000000000c8f       0x3d ./libkernel.a(target_kernel_impl.o)
 .ARM.attributes
                0x0000000000000ccc       0x3d ./libkernel.a(pl310.o)
 .ARM.attributes
                0x0000000000000d09       0x3d ./libkernel.a(chip_kernel_impl.o)
 .ARM.attributes
                0x0000000000000d46       0x3d ./libkernel.a(gic_kernel_impl.o)
 .ARM.attributes
                0x0000000000000d83       0x3d ./libkernel.a(chip_timer.o)
 .ARM.attributes
                0x0000000000000dc0       0x3d ./libkernel.a(core_kernel_impl.o)
 .ARM.attributes
                0x0000000000000dfd       0x3d ./libkernel.a(arm.o)
 .ARM.attributes
                0x0000000000000e3a       0x3d ./libkernel.a(startup.o)
 .ARM.attributes
                0x0000000000000e77       0x3d ./libkernel.a(task.o)
 .ARM.attributes
                0x0000000000000eb4       0x3d ./libkernel.a(taskhook.o)
 .ARM.attributes
                0x0000000000000ef1       0x3d ./libkernel.a(time_event.o)
 .ARM.attributes
                0x0000000000000f2e       0x3d ./libkernel.a(task_sync.o)
 .ARM.attributes
                0x0000000000000f6b       0x3d ./libkernel.a(task_term.o)
 .ARM.attributes
                0x0000000000000fa8       0x3d ./libkernel.a(semaphore.o)
 .ARM.attributes
                0x0000000000000fe5       0x3d ./libkernel.a(sys_manage.o)
 .ARM.attributes
                0x0000000000001022       0x3d ./libkernel.a(interrupt.o)
 .ARM.attributes
                0x000000000000105f       0x29 ./libkernel.a(gic_support.o)
 .ARM.attributes
                0x0000000000001088       0x3d ./libkernel.a(wait.o)
 .ARM.attributes
                0x00000000000010c5       0x1b /usr/local/Cellar/gcc-arm-none-eabi/20171218/bin/../lib/gcc/arm-none-eabi/7.2.1/thumb/v7-ar/fpv3/hard/libgcc.a(_udivsi3.o)
 .ARM.attributes
                0x00000000000010e0       0x1b /usr/local/Cellar/gcc-arm-none-eabi/20171218/bin/../lib/gcc/arm-none-eabi/7.2.1/thumb/v7-ar/fpv3/hard/libgcc.a(_divsi3.o)
 .ARM.attributes